#
# There is insufficient memory for the Java Runtime Environment to continue.
# Native memory allocation (malloc) failed to allocate 32744 bytes for ChunkPool::allocate
# Possible reasons:
#   The system is out of physical RAM or swap space
#   The process is running with CompressedOops enabled, and the Java Heap may be blocking the growth of the native heap
# Possible solutions:
#   Reduce memory load on the system
#   Increase physical memory or swap space
#   Check if swap backing store is full
#   Decrease Java heap size (-Xmx/-Xms)
#   Decrease number of Java threads
#   Decrease Java thread stack sizes (-Xss)
#   Set larger code cache with -XX:ReservedCodeCacheSize=
#   JVM is running with Unscaled Compressed Oops mode in which the Java heap is
#     placed in the first 4GB address space. The Java Heap base address is the
#     maximum limit for the native heap growth. Please use -XX:HeapBaseMinAddress
#     to set the Java Heap base and to place the Java Heap above 4GB virtual address.
# This output file may be truncated or incomplete.
#
#  Out of Memory Error (./open/src/hotspot/share/memory/arena.cpp:81), pid=28512, tid=16560
#
# JRE version: Java(TM) SE Runtime Environment 18.9 (11.0.21+9) (build 11.0.21+9-LTS-193)
# Java VM: Java HotSpot(TM) 64-Bit Server VM 18.9 (11.0.21+9-LTS-193, mixed mode, tiered, compressed oops, g1 gc, windows-amd64)
# No core dump will be written. Minidumps are not enabled by default on client versions of Windows
#

---------------  S U M M A R Y ------------

Command Line: -ea -Dfile.encoding=UTF-8 -Dstdout.encoding=UTF-8 -Dstderr.encoding=UTF-8 org.testng.remote.RemoteTestNG -serport 56051 -protocol json -d C:\Users\Rajeev nandi\git\Main\Main\Octopussaas_main_Framework\test-output C:\Users\Rajeev nandi\AppData\Local\Temp\testng-eclipse-825417251\testng-customsuite.xml

Host: 11th Gen Intel(R) Core(TM) i5-1135G7 @ 2.40GHz, 8 cores, 7G,  Windows 11 , 64 bit Build 26100 (10.0.26100.9168)
Time: Wed Aug 19 12:28:02 2026 India Standard Time elapsed time: 59.748249 seconds (0d 0h 0m 59s)

---------------  T H R E A D  ---------------

Current thread (0x000001f44d7d3000):  JavaThread "C2 CompilerThread0" daemon [_thread_in_native, id=16560, stack(0x00000081f3900000,0x00000081f3a00000)]


Current CompileTask:
C2:  59748 2605       4       jdk.internal.org.objectweb.asm.Frame::execute (2264 bytes)

Stack: [0x00000081f3900000,0x00000081f3a00000]
Native frames: (J=compiled Java code, j=interpreted, Vv=VM code, C=native code)
V  [jvm.dll+0x66058a]
V  [jvm.dll+0x7a362f]
V  [jvm.dll+0x7a4cf9]
V  [jvm.dll+0x7a5393]
V  [jvm.dll+0x258f55]
V  [jvm.dll+0xb2c7f]
V  [jvm.dll+0xb2fcc]
V  [jvm.dll+0x5eea62]
V  [jvm.dll+0x5eec0a]
V  [jvm.dll+0x5f35ee]
V  [jvm.dll+0x5f3dda]
V  [jvm.dll+0x5f2a87]
V  [jvm.dll+0x211ab5]
V  [jvm.dll+0x210c08]
V  [jvm.dll+0x18cdb1]
V  [jvm.dll+0x220e99]
V  [jvm.dll+0x21f1bc]
V  [jvm.dll+0x7673c1]
V  [jvm.dll+0x75fc44]
V  [jvm.dll+0x65f435]
C  [ucrtbase.dll+0x2cd30]
C  [KERNEL32.DLL+0x2ccb7]
C  [ntdll.dll+0xaad6c]


---------------  P R O C E S S  ---------------

Threads class SMR info:
_java_thread_list=0x000001f44ebacef0, length=32, elements={
0x000001f42f15d800, 0x000001f44cf71000, 0x000001f44cf7c000, 0x000001f44d7ce800,
0x000001f44d7cf800, 0x000001f44d7d0800, 0x000001f44d7d3000, 0x000001f44d7e8000,
0x000001f44d7fe000, 0x000001f44d96f800, 0x000001f44e67e800, 0x000001f44ea6c800,
0x000001f44e991800, 0x000001f44e9ad800, 0x000001f44e96b800, 0x000001f44e89f800,
0x000001f44e7bb000, 0x000001f44e98d000, 0x000001f44e2ed800, 0x000001f44e2ec000,
0x000001f44e2ed000, 0x000001f44e2ef800, 0x000001f44e2f0000, 0x000001f44e2f1800,
0x000001f44e2f2800, 0x000001f44e2f1000, 0x000001f44ebbe800, 0x000001f44ebc1800,
0x000001f44ebc0800, 0x000001f44ebc0000, 0x000001f44ebbf000, 0x000001f44ebc3000
}

Java Threads: ( => current thread )
  0x000001f42f15d800 JavaThread "Forwarding findElement on session fb390ac18d8bea593cfe819a2dd4ae40 to remote" [_thread_blocked, id=32440, stack(0x00000081f2d00000,0x00000081f2e00000)]
  0x000001f44cf71000 JavaThread "Reference Handler" daemon [_thread_blocked, id=3972, stack(0x00000081f3400000,0x00000081f3500000)]
  0x000001f44cf7c000 JavaThread "Finalizer" daemon [_thread_blocked, id=32060, stack(0x00000081f3500000,0x00000081f3600000)]
  0x000001f44d7ce800 JavaThread "Signal Dispatcher" daemon [_thread_blocked, id=10264, stack(0x00000081f3600000,0x00000081f3700000)]
  0x000001f44d7cf800 JavaThread "Attach Listener" daemon [_thread_blocked, id=29084, stack(0x00000081f3700000,0x00000081f3800000)]
  0x000001f44d7d0800 JavaThread "Service Thread" daemon [_thread_blocked, id=1956, stack(0x00000081f3800000,0x00000081f3900000)]
=>0x000001f44d7d3000 JavaThread "C2 CompilerThread0" daemon [_thread_in_native, id=16560, stack(0x00000081f3900000,0x00000081f3a00000)]
  0x000001f44d7e8000 JavaThread "C1 CompilerThread0" daemon [_thread_blocked, id=31280, stack(0x00000081f3a00000,0x00000081f3b00000)]
  0x000001f44d7fe000 JavaThread "Sweeper thread" daemon [_thread_blocked, id=24332, stack(0x00000081f3b00000,0x00000081f3c00000)]
  0x000001f44d96f800 JavaThread "Common-Cleaner" daemon [_thread_blocked, id=30100, stack(0x00000081f3d00000,0x00000081f3e00000)]
  0x000001f44e67e800 JavaThread "ReaderThread" [_thread_in_native, id=5544, stack(0x00000081f3f00000,0x00000081f4000000)]
  0x000001f44ea6c800 JavaThread "ForkJoinPool.commonPool-worker-3" daemon [_thread_blocked, id=25252, stack(0x00000081f4300000,0x00000081f4400000)]
  0x000001f44e991800 JavaThread "ForkJoinPool.commonPool-worker-5" daemon [_thread_blocked, id=16244, stack(0x00000081f4400000,0x00000081f4500000)]
  0x000001f44e9ad800 JavaThread "ForkJoinPool.commonPool-worker-7" daemon [_thread_blocked, id=30224, stack(0x00000081f4500000,0x00000081f4600000)]
  0x000001f44e96b800 JavaThread "ForkJoinPool.commonPool-worker-9" daemon [_thread_blocked, id=25772, stack(0x00000081f4600000,0x00000081f4700000)]
  0x000001f44e89f800 JavaThread "ForkJoinPool.commonPool-worker-11" daemon [_thread_blocked, id=3460, stack(0x00000081f4700000,0x00000081f4800000)]
  0x000001f44e7bb000 JavaThread "ForkJoinPool.commonPool-worker-13" daemon [_thread_blocked, id=25640, stack(0x00000081f4800000,0x00000081f4900000)]
  0x000001f44e98d000 JavaThread "ForkJoinPool.commonPool-worker-15" daemon [_thread_blocked, id=22212, stack(0x00000081f4900000,0x00000081f4a00000)]
  0x000001f44e2ed800 JavaThread "HttpClient-1-SelectorManager" daemon [_thread_in_native, id=8628, stack(0x00000081f4b00000,0x00000081f4c00000)]
  0x000001f44e2ec000 JavaThread "External Process Output Forwarder - C:\Users\Rajeev nandi\.cache\selenium\chromedriver\win64\151.0.7922.138\chromedriver.exe" daemon [_thread_in_native, id=25752, stack(0x00000081f4c00000,0x00000081f4d00000)]
  0x000001f44e2ed000 JavaThread "Driver Service Executor" daemon [_thread_blocked, id=12344, stack(0x00000081f4d00000,0x00000081f4e00000)]
  0x000001f44e2ef800 JavaThread "Driver Service Executor" daemon [_thread_blocked, id=17240, stack(0x00000081f4e00000,0x00000081f4f00000)]
  0x000001f44e2f0000 JavaThread "UrlChecker-2" daemon [_thread_blocked, id=19336, stack(0x00000081f4f00000,0x00000081f5000000)]
  0x000001f44e2f1800 JavaThread "JdkHttpClient-0-0" daemon [_thread_blocked, id=7128, stack(0x00000081f5100000,0x00000081f5200000)]
  0x000001f44e2f2800 JavaThread "CompletableFutureDelayScheduler" daemon [_thread_blocked, id=22888, stack(0x00000081f5200000,0x00000081f5300000)]
  0x000001f44e2f1000 JavaThread "JdkHttpClient-0-1" daemon [_thread_blocked, id=16104, stack(0x00000081f5300000,0x00000081f5400000)]
  0x000001f44ebbe800 JavaThread "JdkHttpClient-0-2" daemon [_thread_blocked, id=15100, stack(0x00000081f5400000,0x00000081f5500000)]
  0x000001f44ebc1800 JavaThread "HttpClient-2-SelectorManager" daemon [_thread_in_native, id=1244, stack(0x00000081f5500000,0x00000081f5600000)]
  0x000001f44ebc0800 JavaThread "JdkHttpClient-1-0" daemon [_thread_blocked, id=18380, stack(0x00000081f5600000,0x00000081f5700000)]
  0x000001f44ebc0000 JavaThread "JdkHttpClient-1-1" daemon [_thread_blocked, id=2968, stack(0x00000081f5700000,0x00000081f5800000)]
  0x000001f44ebbf000 JavaThread "JdkHttpClient-1-2" daemon [_thread_blocked, id=3024, stack(0x00000081f5800000,0x00000081f5900000)]
  0x000001f44ebc3000 JavaThread "JdkHttpClient-1-3" daemon [_thread_blocked, id=18064, stack(0x00000081f5900000,0x00000081f5a00000)]

Other Threads:
  0x000001f44cf6d800 VMThread "VM Thread" [stack: 0x00000081f3300000,0x00000081f3400000] [id=6736]
  0x000001f44d961000 WatcherThread [stack: 0x00000081f3c00000,0x00000081f3d00000] [id=27112]
  0x000001f42f172800 GCTaskThread "GC Thread#0" [stack: 0x00000081f2e00000,0x00000081f2f00000] [id=23384]
  0x000001f44e671800 GCTaskThread "GC Thread#1" [stack: 0x00000081f4000000,0x00000081f4100000] [id=1856]
  0x000001f44e629800 GCTaskThread "GC Thread#2" [stack: 0x00000081f4100000,0x00000081f4200000] [id=25864]
  0x000001f44e68b800 GCTaskThread "GC Thread#3" [stack: 0x00000081f4200000,0x00000081f4300000] [id=19004]
  0x000001f42f1a6800 ConcurrentGCThread "G1 Main Marker" [stack: 0x00000081f2f00000,0x00000081f3000000] [id=19868]
  0x000001f42f1b0800 ConcurrentGCThread "G1 Conc#0" [stack: 0x00000081f3000000,0x00000081f3100000] [id=19848]
  0x000001f44e8f4800 ConcurrentGCThread "G1 Conc#1" [stack: 0x00000081f4a00000,0x00000081f4b00000] [id=2820]
  0x000001f42f1a8000 ConcurrentGCThread "G1 Refine#0" [stack: 0x00000081f3100000,0x00000081f3200000] [id=12056]
  0x000001f44cda6800 ConcurrentGCThread "G1 Young RemSet Sampling" [stack: 0x00000081f3200000,0x00000081f3300000] [id=7376]

Threads with active compile tasks:
C2 CompilerThread0    59816 2605       4       jdk.internal.org.objectweb.asm.Frame::execute (2264 bytes)

VM state:not at safepoint (normal execution)

VM Mutex/Monitor currently owned by a thread: None

Heap address: 0x0000000084000000, size: 1984 MB, Compressed Oops mode: 32-bit
Narrow klass base: 0x0000000000000000, Narrow klass shift: 3
Compressed class space size: 1073741824 Address: 0x0000000100000000

Heap:
 garbage-first heap   total 126976K, used 36014K [0x0000000084000000, 0x0000000100000000)
  region size 1024K, 29 young (29696K), 3 survivors (3072K)
 Metaspace       used 28394K, capacity 29706K, committed 29824K, reserved 1075200K
  class space    used 3309K, capacity 3874K, committed 3968K, reserved 1048576K
Heap Regions: E=young(eden), S=young(survivor), O=old, HS=humongous(starts), HC=humongous(continues), CS=collection set, F=free, A=archive, TAMS=top-at-mark-start (previous, next)
|   0|0x0000000084000000, 0x0000000084100000, 0x0000000084100000|100%|HS|  |TAMS 0x0000000084100000, 0x0000000084000000| Complete 
|   1|0x0000000084100000, 0x0000000084200000, 0x0000000084200000|100%| O|  |TAMS 0x0000000084200000, 0x0000000084100000| Untracked 
|   2|0x0000000084200000, 0x0000000084300000, 0x0000000084300000|100%| O|  |TAMS 0x0000000084300000, 0x0000000084200000| Untracked 
|   3|0x0000000084300000, 0x0000000084400000, 0x0000000084400000|100%| O|  |TAMS 0x0000000084400000, 0x0000000084300000| Untracked 
|   4|0x0000000084400000, 0x0000000084500000, 0x0000000084500000|100%| O|  |TAMS 0x0000000084500000, 0x0000000084400000| Untracked 
|   5|0x0000000084500000, 0x0000000084600000, 0x0000000084600000|100%| O|  |TAMS 0x0000000084600000, 0x0000000084500000| Untracked 
|   6|0x0000000084600000, 0x0000000084700000, 0x0000000084700000|100%| O|  |TAMS 0x0000000084700000, 0x0000000084600000| Untracked 
|   7|0x0000000084700000, 0x000000008477b800, 0x0000000084800000| 48%| O|  |TAMS 0x000000008477b800, 0x0000000084700000| Untracked 
|   8|0x0000000084800000, 0x0000000084800000, 0x0000000084900000|  0%| F|  |TAMS 0x0000000084800000, 0x0000000084800000| Untracked 
|   9|0x0000000084900000, 0x0000000084900000, 0x0000000084a00000|  0%| F|  |TAMS 0x0000000084900000, 0x0000000084900000| Untracked 
|  10|0x0000000084a00000, 0x0000000084a00000, 0x0000000084b00000|  0%| F|  |TAMS 0x0000000084a00000, 0x0000000084a00000| Untracked 
|  11|0x0000000084b00000, 0x0000000084b00000, 0x0000000084c00000|  0%| F|  |TAMS 0x0000000084b00000, 0x0000000084b00000| Untracked 
|  12|0x0000000084c00000, 0x0000000084c00000, 0x0000000084d00000|  0%| F|  |TAMS 0x0000000084c00000, 0x0000000084c00000| Untracked 
|  13|0x0000000084d00000, 0x0000000084d00000, 0x0000000084e00000|  0%| F|  |TAMS 0x0000000084d00000, 0x0000000084d00000| Untracked 
|  14|0x0000000084e00000, 0x0000000084e00000, 0x0000000084f00000|  0%| F|  |TAMS 0x0000000084e00000, 0x0000000084e00000| Untracked 
|  15|0x0000000084f00000, 0x0000000084f00000, 0x0000000085000000|  0%| F|  |TAMS 0x0000000084f00000, 0x0000000084f00000| Untracked 
|  16|0x0000000085000000, 0x0000000085000000, 0x0000000085100000|  0%| F|  |TAMS 0x0000000085000000, 0x0000000085000000| Untracked 
|  17|0x0000000085100000, 0x0000000085100000, 0x0000000085200000|  0%| F|  |TAMS 0x0000000085100000, 0x0000000085100000| Untracked 
|  18|0x0000000085200000, 0x0000000085200000, 0x0000000085300000|  0%| F|  |TAMS 0x0000000085200000, 0x0000000085200000| Untracked 
|  19|0x0000000085300000, 0x0000000085300000, 0x0000000085400000|  0%| F|  |TAMS 0x0000000085300000, 0x0000000085300000| Untracked 
|  20|0x0000000085400000, 0x0000000085400000, 0x0000000085500000|  0%| F|  |TAMS 0x0000000085400000, 0x0000000085400000| Untracked 
|  21|0x0000000085500000, 0x0000000085500000, 0x0000000085600000|  0%| F|  |TAMS 0x0000000085500000, 0x0000000085500000| Untracked 
|  22|0x0000000085600000, 0x0000000085600000, 0x0000000085700000|  0%| F|  |TAMS 0x0000000085600000, 0x0000000085600000| Untracked 
|  23|0x0000000085700000, 0x0000000085700000, 0x0000000085800000|  0%| F|  |TAMS 0x0000000085700000, 0x0000000085700000| Untracked 
|  24|0x0000000085800000, 0x0000000085800000, 0x0000000085900000|  0%| F|  |TAMS 0x0000000085800000, 0x0000000085800000| Untracked 
|  25|0x0000000085900000, 0x0000000085900000, 0x0000000085a00000|  0%| F|  |TAMS 0x0000000085900000, 0x0000000085900000| Untracked 
|  26|0x0000000085a00000, 0x0000000085a00000, 0x0000000085b00000|  0%| F|  |TAMS 0x0000000085a00000, 0x0000000085a00000| Untracked 
|  27|0x0000000085b00000, 0x0000000085b00000, 0x0000000085c00000|  0%| F|  |TAMS 0x0000000085b00000, 0x0000000085b00000| Untracked 
|  28|0x0000000085c00000, 0x0000000085c00000, 0x0000000085d00000|  0%| F|  |TAMS 0x0000000085c00000, 0x0000000085c00000| Untracked 
|  29|0x0000000085d00000, 0x0000000085d00000, 0x0000000085e00000|  0%| F|  |TAMS 0x0000000085d00000, 0x0000000085d00000| Untracked 
|  30|0x0000000085e00000, 0x0000000085e00000, 0x0000000085f00000|  0%| F|  |TAMS 0x0000000085e00000, 0x0000000085e00000| Untracked 
|  31|0x0000000085f00000, 0x0000000085f00000, 0x0000000086000000|  0%| F|  |TAMS 0x0000000085f00000, 0x0000000085f00000| Untracked 
|  32|0x0000000086000000, 0x0000000086000000, 0x0000000086100000|  0%| F|  |TAMS 0x0000000086000000, 0x0000000086000000| Untracked 
|  33|0x0000000086100000, 0x0000000086100000, 0x0000000086200000|  0%| F|  |TAMS 0x0000000086100000, 0x0000000086100000| Untracked 
|  34|0x0000000086200000, 0x0000000086200000, 0x0000000086300000|  0%| F|  |TAMS 0x0000000086200000, 0x0000000086200000| Untracked 
|  35|0x0000000086300000, 0x0000000086300000, 0x0000000086400000|  0%| F|  |TAMS 0x0000000086300000, 0x0000000086300000| Untracked 
|  36|0x0000000086400000, 0x0000000086400000, 0x0000000086500000|  0%| F|  |TAMS 0x0000000086400000, 0x0000000086400000| Untracked 
|  37|0x0000000086500000, 0x0000000086500000, 0x0000000086600000|  0%| F|  |TAMS 0x0000000086500000, 0x0000000086500000| Untracked 
|  38|0x0000000086600000, 0x0000000086600000, 0x0000000086700000|  0%| F|  |TAMS 0x0000000086600000, 0x0000000086600000| Untracked 
|  39|0x0000000086700000, 0x0000000086700000, 0x0000000086800000|  0%| F|  |TAMS 0x0000000086700000, 0x0000000086700000| Untracked 
|  40|0x0000000086800000, 0x0000000086800000, 0x0000000086900000|  0%| F|  |TAMS 0x0000000086800000, 0x0000000086800000| Untracked 
|  41|0x0000000086900000, 0x0000000086900000, 0x0000000086a00000|  0%| F|  |TAMS 0x0000000086900000, 0x0000000086900000| Untracked 
|  42|0x0000000086a00000, 0x0000000086a00000, 0x0000000086b00000|  0%| F|  |TAMS 0x0000000086a00000, 0x0000000086a00000| Untracked 
|  43|0x0000000086b00000, 0x0000000086b00000, 0x0000000086c00000|  0%| F|  |TAMS 0x0000000086b00000, 0x0000000086b00000| Untracked 
|  44|0x0000000086c00000, 0x0000000086c00000, 0x0000000086d00000|  0%| F|  |TAMS 0x0000000086c00000, 0x0000000086c00000| Untracked 
|  45|0x0000000086d00000, 0x0000000086d00000, 0x0000000086e00000|  0%| F|  |TAMS 0x0000000086d00000, 0x0000000086d00000| Untracked 
|  46|0x0000000086e00000, 0x0000000086e00000, 0x0000000086f00000|  0%| F|  |TAMS 0x0000000086e00000, 0x0000000086e00000| Untracked 
|  47|0x0000000086f00000, 0x0000000086f00000, 0x0000000087000000|  0%| F|  |TAMS 0x0000000086f00000, 0x0000000086f00000| Untracked 
|  48|0x0000000087000000, 0x0000000087000000, 0x0000000087100000|  0%| F|  |TAMS 0x0000000087000000, 0x0000000087000000| Untracked 
|  49|0x0000000087100000, 0x0000000087100000, 0x0000000087200000|  0%| F|  |TAMS 0x0000000087100000, 0x0000000087100000| Untracked 
|  50|0x0000000087200000, 0x0000000087200000, 0x0000000087300000|  0%| F|  |TAMS 0x0000000087200000, 0x0000000087200000| Untracked 
|  51|0x0000000087300000, 0x0000000087300000, 0x0000000087400000|  0%| F|  |TAMS 0x0000000087300000, 0x0000000087300000| Untracked 
|  52|0x0000000087400000, 0x0000000087400000, 0x0000000087500000|  0%| F|  |TAMS 0x0000000087400000, 0x0000000087400000| Untracked 
|  53|0x0000000087500000, 0x0000000087500000, 0x0000000087600000|  0%| F|  |TAMS 0x0000000087500000, 0x0000000087500000| Untracked 
|  54|0x0000000087600000, 0x0000000087600000, 0x0000000087700000|  0%| F|  |TAMS 0x0000000087600000, 0x0000000087600000| Untracked 
|  55|0x0000000087700000, 0x0000000087700000, 0x0000000087800000|  0%| F|  |TAMS 0x0000000087700000, 0x0000000087700000| Untracked 
|  56|0x0000000087800000, 0x0000000087800000, 0x0000000087900000|  0%| F|  |TAMS 0x0000000087800000, 0x0000000087800000| Untracked 
|  57|0x0000000087900000, 0x0000000087900000, 0x0000000087a00000|  0%| F|  |TAMS 0x0000000087900000, 0x0000000087900000| Untracked 
|  58|0x0000000087a00000, 0x0000000087a00000, 0x0000000087b00000|  0%| F|  |TAMS 0x0000000087a00000, 0x0000000087a00000| Untracked 
|  59|0x0000000087b00000, 0x0000000087b00000, 0x0000000087c00000|  0%| F|  |TAMS 0x0000000087b00000, 0x0000000087b00000| Untracked 
|  60|0x0000000087c00000, 0x0000000087c00000, 0x0000000087d00000|  0%| F|  |TAMS 0x0000000087c00000, 0x0000000087c00000| Untracked 
|  61|0x0000000087d00000, 0x0000000087d00000, 0x0000000087e00000|  0%| F|  |TAMS 0x0000000087d00000, 0x0000000087d00000| Untracked 
|  62|0x0000000087e00000, 0x0000000087e00000, 0x0000000087f00000|  0%| F|  |TAMS 0x0000000087e00000, 0x0000000087e00000| Untracked 
|  63|0x0000000087f00000, 0x0000000087f00000, 0x0000000088000000|  0%| F|  |TAMS 0x0000000087f00000, 0x0000000087f00000| Untracked 
|  64|0x0000000088000000, 0x0000000088000000, 0x0000000088100000|  0%| F|  |TAMS 0x0000000088000000, 0x0000000088000000| Untracked 
|  65|0x0000000088100000, 0x0000000088100000, 0x0000000088200000|  0%| F|  |TAMS 0x0000000088100000, 0x0000000088100000| Untracked 
|  66|0x0000000088200000, 0x0000000088200000, 0x0000000088300000|  0%| F|  |TAMS 0x0000000088200000, 0x0000000088200000| Untracked 
|  67|0x0000000088300000, 0x0000000088300000, 0x0000000088400000|  0%| F|  |TAMS 0x0000000088300000, 0x0000000088300000| Untracked 
|  68|0x0000000088400000, 0x0000000088400000, 0x0000000088500000|  0%| F|  |TAMS 0x0000000088400000, 0x0000000088400000| Untracked 
|  69|0x0000000088500000, 0x0000000088500000, 0x0000000088600000|  0%| F|  |TAMS 0x0000000088500000, 0x0000000088500000| Untracked 
|  70|0x0000000088600000, 0x0000000088600000, 0x0000000088700000|  0%| F|  |TAMS 0x0000000088600000, 0x0000000088600000| Untracked 
|  71|0x0000000088700000, 0x0000000088700000, 0x0000000088800000|  0%| F|  |TAMS 0x0000000088700000, 0x0000000088700000| Untracked 
|  72|0x0000000088800000, 0x0000000088800000, 0x0000000088900000|  0%| F|  |TAMS 0x0000000088800000, 0x0000000088800000| Untracked 
|  73|0x0000000088900000, 0x0000000088900000, 0x0000000088a00000|  0%| F|  |TAMS 0x0000000088900000, 0x0000000088900000| Untracked 
|  74|0x0000000088a00000, 0x0000000088a00000, 0x0000000088b00000|  0%| F|  |TAMS 0x0000000088a00000, 0x0000000088a00000| Untracked 
|  75|0x0000000088b00000, 0x0000000088b00000, 0x0000000088c00000|  0%| F|  |TAMS 0x0000000088b00000, 0x0000000088b00000| Untracked 
|  76|0x0000000088c00000, 0x0000000088c00000, 0x0000000088d00000|  0%| F|  |TAMS 0x0000000088c00000, 0x0000000088c00000| Untracked 
|  77|0x0000000088d00000, 0x0000000088d00000, 0x0000000088e00000|  0%| F|  |TAMS 0x0000000088d00000, 0x0000000088d00000| Untracked 
|  78|0x0000000088e00000, 0x0000000088e00000, 0x0000000088f00000|  0%| F|  |TAMS 0x0000000088e00000, 0x0000000088e00000| Untracked 
|  79|0x0000000088f00000, 0x0000000088f00000, 0x0000000089000000|  0%| F|  |TAMS 0x0000000088f00000, 0x0000000088f00000| Untracked 
|  80|0x0000000089000000, 0x0000000089000000, 0x0000000089100000|  0%| F|  |TAMS 0x0000000089000000, 0x0000000089000000| Untracked 
|  81|0x0000000089100000, 0x0000000089100000, 0x0000000089200000|  0%| F|  |TAMS 0x0000000089100000, 0x0000000089100000| Untracked 
|  82|0x0000000089200000, 0x0000000089200000, 0x0000000089300000|  0%| F|  |TAMS 0x0000000089200000, 0x0000000089200000| Untracked 
|  83|0x0000000089300000, 0x0000000089300000, 0x0000000089400000|  0%| F|  |TAMS 0x0000000089300000, 0x0000000089300000| Untracked 
|  84|0x0000000089400000, 0x0000000089400000, 0x0000000089500000|  0%| F|  |TAMS 0x0000000089400000, 0x0000000089400000| Untracked 
|  85|0x0000000089500000, 0x0000000089500000, 0x0000000089600000|  0%| F|  |TAMS 0x0000000089500000, 0x0000000089500000| Untracked 
|  86|0x0000000089600000, 0x0000000089600000, 0x0000000089700000|  0%| F|  |TAMS 0x0000000089600000, 0x0000000089600000| Untracked 
|  87|0x0000000089700000, 0x0000000089700000, 0x0000000089800000|  0%| F|  |TAMS 0x0000000089700000, 0x0000000089700000| Untracked 
|  88|0x0000000089800000, 0x0000000089800000, 0x0000000089900000|  0%| F|  |TAMS 0x0000000089800000, 0x0000000089800000| Untracked 
|  89|0x0000000089900000, 0x0000000089900000, 0x0000000089a00000|  0%| F|  |TAMS 0x0000000089900000, 0x0000000089900000| Untracked 
|  90|0x0000000089a00000, 0x0000000089a00000, 0x0000000089b00000|  0%| F|  |TAMS 0x0000000089a00000, 0x0000000089a00000| Untracked 
|  91|0x0000000089b00000, 0x0000000089b00000, 0x0000000089c00000|  0%| F|  |TAMS 0x0000000089b00000, 0x0000000089b00000| Untracked 
|  92|0x0000000089c00000, 0x0000000089c00000, 0x0000000089d00000|  0%| F|  |TAMS 0x0000000089c00000, 0x0000000089c00000| Untracked 
|  93|0x0000000089d00000, 0x0000000089d00000, 0x0000000089e00000|  0%| F|  |TAMS 0x0000000089d00000, 0x0000000089d00000| Untracked 
|  94|0x0000000089e00000, 0x0000000089e00000, 0x0000000089f00000|  0%| F|  |TAMS 0x0000000089e00000, 0x0000000089e00000| Untracked 
|  95|0x0000000089f00000, 0x0000000089f3caa0, 0x000000008a000000| 23%| E|  |TAMS 0x0000000089f00000, 0x0000000089f00000| Complete 
|  96|0x000000008a000000, 0x000000008a100000, 0x000000008a100000|100%| E|CS|TAMS 0x000000008a000000, 0x000000008a000000| Complete 
|  97|0x000000008a100000, 0x000000008a200000, 0x000000008a200000|100%| E|CS|TAMS 0x000000008a100000, 0x000000008a100000| Complete 
|  98|0x000000008a200000, 0x000000008a300000, 0x000000008a300000|100%| E|CS|TAMS 0x000000008a200000, 0x000000008a200000| Complete 
|  99|0x000000008a300000, 0x000000008a400000, 0x000000008a400000|100%| E|CS|TAMS 0x000000008a300000, 0x000000008a300000| Complete 
| 100|0x000000008a400000, 0x000000008a500000, 0x000000008a500000|100%| E|CS|TAMS 0x000000008a400000, 0x000000008a400000| Complete 
| 101|0x000000008a500000, 0x000000008a600000, 0x000000008a600000|100%| E|CS|TAMS 0x000000008a500000, 0x000000008a500000| Complete 
| 102|0x000000008a600000, 0x000000008a700000, 0x000000008a700000|100%| E|CS|TAMS 0x000000008a600000, 0x000000008a600000| Complete 
| 103|0x000000008a700000, 0x000000008a7b0018, 0x000000008a800000| 68%| S|CS|TAMS 0x000000008a700000, 0x000000008a700000| Complete 
| 104|0x000000008a800000, 0x000000008a900000, 0x000000008a900000|100%| S|CS|TAMS 0x000000008a800000, 0x000000008a800000| Complete 
| 105|0x000000008a900000, 0x000000008aa00000, 0x000000008aa00000|100%| S|CS|TAMS 0x000000008a900000, 0x000000008a900000| Complete 
| 106|0x000000008aa00000, 0x000000008ab00000, 0x000000008ab00000|100%| E|CS|TAMS 0x000000008aa00000, 0x000000008aa00000| Complete 
| 107|0x000000008ab00000, 0x000000008ac00000, 0x000000008ac00000|100%| E|CS|TAMS 0x000000008ab00000, 0x000000008ab00000| Complete 
| 108|0x000000008ac00000, 0x000000008ad00000, 0x000000008ad00000|100%| E|CS|TAMS 0x000000008ac00000, 0x000000008ac00000| Complete 
| 109|0x000000008ad00000, 0x000000008ae00000, 0x000000008ae00000|100%| E|CS|TAMS 0x000000008ad00000, 0x000000008ad00000| Complete 
| 110|0x000000008ae00000, 0x000000008af00000, 0x000000008af00000|100%| E|CS|TAMS 0x000000008ae00000, 0x000000008ae00000| Complete 
| 111|0x000000008af00000, 0x000000008b000000, 0x000000008b000000|100%| E|CS|TAMS 0x000000008af00000, 0x000000008af00000| Complete 
| 112|0x000000008b000000, 0x000000008b100000, 0x000000008b100000|100%| E|CS|TAMS 0x000000008b000000, 0x000000008b000000| Complete 
| 113|0x000000008b100000, 0x000000008b200000, 0x000000008b200000|100%| E|CS|TAMS 0x000000008b100000, 0x000000008b100000| Complete 
| 114|0x000000008b200000, 0x000000008b300000, 0x000000008b300000|100%| E|CS|TAMS 0x000000008b200000, 0x000000008b200000| Complete 
| 115|0x000000008b300000, 0x000000008b400000, 0x000000008b400000|100%| E|CS|TAMS 0x000000008b300000, 0x000000008b300000| Complete 
| 116|0x000000008b400000, 0x000000008b500000, 0x000000008b500000|100%| E|CS|TAMS 0x000000008b400000, 0x000000008b400000| Complete 
| 117|0x000000008b500000, 0x000000008b600000, 0x000000008b600000|100%| E|CS|TAMS 0x000000008b500000, 0x000000008b500000| Complete 
| 118|0x000000008b600000, 0x000000008b700000, 0x000000008b700000|100%| E|CS|TAMS 0x000000008b600000, 0x000000008b600000| Complete 
| 119|0x000000008b700000, 0x000000008b800000, 0x000000008b800000|100%| E|CS|TAMS 0x000000008b700000, 0x000000008b700000| Complete 
| 120|0x000000008b800000, 0x000000008b900000, 0x000000008b900000|100%| E|CS|TAMS 0x000000008b800000, 0x000000008b800000| Complete 
| 121|0x000000008b900000, 0x000000008ba00000, 0x000000008ba00000|100%| E|CS|TAMS 0x000000008b900000, 0x000000008b900000| Complete 
| 122|0x000000008ba00000, 0x000000008bb00000, 0x000000008bb00000|100%| E|CS|TAMS 0x000000008ba00000, 0x000000008ba00000| Complete 
| 123|0x000000008bb00000, 0x000000008bc00000, 0x000000008bc00000|100%| E|CS|TAMS 0x000000008bb00000, 0x000000008bb00000| Complete 

Card table byte_map: [0x000001f445f40000,0x000001f446320000] _byte_map_base: 0x000001f445b20000

Marking Bits (Prev, Next): (CMBitMap*) 0x000001f42f19abe0, (CMBitMap*) 0x000001f42f19aba8
 Prev Bits: [0x000001f448600000, 0x000001f44a500000)
 Next Bits: [0x000001f446700000, 0x000001f448600000)

Polling page: 0x000001f42cf60000

Metaspace:

Usage:
  Non-class:     25.23 MB capacity,    24.50 MB ( 97%) used,   601.62 KB (  2%) free+waste,   146.19 KB ( <1%) overhead. 
      Class:      3.78 MB capacity,     3.23 MB ( 85%) used,   488.05 KB ( 13%) free+waste,    76.00 KB (  2%) overhead. 
       Both:     29.01 MB capacity,    27.73 MB ( 96%) used,     1.06 MB (  4%) free+waste,   222.19 KB ( <1%) overhead. 

Virtual space:
  Non-class space:       26.00 MB reserved,      25.25 MB ( 97%) committed 
      Class space:        1.00 GB reserved,       3.88 MB ( <1%) committed 
             Both:        1.03 GB reserved,      29.12 MB (  3%) committed 

Chunk freelists:
   Non-Class:  0 bytes
       Class:  0 bytes
        Both:  0 bytes

CodeHeap 'non-profiled nmethods': size=120000Kb used=1054Kb max_used=1054Kb free=118945Kb
 bounds [0x000001f43e300000, 0x000001f43e570000, 0x000001f445830000]
CodeHeap 'profiled nmethods': size=120000Kb used=5428Kb max_used=5428Kb free=114571Kb
 bounds [0x000001f436dd0000, 0x000001f437320000, 0x000001f43e300000]
CodeHeap 'non-nmethods': size=5760Kb used=1219Kb max_used=1235Kb free=4540Kb
 bounds [0x000001f436830000, 0x000001f436aa0000, 0x000001f436dd0000]
 total_blobs=3185 nmethods=2614 adapters=482
 compilation: enabled
              stopped_count=0, restarted_count=0
 full_count=0

Compilation events (10 events):
Event: 55.637 Thread 0x000001f44d7e8000 2623       3       java.util.LinkedHashMap::<init> (10 bytes)
Event: 55.637 Thread 0x000001f44d7e8000 nmethod 2623 0x000001f437319810 code [0x000001f4373199c0, 0x000001f437319bd8]
Event: 55.638 Thread 0x000001f44d7e8000 2624       3       java.util.regex.Matcher::find (35 bytes)
Event: 55.639 Thread 0x000001f44d7e8000 nmethod 2624 0x000001f437319d10 code [0x000001f437319f00, 0x000001f43731a2d8]
Event: 55.640 Thread 0x000001f44d7e8000 2625       3       java.util.TreeMap::getFirstEntry (26 bytes)
Event: 55.640 Thread 0x000001f44d7e8000 nmethod 2625 0x000001f43731a490 code [0x000001f43731a640, 0x000001f43731a838]
Event: 55.648 Thread 0x000001f44d7e8000 2626       3       java.util.concurrent.CompletableFuture::unipush (44 bytes)
Event: 55.652 Thread 0x000001f44d7e8000 nmethod 2626 0x000001f43731a910 code [0x000001f43731aca0, 0x000001f43731c3a8]
Event: 55.652 Thread 0x000001f44d7e8000 2627       3       java.util.concurrent.CompletableFuture$UniCompletion::<init> (20 bytes)
Event: 55.653 Thread 0x000001f44d7e8000 nmethod 2627 0x000001f43731cb10 code [0x000001f43731ccc0, 0x000001f43731cff8]

GC Heap History (6 events):
Event: 1.781 GC heap before
{Heap before GC invocations=0 (full 0):
 garbage-first heap   total 126976K, used 24576K [0x0000000084000000, 0x0000000100000000)
  region size 1024K, 24 young (24576K), 0 survivors (0K)
 Metaspace       used 13486K, capacity 13823K, committed 14080K, reserved 1062912K
  class space    used 1362K, capacity 1493K, committed 1536K, reserved 1048576K
}
Event: 1.793 GC heap after
{Heap after GC invocations=1 (full 0):
 garbage-first heap   total 126976K, used 7654K [0x0000000084000000, 0x0000000100000000)
  region size 1024K, 3 young (3072K), 3 survivors (3072K)
 Metaspace       used 13486K, capacity 13823K, committed 14080K, reserved 1062912K
  class space    used 1362K, capacity 1493K, committed 1536K, reserved 1048576K
}
Event: 2.410 GC heap before
{Heap before GC invocations=1 (full 0):
 garbage-first heap   total 126976K, used 30182K [0x0000000084000000, 0x0000000100000000)
  region size 1024K, 25 young (25600K), 3 survivors (3072K)
 Metaspace       used 17412K, capacity 18046K, committed 18304K, reserved 1064960K
  class space    used 1830K, capacity 2065K, committed 2176K, reserved 1048576K
}
Event: 2.419 GC heap after
{Heap after GC invocations=2 (full 0):
 garbage-first heap   total 126976K, used 9710K [0x0000000084000000, 0x0000000100000000)
  region size 1024K, 2 young (2048K), 2 survivors (2048K)
 Metaspace       used 17412K, capacity 18046K, committed 18304K, reserved 1064960K
  class space    used 1830K, capacity 2065K, committed 2176K, reserved 1048576K
}
Event: 5.043 GC heap before
{Heap before GC invocations=2 (full 0):
 garbage-first heap   total 126976K, used 27118K [0x0000000084000000, 0x0000000100000000)
  region size 1024K, 20 young (20480K), 2 survivors (2048K)
 Metaspace       used 20471K, capacity 21188K, committed 21248K, reserved 1069056K
  class space    used 2246K, capacity 2549K, committed 2560K, reserved 1048576K
}
Event: 5.049 GC heap after
{Heap after GC invocations=3 (full 0):
 garbage-first heap   total 126976K, used 10414K [0x0000000084000000, 0x0000000100000000)
  region size 1024K, 3 young (3072K), 3 survivors (3072K)
 Metaspace       used 20471K, capacity 21188K, committed 21248K, reserved 1069056K
  class space    used 2246K, capacity 2549K, committed 2560K, reserved 1048576K
}

Deoptimization events (10 events):
Event: 5.483 Thread 0x000001f42f15d800 Uncommon trap: reason=unstable_if action=reinterpret pc=0x000001f43e3960d4 method=java.util.regex.Pattern.has(I)Z @ 6 c2
Event: 5.507 Thread 0x000001f42f15d800 Uncommon trap: reason=unstable_if action=reinterpret pc=0x000001f43e3969b0 method=java.lang.ref.SoftReference.get()Ljava/lang/Object; @ 6 c2
Event: 5.532 Thread 0x000001f42f15d800 Uncommon trap: reason=unstable_if action=reinterpret pc=0x000001f43e3b0a08 method=java.lang.StringLatin1.regionMatchesCI([BI[BII)Z @ 66 c2
Event: 5.770 Thread 0x000001f42f15d800 Uncommon trap: reason=class_check action=maybe_recompile pc=0x000001f43e3c41e0 method=java.util.regex.Matcher.search(I)Z @ 121 c2
Event: 5.770 Thread 0x000001f42f15d800 Uncommon trap: reason=unstable_if action=reinterpret pc=0x000001f43e3b4278 method=java.util.regex.Pattern$BmpCharProperty.match(Ljava/util/regex/Matcher;ILjava/lang/CharSequence;)Z @ 5 c2
Event: 5.770 Thread 0x000001f42f15d800 Uncommon trap: reason=class_check action=maybe_recompile pc=0x000001f43e3c41e0 method=java.util.regex.Matcher.search(I)Z @ 121 c2
Event: 5.770 Thread 0x000001f42f15d800 Uncommon trap: reason=class_check action=maybe_recompile pc=0x000001f43e3c41e0 method=java.util.regex.Matcher.search(I)Z @ 121 c2
Event: 5.770 Thread 0x000001f42f15d800 Uncommon trap: reason=class_check action=maybe_recompile pc=0x000001f43e3c41e0 method=java.util.regex.Matcher.search(I)Z @ 121 c2
Event: 5.972 Thread 0x000001f42f15d800 Uncommon trap: reason=unstable_if action=reinterpret pc=0x000001f43e3d7598 method=java.io.ByteArrayInputStream.read([BII)I @ 35 c2
Event: 8.339 Thread 0x000001f42f15d800 Uncommon trap: reason=unstable_if action=reinterpret pc=0x000001f43e385c34 method=java.util.concurrent.ConcurrentHashMap.putVal(Ljava/lang/Object;Ljava/lang/Object;Z)Ljava/lang/Object; @ 231 c2

Classes redefined (0 events):
No events

Internal exceptions (10 events):
Event: 6.020 Thread 0x000001f44e2f1800 Exception <a 'java/lang/NoSuchMethodError'{0x000000008ad81e00}: java.lang.invoke.DirectMethodHandle$Holder.invokeSpecial(Ljava/lang/Object;Ljava/lang/Object;IILjava/lang/Object;Ljava/lang/Object;I)Ljava/lang/Object;> (0x000000008ad81e00) thrown at [./open
Event: 6.020 Thread 0x000001f44e2f1800 Exception <a 'java/lang/NoSuchMethodError'{0x000000008ad85280}: java.lang.invoke.DelegatingMethodHandle$Holder.reinvoke_L(Ljava/lang/Object;IILjava/lang/Object;Ljava/lang/Object;I)Ljava/lang/Object;> (0x000000008ad85280) thrown at [./open/src/hotspot/shar
Event: 6.021 Thread 0x000001f44e2f1800 Exception <a 'java/lang/NoSuchMethodError'{0x000000008ad95fd8}: java.lang.invoke.DirectMethodHandle$Holder.invokeSpecial(Ljava/lang/Object;Ljava/lang/Object;Ljava/lang/Object;Ljava/lang/Object;I)Ljava/lang/Object;> (0x000000008ad95fd8) thrown at [./open/s
Event: 6.021 Thread 0x000001f44e2f1800 Exception <a 'java/lang/NoSuchMethodError'{0x000000008ad99038}: java.lang.invoke.Invokers$Holder.linkToTargetMethod(Ljava/lang/Object;Ljava/lang/Object;ILjava/lang/Object;)Ljava/lang/Object;> (0x000000008ad99038) thrown at [./open/src/hotspot/share/interp
Event: 6.045 Thread 0x000001f44e2f1800 Exception <a 'java/lang/NoSuchMethodError'{0x000000008adf0bd8}: java.lang.invoke.DirectMethodHandle$Holder.invokeSpecial(Ljava/lang/Object;Ljava/lang/Object;Ljava/lang/Object;Ljava/lang/Object;Ljava/lang/Object;)V> (0x000000008adf0bd8) thrown at [./open/s
Event: 6.054 Thread 0x000001f44e2f1800 Exception <a 'java/lang/NoSuchMethodError'{0x000000008ac14b00}: java.lang.invoke.DirectMethodHandle$Holder.invokeStatic(Ljava/lang/Object;JJ)J> (0x000000008ac14b00) thrown at [./open/src/hotspot/share/interpreter/linkResolver.cpp, line 772]
Event: 8.109 Thread 0x000001f44e2f1000 Exception <a 'java/lang/NoSuchMethodError'{0x000000008ab3bc60}: java.lang.invoke.DirectMethodHandle$Holder.invokeSpecial(Ljava/lang/Object;Ljava/lang/Object;Ljava/lang/Object;Ljava/lang/Object;Ljava/lang/Object;Ljava/lang/Object;Ljava/lang/Object;)V> (0x0
Event: 8.195 Thread 0x000001f42f15d800 Exception <a 'java/lang/NoSuchMethodError'{0x000000008abba3c0}: java.lang.invoke.DirectMethodHandle$Holder.invokeSpecialIFC(Ljava/lang/Object;Ljava/lang/Object;Ljava/lang/Object;)Ljava/lang/Object;> (0x000000008abba3c0) thrown at [./open/src/hotspot/share
Event: 8.645 Thread 0x000001f42f15d800 Exception <a 'java/lang/ClassNotFoundException'{0x000000008a35d850}: sun/util/logging/resources/spi/loggingProvider> (0x000000008a35d850) thrown at [./open/src/hotspot/share/classfile/systemDictionary.cpp, line 226]
Event: 55.621 Thread 0x000001f42f15d800 Exception <a 'java/lang/NoSuchMethodError'{0x000000008a0669a8}: java.lang.invoke.DirectMethodHandle$Holder.invokeStatic(Ljava/lang/Object;Ljava/lang/Object;Ljava/lang/Object;Ljava/lang/Object;Ljava/lang/Object;Ljava/lang/Object;I)Ljava/lang/Object;> (0x00

Events (10 events):
Event: 55.625 loading class java/lang/invoke/BoundMethodHandle$Species_LLLIIL
Event: 55.625 loading class java/lang/invoke/BoundMethodHandle$Species_LLLIIL done
Event: 55.629 loading class java/lang/invoke/BoundMethodHandle$Species_LLLIILL
Event: 55.629 loading class java/lang/invoke/BoundMethodHandle$Species_LLLIILL done
Event: 55.631 loading class java/lang/invoke/BoundMethodHandle$Species_LLLIILLL
Event: 55.631 loading class java/lang/invoke/BoundMethodHandle$Species_LLLIILLL done
Event: 55.643 Executing VM operation: RevokeBias
Event: 55.645 Executing VM operation: RevokeBias done
Event: 55.645 Executing VM operation: RevokeBias
Event: 55.645 Executing VM operation: RevokeBias done


Dynamic libraries:
0x00007ff7fd400000 - 0x00007ff7fd410000 	C:\Program Files\Java\jdk-11\bin\javaw.exe
0x00007ffe9cd20000 - 0x00007ffe9cf86000 	C:\WINDOWS\SYSTEM32\ntdll.dll
0x00007ffe9c450000 - 0x00007ffe9c519000 	C:\WINDOWS\System32\KERNEL32.DLL
0x00007ffe9a2e0000 - 0x00007ffe9a6df000 	C:\WINDOWS\System32\KERNELBASE.dll
0x00007ffe9a8f0000 - 0x00007ffe9aa3c000 	C:\WINDOWS\System32\ucrtbase.dll
0x00007ffe85e40000 - 0x00007ffe85e5b000 	C:\Program Files\Java\jdk-11\bin\VCRUNTIME140.dll
0x00007ffe84190000 - 0x00007ffe841a9000 	C:\Program Files\Java\jdk-11\bin\jli.dll
0x00007ffe9b930000 - 0x00007ffe9b9ec000 	C:\WINDOWS\System32\ADVAPI32.dll
0x00007ffe9b2a0000 - 0x00007ffe9b349000 	C:\WINDOWS\System32\msvcrt.dll
0x00007ffe9aa50000 - 0x00007ffe9aafa000 	C:\WINDOWS\System32\sechost.dll
0x00007ffe9b450000 - 0x00007ffe9b568000 	C:\WINDOWS\System32\RPCRT4.dll
0x00007ffe9b760000 - 0x00007ffe9b926000 	C:\WINDOWS\System32\USER32.dll
0x00007ffe9a2b0000 - 0x00007ffe9a2d7000 	C:\WINDOWS\System32\win32u.dll
0x00007ffe7d6e0000 - 0x00007ffe7d971000 	C:\WINDOWS\WinSxS\amd64_microsoft.windows.common-controls_6595b64144ccf1df_6.0.26100.8972_none_3e0da176e32f9d4b\COMCTL32.dll
0x00007ffe9c940000 - 0x00007ffe9c96b000 	C:\WINDOWS\System32\GDI32.dll
0x00007ffe9a180000 - 0x00007ffe9a2a9000 	C:\WINDOWS\System32\gdi32full.dll
0x00007ffe9a840000 - 0x00007ffe9a8e3000 	C:\WINDOWS\System32\msvcp_win.dll
0x00007ffe88670000 - 0x00007ffe8867b000 	C:\WINDOWS\SYSTEM32\VERSION.dll
0x00007ffe9c400000 - 0x00007ffe9c432000 	C:\WINDOWS\System32\IMM32.DLL
0x00007ffe94830000 - 0x00007ffe9483c000 	C:\Program Files\Java\jdk-11\bin\vcruntime140_1.dll
0x00007ffe7e8a0000 - 0x00007ffe7e92e000 	C:\Program Files\Java\jdk-11\bin\msvcp140.dll
0x00007ffe04080000 - 0x00007ffe04bed000 	C:\Program Files\Java\jdk-11\bin\server\jvm.dll
0x00007ffe9ab00000 - 0x00007ffe9ab08000 	C:\WINDOWS\System32\PSAPI.DLL
0x00007ffe75a30000 - 0x00007ffe75a3a000 	C:\WINDOWS\SYSTEM32\WSOCK32.dll
0x00007ffe9c690000 - 0x00007ffe9c712000 	C:\WINDOWS\System32\WS2_32.dll
0x00007ffe90c90000 - 0x00007ffe90cc6000 	C:\WINDOWS\SYSTEM32\WINMM.dll
0x00007ffe98c20000 - 0x00007ffe98c3b000 	C:\WINDOWS\SYSTEM32\kernel.appcore.dll
0x00007ffe862f0000 - 0x00007ffe86300000 	C:\Program Files\Java\jdk-11\bin\verify.dll
0x00007ffe973f0000 - 0x00007ffe97632000 	C:\WINDOWS\SYSTEM32\DBGHELP.DLL
0x00007ffe9bbe0000 - 0x00007ffe9bf65000 	C:\WINDOWS\System32\combase.dll
0x00007ffe9c720000 - 0x00007ffe9c7f9000 	C:\WINDOWS\System32\OLEAUT32.dll
0x00007ffe75850000 - 0x00007ffe7588b000 	C:\WINDOWS\SYSTEM32\dbgcore.DLL
0x00007ffe99f30000 - 0x00007ffe99fdc000 	C:\WINDOWS\System32\bcryptPrimitives.dll
0x00007ffe84140000 - 0x00007ffe84168000 	C:\Program Files\Java\jdk-11\bin\java.dll
0x00007ffe85950000 - 0x00007ffe8595a000 	C:\Program Files\Java\jdk-11\bin\jimage.dll
0x00007ffe7f9e0000 - 0x00007ffe7f9f7000 	C:\Program Files\Java\jdk-11\bin\zip.dll
0x00007ffe9ab10000 - 0x00007ffe9b298000 	C:\WINDOWS\System32\SHELL32.dll
0x00007ffe979c0000 - 0x00007ffe9825b000 	C:\WINDOWS\SYSTEM32\windows.storage.dll
0x00007ffe9b630000 - 0x00007ffe9b729000 	C:\WINDOWS\System32\SHCORE.dll
0x00007ffe9b3e0000 - 0x00007ffe9b446000 	C:\WINDOWS\System32\shlwapi.dll
0x00007ffe99e50000 - 0x00007ffe99e79000 	C:\WINDOWS\SYSTEM32\profapi.dll
0x00007ffe7eb30000 - 0x00007ffe7eb49000 	C:\Program Files\Java\jdk-11\bin\net.dll
0x00007ffe929f0000 - 0x00007ffe92b18000 	C:\WINDOWS\SYSTEM32\WINHTTP.dll
0x00007ffe991d0000 - 0x00007ffe9923c000 	C:\WINDOWS\system32\mswsock.dll
0x00007ffe7eb10000 - 0x00007ffe7eb22000 	C:\Program Files\Java\jdk-11\bin\nio.dll
0x00007ffe986c0000 - 0x00007ffe98818000 	C:\WINDOWS\SYSTEM32\DNSAPI.dll
0x00007ffe98fb0000 - 0x00007ffe98fbd000 	C:\WINDOWS\SYSTEM32\DSPARSE.dll
0x00007ffe985b0000 - 0x00007ffe985e3000 	C:\WINDOWS\SYSTEM32\IPHLPAPI.DLL
0x00007ffe9c440000 - 0x00007ffe9c44a000 	C:\WINDOWS\System32\NSI.dll
0x00007ffe92df0000 - 0x00007ffe92dfb000 	C:\Windows\System32\rasadhlp.dll
0x00007ffe934e0000 - 0x00007ffe93566000 	C:\WINDOWS\System32\fwpuclnt.dll
0x00007ffe994e0000 - 0x00007ffe994fb000 	C:\WINDOWS\SYSTEM32\CRYPTSP.dll
0x00007ffe98b80000 - 0x00007ffe98bb9000 	C:\WINDOWS\system32\rsaenh.dll
0x00007ffe99280000 - 0x00007ffe992b2000 	C:\WINDOWS\SYSTEM32\USERENV.dll
0x00007ffe99e20000 - 0x00007ffe99e4a000 	C:\WINDOWS\SYSTEM32\bcrypt.dll
0x00007ffe994c0000 - 0x00007ffe994cc000 	C:\WINDOWS\SYSTEM32\CRYPTBASE.dll
0x00007ffe931e0000 - 0x00007ffe931fd000 	C:\WINDOWS\SYSTEM32\dhcpcsvc6.DLL
0x00007ffe931b0000 - 0x00007ffe931d5000 	C:\WINDOWS\SYSTEM32\dhcpcsvc.DLL
0x00007ffe84130000 - 0x00007ffe84139000 	C:\Program Files\Java\jdk-11\bin\management.dll
0x00007ffe84010000 - 0x00007ffe8401b000 	C:\Program Files\Java\jdk-11\bin\management_ext.dll
0x00007ffe7e870000 - 0x00007ffe7e897000 	C:\Program Files\Java\jdk-11\bin\sunec.dll

dbghelp: loaded successfully - version: 4.0.5 - missing functions: none
symbol engine: initialized successfully - sym options: 0x614 - pdb path: .;C:\Program Files\Java\jdk-11\bin;C:\WINDOWS\SYSTEM32;C:\WINDOWS\WinSxS\amd64_microsoft.windows.common-controls_6595b64144ccf1df_6.0.26100.8972_none_3e0da176e32f9d4b;C:\Program Files\Java\jdk-11\bin\server

VM Arguments:
jvm_args: -ea -Dfile.encoding=UTF-8 -Dstdout.encoding=UTF-8 -Dstderr.encoding=UTF-8 
java_command: org.testng.remote.RemoteTestNG -serport 56051 -protocol json -d C:\Users\Rajeev nandi\git\Main\Main\Octopussaas_main_Framework\test-output C:\Users\Rajeev nandi\AppData\Local\Temp\testng-eclipse-825417251\testng-customsuite.xml
java_class_path (initial): C:\Users\Rajeev nandi\eclipse\java-2026-03\eclipse\configuration\org.eclipse.osgi\533\0\.cp\lib\testng-remote.jar;C:\Users\Rajeev nandi\git\Main\Main\Octopussaas_main_Framework\target\test-classes;C:\Users\Rajeev nandi\git\Main\Main\Octopussaas_main_Framework\target\classes;C:\Users\Rajeev nandi\.m2\repository\org\seleniumhq\selenium\selenium-java\4.34.0\selenium-java-4.34.0.jar;C:\Users\Rajeev nandi\.m2\repository\org\seleniumhq\selenium\selenium-api\4.34.0\selenium-api-4.34.0.jar;C:\Users\Rajeev nandi\.m2\repository\org\jspecify\jspecify\1.0.0\jspecify-1.0.0.jar;C:\Users\Rajeev nandi\.m2\repository\org\seleniumhq\selenium\selenium-chrome-driver\4.34.0\selenium-chrome-driver-4.34.0.jar;C:\Users\Rajeev nandi\.m2\repository\com\google\auto\service\auto-service-annotations\1.1.1\auto-service-annotations-1.1.1.jar;C:\Users\Rajeev nandi\.m2\repository\org\seleniumhq\selenium\selenium-chromium-driver\4.34.0\selenium-chromium-driver-4.34.0.jar;C:\Users\Rajeev nandi\.m2\repository\org\seleniumhq\selenium\selenium-json\4.34.0\selenium-json-4.34.0.jar;C:\Users\Rajeev nandi\.m2\repository\org\seleniumhq\selenium\selenium-manager\4.34.0\selenium-manager-4.34.0.jar;C:\Users\Rajeev nandi\.m2\repository\org\seleniumhq\selenium\selenium-devtools-v136\4.34.0\selenium-devtools-v136-4.34.0.jar;C:\Users\Rajeev nandi\.m2\repository\org\seleniumhq\selenium\selenium-devtools-v137\4.34.0\selenium-devtools-v137-4.34.0.jar;C:\Users\Rajeev nandi\.m2\repository\org\seleniumhq\selenium\selenium-devtools-v138\4.34.0\selenium-devtools-v138-4.34.0.jar;C:\Users\Rajeev nandi\.m2\repository\org\seleniumhq\selenium\selenium-edge-driver\4.34.0\selenium-edge-driver-4.34.0.jar;C:\Users\Rajeev nandi\.m2\repository\org\seleniumhq\selenium\selenium-firefox-driver\4.34.0\selenium-firefox-driver-4.34.0.jar;C:\Users\Rajeev nandi\.m2\repository\org\seleniumhq\selenium\selenium-http\4.34.0\selenium-http-4.34.0.jar;C:\Users\Rajeev nandi\.m2\repository\org\seleniumhq\selenium\selenium
Launcher Type: SUN_STANDARD

[Global flags]
     intx CICompilerCount                          = 4                                         {product} {ergonomic}
     uint ConcGCThreads                            = 2                                         {product} {ergonomic}
     uint G1ConcRefinementThreads                  = 8                                         {product} {ergonomic}
   size_t G1HeapRegionSize                         = 1048576                                   {product} {ergonomic}
    uintx GCDrainStackTargetSize                   = 64                                        {product} {ergonomic}
   size_t InitialHeapSize                          = 130023424                                 {product} {ergonomic}
   size_t MarkStackSize                            = 4194304                                   {product} {ergonomic}
   size_t MaxHeapSize                              = 2080374784                                {product} {ergonomic}
   size_t MaxNewSize                               = 1247805440                                {product} {ergonomic}
   size_t MinHeapDeltaBytes                        = 1048576                                   {product} {ergonomic}
    uintx NonNMethodCodeHeapSize                   = 5836300                                {pd product} {ergonomic}
    uintx NonProfiledCodeHeapSize                  = 122910970                              {pd product} {ergonomic}
    uintx ProfiledCodeHeapSize                     = 122910970                              {pd product} {ergonomic}
    uintx ReservedCodeCacheSize                    = 251658240                              {pd product} {ergonomic}
     bool SegmentedCodeCache                       = true                                      {product} {ergonomic}
     bool UseCompressedClassPointers               = true                                 {lp64_product} {ergonomic}
     bool UseCompressedOops                        = true                                 {lp64_product} {ergonomic}
     bool UseG1GC                                  = true                                      {product} {ergonomic}
     bool UseLargePagesIndividualAllocation        = false                                  {pd product} {ergonomic}

Logging:
Log output configuration:
 #0: stdout all=warning uptime,level,tags
 #1: stderr all=off uptime,level,tags

Environment Variables:
JAVA_HOME=C:\Program Files\Java\jdk-17
PATH=C:\Python314\Scripts\;C:\Python314\;C:\app\Rajeevnandi2\product\11.2.0\dbhome_1\bin;C:\app\Rajeevnandi\product\11.2.0\dbhome_2\bin;C:\app\Rajeevnandi\product\11.2.0\dbhome_1\bin;C:\Program Files\Common Files\Oracle\Java\javapath;C:\WINDOWS\system32;C:\WINDOWS;C:\WINDOWS\System32\Wbem;C:\WINDOWS\System32\WindowsPowerShell\v1.0\;C:\WINDOWS\System32\OpenSSH\;C:\Program Files\dotnet\;C:\Program Files\Java\jdk-21\bin;C:\Program Files\Java\jdk-17\bin;D:\automation software\apache-maven-3.9.11-bin\apache-maven-3.9.11\bin;C:\ProgramData\chocolatey\bin;C:\Program Files\nodejs\;C:\Program Files\MySQL\MySQL Shell 8.0\bin\;C:\Users\Rajeev nandi\AppData\Local\Microsoft\WindowsApps;C:\Program Files\JetBrains\PyCharm 2023.2\bin;;C:\Users\Rajeev nandi\AppData\Local\Programs\Microsoft VS Code\bin;D:\automation software\apache-maven-3.9.11-bin\apache-maven-3.9.11\bin;C:\Users\Rajeev nandi\AppData\Roaming\npm
USERNAME=Rajeev nandi
OS=Windows_NT
PROCESSOR_IDENTIFIER=Intel64 Family 6 Model 140 Stepping 1, GenuineIntel



---------------  S Y S T E M  ---------------

OS: Windows 11 , 64 bit Build 26100 (10.0.26100.9168)
Hyper-V role detected

CPU:total 8 (initial active 8) (4 cores per cpu, 2 threads per core) family 6 model 140 stepping 1 microcode 0xbe, cmov, cx8, fxsr, mmx, sse, sse2, sse3, ssse3, sse4.1, sse4.2, popcnt, avx, avx2, aes, clmul, erms, 3dnowpref, lzcnt, ht, tsc, tscinvbit, bmi1, bmi2, adx, evex, sha, fma

Memory: 4k page, system-wide physical 7934M (186M free)
TotalPageFile size 32510M (AvailPageFile size 10M)
current process WorkingSet (physical memory assigned to process): 94M, peak: 122M
current process commit charge ("private bytes"): 248M, peak: 249M

vm_info: Java HotSpot(TM) 64-Bit Server VM (11.0.21+9-LTS-193) for windows-amd64 JRE (11.0.21+9-LTS-193), built on Sep 13 2023 11:04:38 by "mach5one" with MS VC++ 17.1 (VS2022)

END.
