#
# There is insufficient memory for the Java Runtime Environment to continue.
# Native memory allocation (malloc) failed to allocate 32744 bytes for ChunkPool::allocate
# Possible reasons:
#   The system is out of physical RAM or swap space
#   The process is running with CompressedOops enabled, and the Java Heap may be blocking the growth of the native heap
# Possible solutions:
#   Reduce memory load on the system
#   Increase physical memory or swap space
#   Check if swap backing store is full
#   Decrease Java heap size (-Xmx/-Xms)
#   Decrease number of Java threads
#   Decrease Java thread stack sizes (-Xss)
#   Set larger code cache with -XX:ReservedCodeCacheSize=
#   JVM is running with Unscaled Compressed Oops mode in which the Java heap is
#     placed in the first 4GB address space. The Java Heap base address is the
#     maximum limit for the native heap growth. Please use -XX:HeapBaseMinAddress
#     to set the Java Heap base and to place the Java Heap above 4GB virtual address.
# This output file may be truncated or incomplete.
#
#  Out of Memory Error (./open/src/hotspot/share/memory/arena.cpp:81), pid=31356, tid=31184
#
# JRE version: Java(TM) SE Runtime Environment 18.9 (11.0.21+9) (build 11.0.21+9-LTS-193)
# Java VM: Java HotSpot(TM) 64-Bit Server VM 18.9 (11.0.21+9-LTS-193, mixed mode, tiered, compressed oops, g1 gc, windows-amd64)
# No core dump will be written. Minidumps are not enabled by default on client versions of Windows
#

---------------  S U M M A R Y ------------

Command Line: -ea -Dfile.encoding=UTF-8 -Dstdout.encoding=UTF-8 -Dstderr.encoding=UTF-8 org.testng.remote.RemoteTestNG -serport 60657 -protocol json -d C:\Users\Rajeev nandi\git\Main\Main\Octopussaas_main_Framework\test-output C:\Users\Rajeev nandi\AppData\Local\Temp\testng-eclipse-146755928\testng-customsuite.xml

Host: 11th Gen Intel(R) Core(TM) i5-1135G7 @ 2.40GHz, 8 cores, 7G,  Windows 11 , 64 bit Build 26100 (10.0.26100.9168)
Time: Thu Aug 20 09:42:24 2026 India Standard Time elapsed time: 43.800046 seconds (0d 0h 0m 43s)

---------------  T H R E A D  ---------------

Current thread (0x0000014f3920c000):  JavaThread "C1 CompilerThread0" daemon [_thread_in_native, id=31184, stack(0x00000011cce00000,0x00000011ccf00000)]


Current CompileTask:
C1:  43800 3392       3       sun.reflect.generics.factory.CoreReflectionFactory::getDeclsLoader (85 bytes)

Stack: [0x00000011cce00000,0x00000011ccf00000]
Native frames: (J=compiled Java code, j=interpreted, Vv=VM code, C=native code)
V  [jvm.dll+0x66058a]
V  [jvm.dll+0x7a362f]
V  [jvm.dll+0x7a4cf9]
V  [jvm.dll+0x7a5393]
V  [jvm.dll+0x258f55]
V  [jvm.dll+0xb2c7f]
V  [jvm.dll+0xb2fcc]
V  [jvm.dll+0x12e854]
V  [jvm.dll+0x13aac8]
V  [jvm.dll+0x13dec7]
V  [jvm.dll+0x13d92d]
V  [jvm.dll+0x134dbe]
V  [jvm.dll+0x13708b]
V  [jvm.dll+0x1354cc]
V  [jvm.dll+0x13e39e]
V  [jvm.dll+0x13d92d]
V  [jvm.dll+0x134dbe]
V  [jvm.dll+0x13708b]
V  [jvm.dll+0x1355c5]
V  [jvm.dll+0x12f451]
V  [jvm.dll+0x13f6c3]
V  [jvm.dll+0x12a0d0]
V  [jvm.dll+0x12a440]
V  [jvm.dll+0x12a702]
V  [jvm.dll+0x129a59]
V  [jvm.dll+0x12b8a8]
V  [jvm.dll+0x220e99]
V  [jvm.dll+0x21f1bc]
V  [jvm.dll+0x7673c1]
V  [jvm.dll+0x75fc44]
V  [jvm.dll+0x65f435]
C  [ucrtbase.dll+0x2cd30]
C  [KERNEL32.DLL+0x2ccb7]
C  [ntdll.dll+0xaad6c]


---------------  P R O C E S S  ---------------

Threads class SMR info:
_java_thread_list=0x0000014f39f5fee0, length=34, elements={
0x0000014f18b3d000, 0x0000014f3894c800, 0x0000014f38958800, 0x0000014f3895c800,
0x0000014f3895d800, 0x0000014f391b0800, 0x0000014f391b1000, 0x0000014f3920c000,
0x0000014f39221800, 0x0000014f3934b800, 0x0000014f39eca800, 0x0000014f39c5d800,
0x0000014f3a56a000, 0x0000014f39ff2000, 0x0000014f3a483000, 0x0000014f39f90000,
0x0000014f3a195000, 0x0000014f3a021000, 0x0000014f3adc9000, 0x0000014f3adca800,
0x0000014f3adca000, 0x0000014f3adc8800, 0x0000014f3adcb800, 0x0000014f3adcc800,
0x0000014f3adce000, 0x0000014f3adcf000, 0x0000014f3a315800, 0x0000014f3a315000,
0x0000014f3a314000, 0x0000014f3a313800, 0x0000014f3a319000, 0x0000014f3a318000,
0x0000014f3a316800, 0x0000014f3a31a000
}

Java Threads: ( => current thread )
  0x0000014f18b3d000 JavaThread "main" [_thread_blocked, id=6096, stack(0x00000011cc100000,0x00000011cc200000)]
  0x0000014f3894c800 JavaThread "Reference Handler" daemon [_thread_blocked, id=20264, stack(0x00000011cc800000,0x00000011cc900000)]
  0x0000014f38958800 JavaThread "Finalizer" daemon [_thread_blocked, id=14928, stack(0x00000011cc900000,0x00000011cca00000)]
  0x0000014f3895c800 JavaThread "Signal Dispatcher" daemon [_thread_blocked, id=19532, stack(0x00000011cca00000,0x00000011ccb00000)]
  0x0000014f3895d800 JavaThread "Attach Listener" daemon [_thread_blocked, id=13760, stack(0x00000011ccb00000,0x00000011ccc00000)]
  0x0000014f391b0800 JavaThread "Service Thread" daemon [_thread_blocked, id=3008, stack(0x00000011ccc00000,0x00000011ccd00000)]
  0x0000014f391b1000 JavaThread "C2 CompilerThread0" daemon [_thread_in_native, id=15988, stack(0x00000011ccd00000,0x00000011cce00000)]
=>0x0000014f3920c000 JavaThread "C1 CompilerThread0" daemon [_thread_in_native, id=31184, stack(0x00000011cce00000,0x00000011ccf00000)]
  0x0000014f39221800 JavaThread "Sweeper thread" daemon [_thread_blocked, id=15600, stack(0x00000011ccf00000,0x00000011cd000000)]
  0x0000014f3934b800 JavaThread "Common-Cleaner" daemon [_thread_blocked, id=16444, stack(0x00000011cd100000,0x00000011cd200000)]
  0x0000014f39eca800 JavaThread "ReaderThread" [_thread_in_native, id=15768, stack(0x00000011cd300000,0x00000011cd400000)]
  0x0000014f39c5d800 JavaThread "ForkJoinPool.commonPool-worker-3" daemon [_thread_blocked, id=18832, stack(0x00000011cd700000,0x00000011cd800000)]
  0x0000014f3a56a000 JavaThread "ForkJoinPool.commonPool-worker-5" daemon [_thread_blocked, id=28544, stack(0x00000011cd800000,0x00000011cd900000)]
  0x0000014f39ff2000 JavaThread "ForkJoinPool.commonPool-worker-9" daemon [_thread_blocked, id=31752, stack(0x00000011cd900000,0x00000011cda00000)]
  0x0000014f3a483000 JavaThread "ForkJoinPool.commonPool-worker-11" daemon [_thread_blocked, id=31896, stack(0x00000011cda00000,0x00000011cdb00000)]
  0x0000014f39f90000 JavaThread "ForkJoinPool.commonPool-worker-7" daemon [_thread_blocked, id=18276, stack(0x00000011cdb00000,0x00000011cdc00000)]
  0x0000014f3a195000 JavaThread "ForkJoinPool.commonPool-worker-15" daemon [_thread_blocked, id=5256, stack(0x00000011cdc00000,0x00000011cdd00000)]
  0x0000014f3a021000 JavaThread "ForkJoinPool.commonPool-worker-13" daemon [_thread_blocked, id=12648, stack(0x00000011cdd00000,0x00000011cde00000)]
  0x0000014f3adc9000 JavaThread "HttpClient-1-SelectorManager" daemon [_thread_in_native, id=18400, stack(0x00000011ce000000,0x00000011ce100000)]
  0x0000014f3adca800 JavaThread "External Process Output Forwarder - C:\Users\Rajeev nandi\.cache\selenium\chromedriver\win64\151.0.7922.138\chromedriver.exe" daemon [_thread_in_native, id=23832, stack(0x00000011ce100000,0x00000011ce200000)]
  0x0000014f3adca000 JavaThread "Driver Service Executor" daemon [_thread_blocked, id=27696, stack(0x00000011ce200000,0x00000011ce300000)]
  0x0000014f3adc8800 JavaThread "Driver Service Executor" daemon [_thread_blocked, id=3156, stack(0x00000011ce300000,0x00000011ce400000)]
  0x0000014f3adcb800 JavaThread "UrlChecker-2" daemon [_thread_blocked, id=27148, stack(0x00000011ce400000,0x00000011ce500000)]
  0x0000014f3adcc800 JavaThread "JdkHttpClient-0-0" daemon [_thread_blocked, id=28808, stack(0x00000011ce500000,0x00000011ce600000)]
  0x0000014f3adce000 JavaThread "CompletableFutureDelayScheduler" daemon [_thread_blocked, id=1888, stack(0x00000011ce600000,0x00000011ce700000)]
  0x0000014f3adcf000 JavaThread "JdkHttpClient-0-1" daemon [_thread_blocked, id=10244, stack(0x00000011ce700000,0x00000011ce800000)]
  0x0000014f3a315800 JavaThread "JdkHttpClient-0-2" daemon [_thread_blocked, id=11004, stack(0x00000011ce800000,0x00000011ce900000)]
  0x0000014f3a315000 JavaThread "JdkHttpClient-0-3" daemon [_thread_blocked, id=31364, stack(0x00000011ce900000,0x00000011cea00000)]
  0x0000014f3a314000 JavaThread "HttpClient-2-SelectorManager" daemon [_thread_in_native, id=31048, stack(0x00000011cea00000,0x00000011ceb00000)]
  0x0000014f3a313800 JavaThread "JdkHttpClient-1-0" daemon [_thread_blocked, id=3876, stack(0x00000011ceb00000,0x00000011cec00000)]
  0x0000014f3a319000 JavaThread "JdkHttpClient-1-1" daemon [_thread_blocked, id=10712, stack(0x00000011cec00000,0x00000011ced00000)]
  0x0000014f3a318000 JavaThread "JdkHttpClient-1-2" daemon [_thread_blocked, id=26156, stack(0x00000011ced00000,0x00000011cee00000)]
  0x0000014f3a316800 JavaThread "Java2D Disposer" daemon [_thread_blocked, id=2644, stack(0x00000011cf000000,0x00000011cf100000)]
  0x0000014f3a31a000 JavaThread "AWT-Windows" daemon [_thread_in_native, id=12252, stack(0x00000011cf200000,0x00000011cf300000)]

Other Threads:
  0x0000014f3894a800 VMThread "VM Thread" [stack: 0x00000011cc700000,0x00000011cc800000] [id=12452]
  0x0000014f3933d000 WatcherThread [stack: 0x00000011cd000000,0x00000011cd100000] [id=18388]
  0x0000014f18b51800 GCTaskThread "GC Thread#0" [stack: 0x00000011cc200000,0x00000011cc300000] [id=30308]
  0x0000014f39ec7800 GCTaskThread "GC Thread#1" [stack: 0x00000011cd400000,0x00000011cd500000] [id=1812]
  0x0000014f39fb9000 GCTaskThread "GC Thread#2" [stack: 0x00000011cd500000,0x00000011cd600000] [id=4904]
  0x0000014f39c61000 GCTaskThread "GC Thread#3" [stack: 0x00000011cd600000,0x00000011cd700000] [id=28200]
  0x0000014f18b82800 ConcurrentGCThread "G1 Main Marker" [stack: 0x00000011cc300000,0x00000011cc400000] [id=4668]
  0x0000014f18b84800 ConcurrentGCThread "G1 Conc#0" [stack: 0x00000011cc400000,0x00000011cc500000] [id=27912]
  0x0000014f3abc7000 ConcurrentGCThread "G1 Conc#1" [stack: 0x00000011cdf00000,0x00000011ce000000] [id=27688]
  0x0000014f3878a800 ConcurrentGCThread "G1 Refine#0" [stack: 0x00000011cc500000,0x00000011cc600000] [id=13696]
  0x0000014f3878d800 ConcurrentGCThread "G1 Young RemSet Sampling" [stack: 0x00000011cc600000,0x00000011cc700000] [id=29544]

Threads with active compile tasks:
C2 CompilerThread0    46866 3387       4       sun.reflect.annotation.AnnotationInvocationHandler::memberValueToString (356 bytes)
C1 CompilerThread0    46866 3392       3       sun.reflect.generics.factory.CoreReflectionFactory::getDeclsLoader (85 bytes)

VM state:not at safepoint (normal execution)

VM Mutex/Monitor currently owned by a thread: None

Heap address: 0x0000000084000000, size: 1984 MB, Compressed Oops mode: 32-bit
Narrow klass base: 0x0000000000000000, Narrow klass shift: 3
Compressed class space size: 1073741824 Address: 0x0000000100000000

Heap:
 garbage-first heap   total 126976K, used 44312K [0x0000000084000000, 0x0000000100000000)
  region size 1024K, 37 young (37888K), 4 survivors (4096K)
 Metaspace       used 30404K, capacity 31654K, committed 32000K, reserved 1077248K
  class space    used 3446K, capacity 3996K, committed 4096K, reserved 1048576K
Heap Regions: E=young(eden), S=young(survivor), O=old, HS=humongous(starts), HC=humongous(continues), CS=collection set, F=free, A=archive, TAMS=top-at-mark-start (previous, next)
|   0|0x0000000084000000, 0x0000000084100000, 0x0000000084100000|100%|HS|  |TAMS 0x0000000084100000, 0x0000000084000000| Complete 
|   1|0x0000000084100000, 0x0000000084200000, 0x0000000084200000|100%| O|  |TAMS 0x0000000084200000, 0x0000000084100000| Untracked 
|   2|0x0000000084200000, 0x0000000084300000, 0x0000000084300000|100%| O|  |TAMS 0x0000000084300000, 0x0000000084200000| Untracked 
|   3|0x0000000084300000, 0x0000000084400000, 0x0000000084400000|100%| O|  |TAMS 0x0000000084400000, 0x0000000084300000| Untracked 
|   4|0x0000000084400000, 0x0000000084500000, 0x0000000084500000|100%| O|  |TAMS 0x0000000084500000, 0x0000000084400000| Untracked 
|   5|0x0000000084500000, 0x0000000084600000, 0x0000000084600000|100%| O|  |TAMS 0x0000000084600000, 0x0000000084500000| Untracked 
|   6|0x0000000084600000, 0x0000000084700000, 0x0000000084700000|100%| O|  |TAMS 0x0000000084700000, 0x0000000084600000| Untracked 
|   7|0x0000000084700000, 0x00000000847aa000, 0x0000000084800000| 66%| O|  |TAMS 0x00000000847aa000, 0x0000000084700000| Untracked 
|   8|0x0000000084800000, 0x0000000084800000, 0x0000000084900000|  0%| F|  |TAMS 0x0000000084800000, 0x0000000084800000| Untracked 
|   9|0x0000000084900000, 0x0000000084900000, 0x0000000084a00000|  0%| F|  |TAMS 0x0000000084900000, 0x0000000084900000| Untracked 
|  10|0x0000000084a00000, 0x0000000084a00000, 0x0000000084b00000|  0%| F|  |TAMS 0x0000000084a00000, 0x0000000084a00000| Untracked 
|  11|0x0000000084b00000, 0x0000000084b00000, 0x0000000084c00000|  0%| F|  |TAMS 0x0000000084b00000, 0x0000000084b00000| Untracked 
|  12|0x0000000084c00000, 0x0000000084c00000, 0x0000000084d00000|  0%| F|  |TAMS 0x0000000084c00000, 0x0000000084c00000| Untracked 
|  13|0x0000000084d00000, 0x0000000084d00000, 0x0000000084e00000|  0%| F|  |TAMS 0x0000000084d00000, 0x0000000084d00000| Untracked 
|  14|0x0000000084e00000, 0x0000000084e00000, 0x0000000084f00000|  0%| F|  |TAMS 0x0000000084e00000, 0x0000000084e00000| Untracked 
|  15|0x0000000084f00000, 0x0000000084f00000, 0x0000000085000000|  0%| F|  |TAMS 0x0000000084f00000, 0x0000000084f00000| Untracked 
|  16|0x0000000085000000, 0x0000000085000000, 0x0000000085100000|  0%| F|  |TAMS 0x0000000085000000, 0x0000000085000000| Untracked 
|  17|0x0000000085100000, 0x0000000085100000, 0x0000000085200000|  0%| F|  |TAMS 0x0000000085100000, 0x0000000085100000| Untracked 
|  18|0x0000000085200000, 0x0000000085200000, 0x0000000085300000|  0%| F|  |TAMS 0x0000000085200000, 0x0000000085200000| Untracked 
|  19|0x0000000085300000, 0x0000000085300000, 0x0000000085400000|  0%| F|  |TAMS 0x0000000085300000, 0x0000000085300000| Untracked 
|  20|0x0000000085400000, 0x0000000085400000, 0x0000000085500000|  0%| F|  |TAMS 0x0000000085400000, 0x0000000085400000| Untracked 
|  21|0x0000000085500000, 0x0000000085500000, 0x0000000085600000|  0%| F|  |TAMS 0x0000000085500000, 0x0000000085500000| Untracked 
|  22|0x0000000085600000, 0x0000000085600000, 0x0000000085700000|  0%| F|  |TAMS 0x0000000085600000, 0x0000000085600000| Untracked 
|  23|0x0000000085700000, 0x0000000085700000, 0x0000000085800000|  0%| F|  |TAMS 0x0000000085700000, 0x0000000085700000| Untracked 
|  24|0x0000000085800000, 0x0000000085800000, 0x0000000085900000|  0%| F|  |TAMS 0x0000000085800000, 0x0000000085800000| Untracked 
|  25|0x0000000085900000, 0x0000000085900000, 0x0000000085a00000|  0%| F|  |TAMS 0x0000000085900000, 0x0000000085900000| Untracked 
|  26|0x0000000085a00000, 0x0000000085a00000, 0x0000000085b00000|  0%| F|  |TAMS 0x0000000085a00000, 0x0000000085a00000| Untracked 
|  27|0x0000000085b00000, 0x0000000085b00000, 0x0000000085c00000|  0%| F|  |TAMS 0x0000000085b00000, 0x0000000085b00000| Untracked 
|  28|0x0000000085c00000, 0x0000000085c00000, 0x0000000085d00000|  0%| F|  |TAMS 0x0000000085c00000, 0x0000000085c00000| Untracked 
|  29|0x0000000085d00000, 0x0000000085d00000, 0x0000000085e00000|  0%| F|  |TAMS 0x0000000085d00000, 0x0000000085d00000| Untracked 
|  30|0x0000000085e00000, 0x0000000085e00000, 0x0000000085f00000|  0%| F|  |TAMS 0x0000000085e00000, 0x0000000085e00000| Untracked 
|  31|0x0000000085f00000, 0x0000000085f00000, 0x0000000086000000|  0%| F|  |TAMS 0x0000000085f00000, 0x0000000085f00000| Untracked 
|  32|0x0000000086000000, 0x0000000086000000, 0x0000000086100000|  0%| F|  |TAMS 0x0000000086000000, 0x0000000086000000| Untracked 
|  33|0x0000000086100000, 0x0000000086100000, 0x0000000086200000|  0%| F|  |TAMS 0x0000000086100000, 0x0000000086100000| Untracked 
|  34|0x0000000086200000, 0x0000000086200000, 0x0000000086300000|  0%| F|  |TAMS 0x0000000086200000, 0x0000000086200000| Untracked 
|  35|0x0000000086300000, 0x0000000086300000, 0x0000000086400000|  0%| F|  |TAMS 0x0000000086300000, 0x0000000086300000| Untracked 
|  36|0x0000000086400000, 0x0000000086400000, 0x0000000086500000|  0%| F|  |TAMS 0x0000000086400000, 0x0000000086400000| Untracked 
|  37|0x0000000086500000, 0x0000000086500000, 0x0000000086600000|  0%| F|  |TAMS 0x0000000086500000, 0x0000000086500000| Untracked 
|  38|0x0000000086600000, 0x0000000086600000, 0x0000000086700000|  0%| F|  |TAMS 0x0000000086600000, 0x0000000086600000| Untracked 
|  39|0x0000000086700000, 0x0000000086700000, 0x0000000086800000|  0%| F|  |TAMS 0x0000000086700000, 0x0000000086700000| Untracked 
|  40|0x0000000086800000, 0x0000000086800000, 0x0000000086900000|  0%| F|  |TAMS 0x0000000086800000, 0x0000000086800000| Untracked 
|  41|0x0000000086900000, 0x0000000086900000, 0x0000000086a00000|  0%| F|  |TAMS 0x0000000086900000, 0x0000000086900000| Untracked 
|  42|0x0000000086a00000, 0x0000000086a00000, 0x0000000086b00000|  0%| F|  |TAMS 0x0000000086a00000, 0x0000000086a00000| Untracked 
|  43|0x0000000086b00000, 0x0000000086b00000, 0x0000000086c00000|  0%| F|  |TAMS 0x0000000086b00000, 0x0000000086b00000| Untracked 
|  44|0x0000000086c00000, 0x0000000086c00000, 0x0000000086d00000|  0%| F|  |TAMS 0x0000000086c00000, 0x0000000086c00000| Untracked 
|  45|0x0000000086d00000, 0x0000000086d00000, 0x0000000086e00000|  0%| F|  |TAMS 0x0000000086d00000, 0x0000000086d00000| Untracked 
|  46|0x0000000086e00000, 0x0000000086e00000, 0x0000000086f00000|  0%| F|  |TAMS 0x0000000086e00000, 0x0000000086e00000| Untracked 
|  47|0x0000000086f00000, 0x0000000086f00000, 0x0000000087000000|  0%| F|  |TAMS 0x0000000086f00000, 0x0000000086f00000| Untracked 
|  48|0x0000000087000000, 0x0000000087000000, 0x0000000087100000|  0%| F|  |TAMS 0x0000000087000000, 0x0000000087000000| Untracked 
|  49|0x0000000087100000, 0x0000000087100000, 0x0000000087200000|  0%| F|  |TAMS 0x0000000087100000, 0x0000000087100000| Untracked 
|  50|0x0000000087200000, 0x0000000087200000, 0x0000000087300000|  0%| F|  |TAMS 0x0000000087200000, 0x0000000087200000| Untracked 
|  51|0x0000000087300000, 0x0000000087300000, 0x0000000087400000|  0%| F|  |TAMS 0x0000000087300000, 0x0000000087300000| Untracked 
|  52|0x0000000087400000, 0x0000000087400000, 0x0000000087500000|  0%| F|  |TAMS 0x0000000087400000, 0x0000000087400000| Untracked 
|  53|0x0000000087500000, 0x0000000087500000, 0x0000000087600000|  0%| F|  |TAMS 0x0000000087500000, 0x0000000087500000| Untracked 
|  54|0x0000000087600000, 0x0000000087600000, 0x0000000087700000|  0%| F|  |TAMS 0x0000000087600000, 0x0000000087600000| Untracked 
|  55|0x0000000087700000, 0x0000000087700000, 0x0000000087800000|  0%| F|  |TAMS 0x0000000087700000, 0x0000000087700000| Untracked 
|  56|0x0000000087800000, 0x0000000087800000, 0x0000000087900000|  0%| F|  |TAMS 0x0000000087800000, 0x0000000087800000| Untracked 
|  57|0x0000000087900000, 0x0000000087900000, 0x0000000087a00000|  0%| F|  |TAMS 0x0000000087900000, 0x0000000087900000| Untracked 
|  58|0x0000000087a00000, 0x0000000087a00000, 0x0000000087b00000|  0%| F|  |TAMS 0x0000000087a00000, 0x0000000087a00000| Untracked 
|  59|0x0000000087b00000, 0x0000000087b00000, 0x0000000087c00000|  0%| F|  |TAMS 0x0000000087b00000, 0x0000000087b00000| Untracked 
|  60|0x0000000087c00000, 0x0000000087c00000, 0x0000000087d00000|  0%| F|  |TAMS 0x0000000087c00000, 0x0000000087c00000| Untracked 
|  61|0x0000000087d00000, 0x0000000087d00000, 0x0000000087e00000|  0%| F|  |TAMS 0x0000000087d00000, 0x0000000087d00000| Untracked 
|  62|0x0000000087e00000, 0x0000000087e00000, 0x0000000087f00000|  0%| F|  |TAMS 0x0000000087e00000, 0x0000000087e00000| Untracked 
|  63|0x0000000087f00000, 0x0000000087f00000, 0x0000000088000000|  0%| F|  |TAMS 0x0000000087f00000, 0x0000000087f00000| Untracked 
|  64|0x0000000088000000, 0x0000000088000000, 0x0000000088100000|  0%| F|  |TAMS 0x0000000088000000, 0x0000000088000000| Untracked 
|  65|0x0000000088100000, 0x0000000088100000, 0x0000000088200000|  0%| F|  |TAMS 0x0000000088100000, 0x0000000088100000| Untracked 
|  66|0x0000000088200000, 0x0000000088200000, 0x0000000088300000|  0%| F|  |TAMS 0x0000000088200000, 0x0000000088200000| Untracked 
|  67|0x0000000088300000, 0x0000000088300000, 0x0000000088400000|  0%| F|  |TAMS 0x0000000088300000, 0x0000000088300000| Untracked 
|  68|0x0000000088400000, 0x0000000088400000, 0x0000000088500000|  0%| F|  |TAMS 0x0000000088400000, 0x0000000088400000| Untracked 
|  69|0x0000000088500000, 0x0000000088500000, 0x0000000088600000|  0%| F|  |TAMS 0x0000000088500000, 0x0000000088500000| Untracked 
|  70|0x0000000088600000, 0x000000008869c000, 0x0000000088700000| 60%| S|CS|TAMS 0x0000000088600000, 0x0000000088600000| Complete 
|  71|0x0000000088700000, 0x0000000088800000, 0x0000000088800000|100%| S|CS|TAMS 0x0000000088700000, 0x0000000088700000| Complete 
|  72|0x0000000088800000, 0x0000000088900000, 0x0000000088900000|100%| S|CS|TAMS 0x0000000088800000, 0x0000000088800000| Complete 
|  73|0x0000000088900000, 0x0000000088a00000, 0x0000000088a00000|100%| S|CS|TAMS 0x0000000088900000, 0x0000000088900000| Complete 
|  74|0x0000000088a00000, 0x0000000088a00000, 0x0000000088b00000|  0%| F|  |TAMS 0x0000000088a00000, 0x0000000088a00000| Untracked 
|  75|0x0000000088b00000, 0x0000000088b00000, 0x0000000088c00000|  0%| F|  |TAMS 0x0000000088b00000, 0x0000000088b00000| Untracked 
|  76|0x0000000088c00000, 0x0000000088c00000, 0x0000000088d00000|  0%| F|  |TAMS 0x0000000088c00000, 0x0000000088c00000| Untracked 
|  77|0x0000000088d00000, 0x0000000088d00000, 0x0000000088e00000|  0%| F|  |TAMS 0x0000000088d00000, 0x0000000088d00000| Untracked 
|  78|0x0000000088e00000, 0x0000000088e00000, 0x0000000088f00000|  0%| F|  |TAMS 0x0000000088e00000, 0x0000000088e00000| Untracked 
|  79|0x0000000088f00000, 0x0000000088f00000, 0x0000000089000000|  0%| F|  |TAMS 0x0000000088f00000, 0x0000000088f00000| Untracked 
|  80|0x0000000089000000, 0x0000000089000000, 0x0000000089100000|  0%| F|  |TAMS 0x0000000089000000, 0x0000000089000000| Untracked 
|  81|0x0000000089100000, 0x0000000089100000, 0x0000000089200000|  0%| F|  |TAMS 0x0000000089100000, 0x0000000089100000| Untracked 
|  82|0x0000000089200000, 0x0000000089200000, 0x0000000089300000|  0%| F|  |TAMS 0x0000000089200000, 0x0000000089200000| Untracked 
|  83|0x0000000089300000, 0x0000000089300000, 0x0000000089400000|  0%| F|  |TAMS 0x0000000089300000, 0x0000000089300000| Untracked 
|  84|0x0000000089400000, 0x0000000089400000, 0x0000000089500000|  0%| F|  |TAMS 0x0000000089400000, 0x0000000089400000| Untracked 
|  85|0x0000000089500000, 0x0000000089500000, 0x0000000089600000|  0%| F|  |TAMS 0x0000000089500000, 0x0000000089500000| Untracked 
|  86|0x0000000089600000, 0x0000000089600000, 0x0000000089700000|  0%| F|  |TAMS 0x0000000089600000, 0x0000000089600000| Untracked 
|  87|0x0000000089700000, 0x0000000089700000, 0x0000000089800000|  0%| F|  |TAMS 0x0000000089700000, 0x0000000089700000| Untracked 
|  88|0x0000000089800000, 0x0000000089800000, 0x0000000089900000|  0%| F|  |TAMS 0x0000000089800000, 0x0000000089800000| Untracked 
|  89|0x0000000089900000, 0x0000000089900000, 0x0000000089a00000|  0%| F|  |TAMS 0x0000000089900000, 0x0000000089900000| Untracked 
|  90|0x0000000089a00000, 0x0000000089a00000, 0x0000000089b00000|  0%| F|  |TAMS 0x0000000089a00000, 0x0000000089a00000| Untracked 
|  91|0x0000000089b00000, 0x0000000089bdf5a0, 0x0000000089c00000| 87%| E|  |TAMS 0x0000000089b00000, 0x0000000089b00000| Complete 
|  92|0x0000000089c00000, 0x0000000089d00000, 0x0000000089d00000|100%| E|CS|TAMS 0x0000000089c00000, 0x0000000089c00000| Complete 
|  93|0x0000000089d00000, 0x0000000089e00000, 0x0000000089e00000|100%| E|CS|TAMS 0x0000000089d00000, 0x0000000089d00000| Complete 
|  94|0x0000000089e00000, 0x0000000089f00000, 0x0000000089f00000|100%| E|CS|TAMS 0x0000000089e00000, 0x0000000089e00000| Complete 
|  95|0x0000000089f00000, 0x000000008a000000, 0x000000008a000000|100%| E|CS|TAMS 0x0000000089f00000, 0x0000000089f00000| Complete 
|  96|0x000000008a000000, 0x000000008a100000, 0x000000008a100000|100%| E|CS|TAMS 0x000000008a000000, 0x000000008a000000| Complete 
|  97|0x000000008a100000, 0x000000008a200000, 0x000000008a200000|100%| E|CS|TAMS 0x000000008a100000, 0x000000008a100000| Complete 
|  98|0x000000008a200000, 0x000000008a300000, 0x000000008a300000|100%| E|CS|TAMS 0x000000008a200000, 0x000000008a200000| Complete 
|  99|0x000000008a300000, 0x000000008a400000, 0x000000008a400000|100%| E|CS|TAMS 0x000000008a300000, 0x000000008a300000| Complete 
| 100|0x000000008a400000, 0x000000008a500000, 0x000000008a500000|100%| E|CS|TAMS 0x000000008a400000, 0x000000008a400000| Complete 
| 101|0x000000008a500000, 0x000000008a600000, 0x000000008a600000|100%| E|CS|TAMS 0x000000008a500000, 0x000000008a500000| Complete 
| 102|0x000000008a600000, 0x000000008a700000, 0x000000008a700000|100%| E|CS|TAMS 0x000000008a600000, 0x000000008a600000| Complete 
| 103|0x000000008a700000, 0x000000008a800000, 0x000000008a800000|100%| E|CS|TAMS 0x000000008a700000, 0x000000008a700000| Complete 
| 104|0x000000008a800000, 0x000000008a900000, 0x000000008a900000|100%| E|CS|TAMS 0x000000008a800000, 0x000000008a800000| Complete 
| 105|0x000000008a900000, 0x000000008aa00000, 0x000000008aa00000|100%| E|CS|TAMS 0x000000008a900000, 0x000000008a900000| Complete 
| 106|0x000000008aa00000, 0x000000008ab00000, 0x000000008ab00000|100%| E|CS|TAMS 0x000000008aa00000, 0x000000008aa00000| Complete 
| 107|0x000000008ab00000, 0x000000008ac00000, 0x000000008ac00000|100%| E|CS|TAMS 0x000000008ab00000, 0x000000008ab00000| Complete 
| 108|0x000000008ac00000, 0x000000008ad00000, 0x000000008ad00000|100%| E|CS|TAMS 0x000000008ac00000, 0x000000008ac00000| Complete 
| 109|0x000000008ad00000, 0x000000008ae00000, 0x000000008ae00000|100%| E|CS|TAMS 0x000000008ad00000, 0x000000008ad00000| Complete 
| 110|0x000000008ae00000, 0x000000008af00000, 0x000000008af00000|100%| E|CS|TAMS 0x000000008ae00000, 0x000000008ae00000| Complete 
| 111|0x000000008af00000, 0x000000008b000000, 0x000000008b000000|100%| E|CS|TAMS 0x000000008af00000, 0x000000008af00000| Complete 
| 112|0x000000008b000000, 0x000000008b100000, 0x000000008b100000|100%| E|CS|TAMS 0x000000008b000000, 0x000000008b000000| Complete 
| 113|0x000000008b100000, 0x000000008b200000, 0x000000008b200000|100%| E|CS|TAMS 0x000000008b100000, 0x000000008b100000| Complete 
| 114|0x000000008b200000, 0x000000008b300000, 0x000000008b300000|100%| E|CS|TAMS 0x000000008b200000, 0x000000008b200000| Complete 
| 115|0x000000008b300000, 0x000000008b400000, 0x000000008b400000|100%| E|CS|TAMS 0x000000008b300000, 0x000000008b300000| Complete 
| 116|0x000000008b400000, 0x000000008b500000, 0x000000008b500000|100%| E|CS|TAMS 0x000000008b400000, 0x000000008b400000| Complete 
| 117|0x000000008b500000, 0x000000008b600000, 0x000000008b600000|100%| E|CS|TAMS 0x000000008b500000, 0x000000008b500000| Complete 
| 118|0x000000008b600000, 0x000000008b700000, 0x000000008b700000|100%| E|CS|TAMS 0x000000008b600000, 0x000000008b600000| Complete 
| 119|0x000000008b700000, 0x000000008b800000, 0x000000008b800000|100%| E|CS|TAMS 0x000000008b700000, 0x000000008b700000| Complete 
| 120|0x000000008b800000, 0x000000008b900000, 0x000000008b900000|100%| E|CS|TAMS 0x000000008b800000, 0x000000008b800000| Complete 
| 121|0x000000008b900000, 0x000000008ba00000, 0x000000008ba00000|100%| E|CS|TAMS 0x000000008b900000, 0x000000008b900000| Complete 
| 122|0x000000008ba00000, 0x000000008bb00000, 0x000000008bb00000|100%| E|CS|TAMS 0x000000008ba00000, 0x000000008ba00000| Complete 
| 123|0x000000008bb00000, 0x000000008bc00000, 0x000000008bc00000|100%| E|CS|TAMS 0x000000008bb00000, 0x000000008bb00000| Complete 

Card table byte_map: [0x0000014f318a0000,0x0000014f31c80000] _byte_map_base: 0x0000014f31480000

Marking Bits (Prev, Next): (CMBitMap*) 0x0000014f18b77fb0, (CMBitMap*) 0x0000014f18b77f78
 Prev Bits: [0x0000014f33f60000, 0x0000014f35e60000)
 Next Bits: [0x0000014f32060000, 0x0000014f33f60000)

Polling page: 0x0000014f18900000

Metaspace:

Usage:
  Non-class:     27.01 MB capacity,    26.33 MB ( 97%) used,   551.31 KB (  2%) free+waste,   148.75 KB ( <1%) overhead. 
      Class:      3.90 MB capacity,     3.37 MB ( 86%) used,   473.49 KB ( 12%) free+waste,    75.88 KB (  2%) overhead. 
       Both:     30.91 MB capacity,    29.69 MB ( 96%) used,     1.00 MB (  3%) free+waste,   224.62 KB ( <1%) overhead. 

Virtual space:
  Non-class space:       28.00 MB reserved,      27.25 MB ( 97%) committed 
      Class space:        1.00 GB reserved,       4.00 MB ( <1%) committed 
             Both:        1.03 GB reserved,      31.25 MB (  3%) committed 

Chunk freelists:
   Non-Class:  256 bytes
       Class:  512 bytes
        Both:  768 bytes

CodeHeap 'non-profiled nmethods': size=120000Kb used=1416Kb max_used=1416Kb free=118583Kb
 bounds [0x0000014f29620000, 0x0000014f29890000, 0x0000014f30b50000]
CodeHeap 'profiled nmethods': size=120000Kb used=6722Kb max_used=6722Kb free=113277Kb
 bounds [0x0000014f220f0000, 0x0000014f22790000, 0x0000014f29620000]
CodeHeap 'non-nmethods': size=5760Kb used=1253Kb max_used=1271Kb free=4506Kb
 bounds [0x0000014f21b50000, 0x0000014f21dc0000, 0x0000014f220f0000]
 total_blobs=3980 nmethods=3358 adapters=533
 compilation: enabled
              stopped_count=0, restarted_count=0
 full_count=0

Compilation events (10 events):
Event: 39.685 Thread 0x0000014f3920c000 nmethod 3386 0x0000014f2277ee10 code [0x0000014f2277efc0, 0x0000014f2277f2a8]
Event: 39.708 Thread 0x0000014f391b1000 nmethod 3378 0x0000014f2977e410 code [0x0000014f2977e6a0, 0x0000014f297808f0]
Event: 39.708 Thread 0x0000014f391b1000 3387       4       sun.reflect.annotation.AnnotationInvocationHandler::memberValueToString (356 bytes)
Event: 39.746 Thread 0x0000014f3920c000 3389       3       java.nio.ByteBuffer::clear (7 bytes)
Event: 39.747 Thread 0x0000014f3920c000 nmethod 3389 0x0000014f2277f410 code [0x0000014f2277f5a0, 0x0000014f2277f718]
Event: 41.797 Thread 0x0000014f3920c000 3390       3       jdk.internal.reflect.ClassFileAssembler::emitConstantPoolMethodref (28 bytes)
Event: 41.797 Thread 0x0000014f3920c000 nmethod 3390 0x0000014f2277f810 code [0x0000014f2277fa40, 0x0000014f227800c8]
Event: 41.797 Thread 0x0000014f3920c000 3391   !   3       sun.reflect.generics.factory.CoreReflectionFactory::makeNamedType (21 bytes)
Event: 41.797 Thread 0x0000014f3920c000 nmethod 3391 0x0000014f22780490 code [0x0000014f22780660, 0x0000014f227808c8]
Event: 41.797 Thread 0x0000014f3920c000 3392       3       sun.reflect.generics.factory.CoreReflectionFactory::getDeclsLoader (85 bytes)

GC Heap History (6 events):
Event: 1.738 GC heap before
{Heap before GC invocations=0 (full 0):
 garbage-first heap   total 126976K, used 24576K [0x0000000084000000, 0x0000000100000000)
  region size 1024K, 24 young (24576K), 0 survivors (0K)
 Metaspace       used 13441K, capacity 13816K, committed 14080K, reserved 1062912K
  class space    used 1354K, capacity 1490K, committed 1536K, reserved 1048576K
}
Event: 1.747 GC heap after
{Heap after GC invocations=1 (full 0):
 garbage-first heap   total 126976K, used 7380K [0x0000000084000000, 0x0000000100000000)
  region size 1024K, 3 young (3072K), 3 survivors (3072K)
 Metaspace       used 13441K, capacity 13816K, committed 14080K, reserved 1062912K
  class space    used 1354K, capacity 1490K, committed 1536K, reserved 1048576K
}
Event: 2.125 GC heap before
{Heap before GC invocations=1 (full 0):
 garbage-first heap   total 126976K, used 29908K [0x0000000084000000, 0x0000000100000000)
  region size 1024K, 25 young (25600K), 3 survivors (3072K)
 Metaspace       used 14643K, capacity 15072K, committed 15232K, reserved 1062912K
  class space    used 1493K, capacity 1654K, committed 1664K, reserved 1048576K
}
Event: 2.129 GC heap after
{Heap after GC invocations=2 (full 0):
 garbage-first heap   total 126976K, used 8668K [0x0000000084000000, 0x0000000100000000)
  region size 1024K, 1 young (1024K), 1 survivors (1024K)
 Metaspace       used 14643K, capacity 15072K, committed 15232K, reserved 1062912K
  class space    used 1493K, capacity 1654K, committed 1664K, reserved 1048576K
}
Event: 5.672 GC heap before
{Heap before GC invocations=2 (full 0):
 garbage-first heap   total 126976K, used 57820K [0x0000000084000000, 0x0000000100000000)
  region size 1024K, 50 young (51200K), 1 survivors (1024K)
 Metaspace       used 20461K, capacity 21174K, committed 21248K, reserved 1069056K
  class space    used 2204K, capacity 2532K, committed 2560K, reserved 1048576K
}
Event: 5.679 GC heap after
{Heap after GC invocations=3 (full 0):
 garbage-first heap   total 126976K, used 11544K [0x0000000084000000, 0x0000000100000000)
  region size 1024K, 4 young (4096K), 4 survivors (4096K)
 Metaspace       used 20461K, capacity 21174K, committed 21248K, reserved 1069056K
  class space    used 2204K, capacity 2532K, committed 2560K, reserved 1048576K
}

Deoptimization events (10 events):
Event: 6.198 Thread 0x0000014f18b3d000 Uncommon trap: reason=class_check action=maybe_recompile pc=0x0000014f29722c60 method=java.util.regex.Matcher.search(I)Z @ 121 c2
Event: 6.198 Thread 0x0000014f18b3d000 Uncommon trap: reason=class_check action=maybe_recompile pc=0x0000014f29722c60 method=java.util.regex.Matcher.search(I)Z @ 121 c2
Event: 6.376 Thread 0x0000014f18b3d000 Uncommon trap: reason=unstable_if action=reinterpret pc=0x0000014f2972fe98 method=java.io.ByteArrayInputStream.read([BII)I @ 35 c2
Event: 6.429 Thread 0x0000014f3adcc800 Uncommon trap: reason=intrinsic_or_type_checked_inlining action=make_not_entrant pc=0x0000014f29741e54 method=java.util.Arrays.copyOf([Ljava/lang/Object;ILjava/lang/Class;)[Ljava/lang/Object; @ 35 c2
Event: 6.439 Thread 0x0000014f3adcc800 Uncommon trap: reason=unstable_if action=reinterpret pc=0x0000014f29719e30 method=java.util.Arrays.hashCode([Ljava/lang/Object;)I @ 34 c2
Event: 8.747 Thread 0x0000014f18b3d000 Uncommon trap: reason=unstable_if action=reinterpret pc=0x0000014f296e5c54 method=java.util.concurrent.ConcurrentHashMap.putVal(Ljava/lang/Object;Ljava/lang/Object;Z)Ljava/lang/Object; @ 231 c2
Event: 39.657 Thread 0x0000014f18b3d000 Uncommon trap: reason=profile_predicate action=maybe_recompile pc=0x0000014f2977c130 method=java.lang.invoke.InvokerBytecodeGenerator.<init>(Ljava/lang/String;Ljava/lang/String;Ljava/lang/invoke/LambdaForm;Ljava/lang/invoke/MethodType;)V @ 33 c2
Event: 39.657 Thread 0x0000014f18b3d000 Uncommon trap: reason=profile_predicate action=maybe_recompile pc=0x0000014f2977c130 method=java.lang.invoke.InvokerBytecodeGenerator.<init>(Ljava/lang/String;Ljava/lang/String;Ljava/lang/invoke/LambdaForm;Ljava/lang/invoke/MethodType;)V @ 33 c2
Event: 39.657 Thread 0x0000014f18b3d000 Uncommon trap: reason=profile_predicate action=maybe_recompile pc=0x0000014f2977c130 method=java.lang.invoke.InvokerBytecodeGenerator.<init>(Ljava/lang/String;Ljava/lang/String;Ljava/lang/invoke/LambdaForm;Ljava/lang/invoke/MethodType;)V @ 33 c2
Event: 39.658 Thread 0x0000014f18b3d000 Uncommon trap: reason=profile_predicate action=maybe_recompile pc=0x0000014f2977c130 method=java.lang.invoke.InvokerBytecodeGenerator.<init>(Ljava/lang/String;Ljava/lang/String;Ljava/lang/invoke/LambdaForm;Ljava/lang/invoke/MethodType;)V @ 33 c2

Classes redefined (0 events):
No events

Internal exceptions (10 events):
Event: 6.455 Thread 0x0000014f3adcc800 Exception <a 'java/lang/NoSuchMethodError'{0x000000008ac6f218}: java.lang.invoke.DirectMethodHandle$Holder.invokeSpecial(Ljava/lang/Object;Ljava/lang/Object;Ljava/lang/Object;Ljava/lang/Object;Ljava/lang/Object;)V> (0x000000008ac6f218) thrown at [./open/s
Event: 6.463 Thread 0x0000014f3adcc800 Exception <a 'java/lang/NoSuchMethodError'{0x000000008ac92ba8}: java.lang.invoke.DirectMethodHandle$Holder.invokeStatic(Ljava/lang/Object;JJ)J> (0x000000008ac92ba8) thrown at [./open/src/hotspot/share/interpreter/linkResolver.cpp, line 772]
Event: 8.586 Thread 0x0000014f3adcf000 Exception <a 'java/lang/NoSuchMethodError'{0x000000008aa229a0}: java.lang.invoke.DirectMethodHandle$Holder.invokeSpecial(Ljava/lang/Object;Ljava/lang/Object;Ljava/lang/Object;Ljava/lang/Object;Ljava/lang/Object;Ljava/lang/Object;Ljava/lang/Object;)V> (0x0
Event: 8.635 Thread 0x0000014f18b3d000 Exception <a 'java/lang/NoSuchMethodError'{0x000000008aa9c608}: java.lang.invoke.DirectMethodHandle$Holder.invokeSpecialIFC(Ljava/lang/Object;Ljava/lang/Object;Ljava/lang/Object;)Ljava/lang/Object;> (0x000000008aa9c608) thrown at [./open/src/hotspot/share
Event: 9.248 Thread 0x0000014f18b3d000 Exception <a 'java/lang/ClassNotFoundException'{0x000000008a6d8538}: sun/util/logging/resources/spi/loggingProvider> (0x000000008a6d8538) thrown at [./open/src/hotspot/share/classfile/systemDictionary.cpp, line 226]
Event: 37.058 Thread 0x0000014f18b3d000 Exception <a 'java/lang/ClassNotFoundException'{0x0000000089e4ea28}: sun/awt/resources/spi/awtProvider> (0x0000000089e4ea28) thrown at [./open/src/hotspot/share/classfile/systemDictionary.cpp, line 226]
Event: 38.082 Thread 0x0000014f18b3d000 Exception <a 'java/io/FileNotFoundException'{0x0000000089e53358}> (0x0000000089e53358) thrown at [./open/src/hotspot/share/prims/jni.cpp, line 611]
Event: 38.085 Thread 0x0000014f18b3d000 Exception <a 'java/io/FileNotFoundException'{0x0000000089e57390}> (0x0000000089e57390) thrown at [./open/src/hotspot/share/prims/jni.cpp, line 611]
Event: 39.659 Thread 0x0000014f18b3d000 Exception <a 'java/lang/NoSuchMethodError'{0x0000000089d1c290}: java.lang.invoke.DirectMethodHandle$Holder.invokeStatic(Ljava/lang/Object;Ljava/lang/Object;Ljava/lang/Object;Ljava/lang/Object;Ljava/lang/Object;Ljava/lang/Object;Ljava/lang/Object;Ljava/lan
Event: 39.661 Thread 0x0000014f18b3d000 Exception <a 'java/lang/NoSuchMethodError'{0x0000000089d36520}: java.lang.invoke.DirectMethodHandle$Holder.invokeStatic(Ljava/lang/Object;Ljava/lang/Object;Ljava/lang/Object;Ljava/lang/Object;Ljava/lang/Object;Ljava/lang/Object;Ljava/lang/Object;Ljava/lan

Events (10 events):
Event: 41.792 loading class com/aventstack/extentreports/observer/entity/LogEntity
Event: 41.792 loading class com/aventstack/extentreports/observer/entity/LogEntity done
Event: 41.793 loading class com/aventstack/extentreports/observer/entity/LogEntity$LogEntityBuilder
Event: 41.793 loading class com/aventstack/extentreports/observer/entity/LogEntity$LogEntityBuilder done
Event: 41.794 loading class org/testng/remote/strprotocol/TestResultMessage
Event: 41.794 loading class org/testng/remote/strprotocol/TestResultMessage done
Event: 41.795 loading class org/testng/remote/strprotocol/MessageHelper
Event: 41.795 loading class org/testng/remote/strprotocol/MessageHelper done
Event: 41.797 loading class org/testng/shaded/com/google/gson/internal/$Gson$Types$GenericArrayTypeImpl
Event: 41.797 loading class org/testng/shaded/com/google/gson/internal/$Gson$Types$GenericArrayTypeImpl done


Dynamic libraries:
0x00007ff615e50000 - 0x00007ff615e60000 	C:\Program Files\Java\jdk-11\bin\javaw.exe
0x00007ffe9cd20000 - 0x00007ffe9cf86000 	C:\WINDOWS\SYSTEM32\ntdll.dll
0x00007ffe9c450000 - 0x00007ffe9c519000 	C:\WINDOWS\System32\KERNEL32.DLL
0x00007ffe9a2e0000 - 0x00007ffe9a6df000 	C:\WINDOWS\System32\KERNELBASE.dll
0x00007ffe9a8f0000 - 0x00007ffe9aa3c000 	C:\WINDOWS\System32\ucrtbase.dll
0x00007ffe904c0000 - 0x00007ffe904d9000 	C:\Program Files\Java\jdk-11\bin\jli.dll
0x00007ffe9b930000 - 0x00007ffe9b9ec000 	C:\WINDOWS\System32\ADVAPI32.dll
0x00007ffe9b2a0000 - 0x00007ffe9b349000 	C:\WINDOWS\System32\msvcrt.dll
0x00007ffe9aa50000 - 0x00007ffe9aafa000 	C:\WINDOWS\System32\sechost.dll
0x00007ffe9b450000 - 0x00007ffe9b568000 	C:\WINDOWS\System32\RPCRT4.dll
0x00007ffe9b760000 - 0x00007ffe9b926000 	C:\WINDOWS\System32\USER32.dll
0x00007ffe9a2b0000 - 0x00007ffe9a2d7000 	C:\WINDOWS\System32\win32u.dll
0x00007ffe9c940000 - 0x00007ffe9c96b000 	C:\WINDOWS\System32\GDI32.dll
0x00007ffe9a180000 - 0x00007ffe9a2a9000 	C:\WINDOWS\System32\gdi32full.dll
0x00007ffe9a840000 - 0x00007ffe9a8e3000 	C:\WINDOWS\System32\msvcp_win.dll
0x00007ffe89530000 - 0x00007ffe8954b000 	C:\Program Files\Java\jdk-11\bin\VCRUNTIME140.dll
0x00007ffe7d6e0000 - 0x00007ffe7d971000 	C:\WINDOWS\WinSxS\amd64_microsoft.windows.common-controls_6595b64144ccf1df_6.0.26100.8972_none_3e0da176e32f9d4b\COMCTL32.dll
0x00007ffe88670000 - 0x00007ffe8867b000 	C:\WINDOWS\SYSTEM32\VERSION.dll
0x00007ffe9c400000 - 0x00007ffe9c432000 	C:\WINDOWS\System32\IMM32.DLL
0x00007ffe96870000 - 0x00007ffe9687c000 	C:\Program Files\Java\jdk-11\bin\vcruntime140_1.dll
0x00007ffe47490000 - 0x00007ffe4751e000 	C:\Program Files\Java\jdk-11\bin\msvcp140.dll
0x00007ffe22860000 - 0x00007ffe233cd000 	C:\Program Files\Java\jdk-11\bin\server\jvm.dll
0x00007ffe9ab00000 - 0x00007ffe9ab08000 	C:\WINDOWS\System32\PSAPI.DLL
0x00007ffe75a30000 - 0x00007ffe75a3a000 	C:\WINDOWS\SYSTEM32\WSOCK32.dll
0x00007ffe9c690000 - 0x00007ffe9c712000 	C:\WINDOWS\System32\WS2_32.dll
0x00007ffe90c90000 - 0x00007ffe90cc6000 	C:\WINDOWS\SYSTEM32\WINMM.dll
0x00007ffe98c20000 - 0x00007ffe98c3b000 	C:\WINDOWS\SYSTEM32\kernel.appcore.dll
0x00007ffe904b0000 - 0x00007ffe904c0000 	C:\Program Files\Java\jdk-11\bin\verify.dll
0x00007ffe973f0000 - 0x00007ffe97632000 	C:\WINDOWS\SYSTEM32\DBGHELP.DLL
0x00007ffe9bbe0000 - 0x00007ffe9bf65000 	C:\WINDOWS\System32\combase.dll
0x00007ffe9c720000 - 0x00007ffe9c7f9000 	C:\WINDOWS\System32\OLEAUT32.dll
0x00007ffe75850000 - 0x00007ffe7588b000 	C:\WINDOWS\SYSTEM32\dbgcore.DLL
0x00007ffe99f30000 - 0x00007ffe99fdc000 	C:\WINDOWS\System32\bcryptPrimitives.dll
0x00007ffe86880000 - 0x00007ffe868a8000 	C:\Program Files\Java\jdk-11\bin\java.dll
0x00007ffe86a10000 - 0x00007ffe86a1a000 	C:\Program Files\Java\jdk-11\bin\jimage.dll
0x00007ffe864f0000 - 0x00007ffe86507000 	C:\Program Files\Java\jdk-11\bin\zip.dll
0x00007ffe9ab10000 - 0x00007ffe9b298000 	C:\WINDOWS\System32\SHELL32.dll
0x00007ffe979c0000 - 0x00007ffe9825b000 	C:\WINDOWS\SYSTEM32\windows.storage.dll
0x00007ffe9b630000 - 0x00007ffe9b729000 	C:\WINDOWS\System32\SHCORE.dll
0x00007ffe9b3e0000 - 0x00007ffe9b446000 	C:\WINDOWS\System32\shlwapi.dll
0x00007ffe99e50000 - 0x00007ffe99e79000 	C:\WINDOWS\SYSTEM32\profapi.dll
0x00007ffe459e0000 - 0x00007ffe459f9000 	C:\Program Files\Java\jdk-11\bin\net.dll
0x00007ffe929f0000 - 0x00007ffe92b18000 	C:\WINDOWS\SYSTEM32\WINHTTP.dll
0x00007ffe991d0000 - 0x00007ffe9923c000 	C:\WINDOWS\system32\mswsock.dll
0x00007ffe437e0000 - 0x00007ffe437f2000 	C:\Program Files\Java\jdk-11\bin\nio.dll
0x00007ffe986c0000 - 0x00007ffe98818000 	C:\WINDOWS\SYSTEM32\DNSAPI.dll
0x00007ffe98fb0000 - 0x00007ffe98fbd000 	C:\WINDOWS\SYSTEM32\DSPARSE.dll
0x00007ffe985b0000 - 0x00007ffe985e3000 	C:\WINDOWS\SYSTEM32\IPHLPAPI.DLL
0x00007ffe9c440000 - 0x00007ffe9c44a000 	C:\WINDOWS\System32\NSI.dll
0x00007ffe92df0000 - 0x00007ffe92dfb000 	C:\Windows\System32\rasadhlp.dll
0x00007ffe934e0000 - 0x00007ffe93566000 	C:\WINDOWS\System32\fwpuclnt.dll
0x00007ffe994e0000 - 0x00007ffe994fb000 	C:\WINDOWS\SYSTEM32\CRYPTSP.dll
0x00007ffe98b80000 - 0x00007ffe98bb9000 	C:\WINDOWS\system32\rsaenh.dll
0x00007ffe99280000 - 0x00007ffe992b2000 	C:\WINDOWS\SYSTEM32\USERENV.dll
0x00007ffe99e20000 - 0x00007ffe99e4a000 	C:\WINDOWS\SYSTEM32\bcrypt.dll
0x00007ffe994c0000 - 0x00007ffe994cc000 	C:\WINDOWS\SYSTEM32\CRYPTBASE.dll
0x00007ffe931e0000 - 0x00007ffe931fd000 	C:\WINDOWS\SYSTEM32\dhcpcsvc6.DLL
0x00007ffe931b0000 - 0x00007ffe931d5000 	C:\WINDOWS\SYSTEM32\dhcpcsvc.DLL
0x00007ffe840d0000 - 0x00007ffe840d9000 	C:\Program Files\Java\jdk-11\bin\management.dll
0x00007ffe7f9e0000 - 0x00007ffe7f9eb000 	C:\Program Files\Java\jdk-11\bin\management_ext.dll
0x00007ffe7e870000 - 0x00007ffe7e87e000 	C:\Program Files\Java\jdk-11\bin\sunmscapi.dll
0x00007ffe99ff0000 - 0x00007ffe9a16e000 	C:\WINDOWS\System32\CRYPT32.dll
0x00007ffe99700000 - 0x00007ffe99730000 	C:\WINDOWS\SYSTEM32\ncrypt.dll
0x00007ffe996b0000 - 0x00007ffe996ef000 	C:\WINDOWS\SYSTEM32\NTASN1.dll
0x00007ffe4b480000 - 0x00007ffe4b4a7000 	C:\Program Files\Java\jdk-11\bin\sunec.dll
0x00007ffe22090000 - 0x00007ffe22213000 	C:\Program Files\Java\jdk-11\bin\awt.dll
0x00007ffe96910000 - 0x00007ffe969af000 	C:\WINDOWS\SYSTEM32\apphelp.dll
0x00007ffe96f00000 - 0x00007ffe96f2f000 	C:\WINDOWS\system32\DWMAPI.DLL
0x00007ffe96b80000 - 0x00007ffe96c28000 	C:\WINDOWS\system32\uxtheme.dll
0x00007ffe62770000 - 0x00007ffe6287c000 	C:\WINDOWS\system32\opengl32.dll
0x00007ffe7dfa0000 - 0x00007ffe7dfcd000 	C:\WINDOWS\SYSTEM32\GLU32.dll
0x00007ffe96c50000 - 0x00007ffe96c95000 	C:\WINDOWS\SYSTEM32\dxcore.dll
0x00007ffe9c520000 - 0x00007ffe9c67d000 	C:\WINDOWS\System32\MSCTF.dll
0x00007ffe9cb20000 - 0x00007ffe9ccb9000 	C:\WINDOWS\System32\ole32.dll

dbghelp: loaded successfully - version: 4.0.5 - missing functions: none
symbol engine: initialized successfully - sym options: 0x614 - pdb path: .;C:\Program Files\Java\jdk-11\bin;C:\WINDOWS\SYSTEM32;C:\WINDOWS\WinSxS\amd64_microsoft.windows.common-controls_6595b64144ccf1df_6.0.26100.8972_none_3e0da176e32f9d4b;C:\Program Files\Java\jdk-11\bin\server

VM Arguments:
jvm_args: -ea -Dfile.encoding=UTF-8 -Dstdout.encoding=UTF-8 -Dstderr.encoding=UTF-8 
java_command: org.testng.remote.RemoteTestNG -serport 60657 -protocol json -d C:\Users\Rajeev nandi\git\Main\Main\Octopussaas_main_Framework\test-output C:\Users\Rajeev nandi\AppData\Local\Temp\testng-eclipse-146755928\testng-customsuite.xml
java_class_path (initial): C:\Users\Rajeev nandi\eclipse\java-2026-03\eclipse\configuration\org.eclipse.osgi\533\0\.cp\lib\testng-remote.jar;C:\Users\Rajeev nandi\git\Main\Main\Octopussaas_main_Framework\target\test-classes;C:\Users\Rajeev nandi\git\Main\Main\Octopussaas_main_Framework\target\classes;C:\Users\Rajeev nandi\.m2\repository\org\seleniumhq\selenium\selenium-java\4.34.0\selenium-java-4.34.0.jar;C:\Users\Rajeev nandi\.m2\repository\org\seleniumhq\selenium\selenium-api\4.34.0\selenium-api-4.34.0.jar;C:\Users\Rajeev nandi\.m2\repository\org\jspecify\jspecify\1.0.0\jspecify-1.0.0.jar;C:\Users\Rajeev nandi\.m2\repository\org\seleniumhq\selenium\selenium-chrome-driver\4.34.0\selenium-chrome-driver-4.34.0.jar;C:\Users\Rajeev nandi\.m2\repository\com\google\auto\service\auto-service-annotations\1.1.1\auto-service-annotations-1.1.1.jar;C:\Users\Rajeev nandi\.m2\repository\org\seleniumhq\selenium\selenium-chromium-driver\4.34.0\selenium-chromium-driver-4.34.0.jar;C:\Users\Rajeev nandi\.m2\repository\org\seleniumhq\selenium\selenium-json\4.34.0\selenium-json-4.34.0.jar;C:\Users\Rajeev nandi\.m2\repository\org\seleniumhq\selenium\selenium-manager\4.34.0\selenium-manager-4.34.0.jar;C:\Users\Rajeev nandi\.m2\repository\org\seleniumhq\selenium\selenium-devtools-v136\4.34.0\selenium-devtools-v136-4.34.0.jar;C:\Users\Rajeev nandi\.m2\repository\org\seleniumhq\selenium\selenium-devtools-v137\4.34.0\selenium-devtools-v137-4.34.0.jar;C:\Users\Rajeev nandi\.m2\repository\org\seleniumhq\selenium\selenium-devtools-v138\4.34.0\selenium-devtools-v138-4.34.0.jar;C:\Users\Rajeev nandi\.m2\repository\org\seleniumhq\selenium\selenium-edge-driver\4.34.0\selenium-edge-driver-4.34.0.jar;C:\Users\Rajeev nandi\.m2\repository\org\seleniumhq\selenium\selenium-firefox-driver\4.34.0\selenium-firefox-driver-4.34.0.jar;C:\Users\Rajeev nandi\.m2\repository\org\seleniumhq\selenium\selenium-http\4.34.0\selenium-http-4.34.0.jar;C:\Users\Rajeev nandi\.m2\repository\org\seleniumhq\selenium\selenium
Launcher Type: SUN_STANDARD

[Global flags]
     intx CICompilerCount                          = 4                                         {product} {ergonomic}
     uint ConcGCThreads                            = 2                                         {product} {ergonomic}
     uint G1ConcRefinementThreads                  = 8                                         {product} {ergonomic}
   size_t G1HeapRegionSize                         = 1048576                                   {product} {ergonomic}
    uintx GCDrainStackTargetSize                   = 64                                        {product} {ergonomic}
   size_t InitialHeapSize                          = 130023424                                 {product} {ergonomic}
   size_t MarkStackSize                            = 4194304                                   {product} {ergonomic}
   size_t MaxHeapSize                              = 2080374784                                {product} {ergonomic}
   size_t MaxNewSize                               = 1247805440                                {product} {ergonomic}
   size_t MinHeapDeltaBytes                        = 1048576                                   {product} {ergonomic}
    uintx NonNMethodCodeHeapSize                   = 5836300                                {pd product} {ergonomic}
    uintx NonProfiledCodeHeapSize                  = 122910970                              {pd product} {ergonomic}
    uintx ProfiledCodeHeapSize                     = 122910970                              {pd product} {ergonomic}
    uintx ReservedCodeCacheSize                    = 251658240                              {pd product} {ergonomic}
     bool SegmentedCodeCache                       = true                                      {product} {ergonomic}
     bool UseCompressedClassPointers               = true                                 {lp64_product} {ergonomic}
     bool UseCompressedOops                        = true                                 {lp64_product} {ergonomic}
     bool UseG1GC                                  = true                                      {product} {ergonomic}
     bool UseLargePagesIndividualAllocation        = false                                  {pd product} {ergonomic}

Logging:
Log output configuration:
 #0: stdout all=warning uptime,level,tags
 #1: stderr all=off uptime,level,tags

Environment Variables:
JAVA_HOME=C:\Program Files\Java\jdk-17
PATH=C:\Python314\Scripts\;C:\Python314\;C:\app\Rajeevnandi2\product\11.2.0\dbhome_1\bin;C:\app\Rajeevnandi\product\11.2.0\dbhome_2\bin;C:\app\Rajeevnandi\product\11.2.0\dbhome_1\bin;C:\Program Files\Common Files\Oracle\Java\javapath;C:\WINDOWS\system32;C:\WINDOWS;C:\WINDOWS\System32\Wbem;C:\WINDOWS\System32\WindowsPowerShell\v1.0\;C:\WINDOWS\System32\OpenSSH\;C:\Program Files\dotnet\;C:\Program Files\Java\jdk-21\bin;C:\Program Files\Java\jdk-17\bin;D:\automation software\apache-maven-3.9.11-bin\apache-maven-3.9.11\bin;C:\ProgramData\chocolatey\bin;C:\Program Files\nodejs\;C:\Program Files\MySQL\MySQL Shell 8.0\bin\;C:\Users\Rajeev nandi\AppData\Local\Microsoft\WindowsApps;C:\Program Files\JetBrains\PyCharm 2023.2\bin;;C:\Users\Rajeev nandi\AppData\Local\Programs\Microsoft VS Code\bin;D:\automation software\apache-maven-3.9.11-bin\apache-maven-3.9.11\bin;C:\Users\Rajeev nandi\AppData\Roaming\npm
USERNAME=Rajeev nandi
OS=Windows_NT
PROCESSOR_IDENTIFIER=Intel64 Family 6 Model 140 Stepping 1, GenuineIntel



---------------  S Y S T E M  ---------------

OS: Windows 11 , 64 bit Build 26100 (10.0.26100.9168)
Hyper-V role detected

CPU:total 8 (initial active 8) (4 cores per cpu, 2 threads per core) family 6 model 140 stepping 1 microcode 0xbe, cmov, cx8, fxsr, mmx, sse, sse2, sse3, ssse3, sse4.1, sse4.2, popcnt, avx, avx2, aes, clmul, erms, 3dnowpref, lzcnt, ht, tsc, tscinvbit, bmi1, bmi2, adx, evex, sha, fma

Memory: 4k page, system-wide physical 7934M (101M free)
TotalPageFile size 32510M (AvailPageFile size 5M)
current process WorkingSet (physical memory assigned to process): 162M, peak: 164M
current process commit charge ("private bytes"): 260M, peak: 261M

vm_info: Java HotSpot(TM) 64-Bit Server VM (11.0.21+9-LTS-193) for windows-amd64 JRE (11.0.21+9-LTS-193), built on Sep 13 2023 11:04:38 by "mach5one" with MS VC++ 17.1 (VS2022)

END.
