#
# There is insufficient memory for the Java Runtime Environment to continue.
# Native memory allocation (malloc) failed to allocate 1496656 bytes for Chunk::new
# Possible reasons:
#   The system is out of physical RAM or swap space
#   The process is running with CompressedOops enabled, and the Java Heap may be blocking the growth of the native heap
# Possible solutions:
#   Reduce memory load on the system
#   Increase physical memory or swap space
#   Check if swap backing store is full
#   Decrease Java heap size (-Xmx/-Xms)
#   Decrease number of Java threads
#   Decrease Java thread stack sizes (-Xss)
#   Set larger code cache with -XX:ReservedCodeCacheSize=
#   JVM is running with Unscaled Compressed Oops mode in which the Java heap is
#     placed in the first 4GB address space. The Java Heap base address is the
#     maximum limit for the native heap growth. Please use -XX:HeapBaseMinAddress
#     to set the Java Heap base and to place the Java Heap above 4GB virtual address.
# This output file may be truncated or incomplete.
#
#  Out of Memory Error (./open/src/hotspot/share/memory/arena.cpp:197), pid=12540, tid=31856
#
# JRE version: Java(TM) SE Runtime Environment 18.9 (11.0.21+9) (build 11.0.21+9-LTS-193)
# Java VM: Java HotSpot(TM) 64-Bit Server VM 18.9 (11.0.21+9-LTS-193, mixed mode, tiered, compressed oops, g1 gc, windows-amd64)
# No core dump will be written. Minidumps are not enabled by default on client versions of Windows
#

---------------  S U M M A R Y ------------

Command Line: -ea -Dfile.encoding=UTF-8 -Dstdout.encoding=UTF-8 -Dstderr.encoding=UTF-8 org.testng.remote.RemoteTestNG -serport 56691 -protocol json -d C:\Users\Rajeev nandi\git\Main\Main\Octopussaas_main_Framework\test-output C:\Users\Rajeev nandi\AppData\Local\Temp\testng-eclipse--1856797992\testng-customsuite.xml

Host: 11th Gen Intel(R) Core(TM) i5-1135G7 @ 2.40GHz, 8 cores, 7G,  Windows 11 , 64 bit Build 26100 (10.0.26100.9168)
Time: Thu Aug 20 10:17:22 2026 India Standard Time elapsed time: 25.324225 seconds (0d 0h 0m 25s)

---------------  T H R E A D  ---------------

Current thread (0x00000245ff871800):  JavaThread "C2 CompilerThread0" daemon [_thread_in_native, id=31856, stack(0x000000cb3c200000,0x000000cb3c300000)]


Current CompileTask:
C2:  25324 2837       4       jdk.internal.org.objectweb.asm.Frame::execute (2264 bytes)

Stack: [0x000000cb3c200000,0x000000cb3c300000]
Native frames: (J=compiled Java code, j=interpreted, Vv=VM code, C=native code)
V  [jvm.dll+0x66058a]
V  [sechost.dll+0x7a362f]
V  [OLEAUT32.dll+0x7a4cf9]
V  [jvm.dll+0x7a5393]
V  [jvm.dll+0x258f55]
V  [jvm.dll+0xb2a0c]
V  [jvm.dll+0xb2fcc]
V  [jvm.dll+0x367771]
V  [jvm.dll+0x330445]
V  [jvm.dll+0x32f82a]
V  [jvm.dll+0x211c3d]
V  [jvm.dll+0x210c08]
V  [jvm.dll+0x18cdb1]
V  [jvm.dll+0x220e99]
V  [jvm.dll+0x21f1bc]
V  [jvm.dll+0x7673c1]
V  [jvm.dll+0x75fc44]
V  [jvm.dll+0x65f435]
C  [ucrtbase.dll+0x2cd30]
C  [KERNEL32.DLL+0x2ccb7]
C  [ntdll.dll+0xaad6c]


---------------  P R O C E S S  ---------------

Threads class SMR info:
_java_thread_list=0x0000024599a6eae0, length=27, elements={
0x00000245f7ae4000, 0x00000245feefe000, 0x00000245fef09000, 0x00000245ff86d800,
0x00000245ff86e800, 0x00000245ff86f800, 0x00000245ff871800, 0x00000245ff875000,
0x00000245ff890000, 0x00000245ffa33000, 0x00000245ffa32000, 0x00000245ffa30800,
0x00000245ffa33800, 0x00000245ffa31000, 0x00000245ffa34800, 0x00000245ffa35800,
0x00000245ffa36000, 0x00000245ffa37000, 0x0000024599da3800, 0x0000024599da5800,
0x0000024599da7800, 0x0000024599da6800, 0x0000024599daa000, 0x0000024599da8000,
0x0000024599daa800, 0x0000024599dab800, 0x0000024599da9000
}

Java Threads: ( => current thread )
  0x00000245f7ae4000 JavaThread "main" [_thread_blocked, id=10812, stack(0x000000cb3b600000,0x000000cb3b700000)]
  0x00000245feefe000 JavaThread "Reference Handler" daemon [_thread_blocked, id=18028, stack(0x000000cb3bd00000,0x000000cb3be00000)]
  0x00000245fef09000 JavaThread "Finalizer" daemon [_thread_blocked, id=22072, stack(0x000000cb3be00000,0x000000cb3bf00000)]
  0x00000245ff86d800 JavaThread "Signal Dispatcher" daemon [_thread_blocked, id=22868, stack(0x000000cb3bf00000,0x000000cb3c000000)]
  0x00000245ff86e800 JavaThread "Attach Listener" daemon [_thread_blocked, id=23056, stack(0x000000cb3c000000,0x000000cb3c100000)]
  0x00000245ff86f800 JavaThread "Service Thread" daemon [_thread_blocked, id=1036, stack(0x000000cb3c100000,0x000000cb3c200000)]
=>0x00000245ff871800 JavaThread "C2 CompilerThread0" daemon [_thread_in_native, id=31856, stack(0x000000cb3c200000,0x000000cb3c300000)]
  0x00000245ff875000 JavaThread "C1 CompilerThread0" daemon [_thread_blocked, id=21280, stack(0x000000cb3c300000,0x000000cb3c400000)]
  0x00000245ff890000 JavaThread "Sweeper thread" daemon [_thread_blocked, id=5888, stack(0x000000cb3c400000,0x000000cb3c500000)]
  0x00000245ffa33000 JavaThread "Common-Cleaner" daemon [_thread_blocked, id=12428, stack(0x000000cb3c600000,0x000000cb3c700000)]
  0x00000245ffa32000 JavaThread "ReaderThread" [_thread_in_native, id=3196, stack(0x000000cb3c900000,0x000000cb3ca00000)]
  0x00000245ffa30800 JavaThread "ForkJoinPool.commonPool-worker-3" daemon [_thread_blocked, id=20632, stack(0x000000cb3cc00000,0x000000cb3cd00000)]
  0x00000245ffa33800 JavaThread "ForkJoinPool.commonPool-worker-5" daemon [_thread_blocked, id=5740, stack(0x000000cb3cd00000,0x000000cb3ce00000)]
  0x00000245ffa31000 JavaThread "ForkJoinPool.commonPool-worker-7" daemon [_thread_blocked, id=20416, stack(0x000000cb3ce00000,0x000000cb3cf00000)]
  0x00000245ffa34800 JavaThread "ForkJoinPool.commonPool-worker-9" daemon [_thread_blocked, id=29960, stack(0x000000cb3cf00000,0x000000cb3d000000)]
  0x00000245ffa35800 JavaThread "ForkJoinPool.commonPool-worker-11" daemon [_thread_blocked, id=25224, stack(0x000000cb3d000000,0x000000cb3d100000)]
  0x00000245ffa36000 JavaThread "ForkJoinPool.commonPool-worker-13" daemon [_thread_blocked, id=4456, stack(0x000000cb3d100000,0x000000cb3d200000)]
  0x00000245ffa37000 JavaThread "ForkJoinPool.commonPool-worker-15" daemon [_thread_blocked, id=5860, stack(0x000000cb3d200000,0x000000cb3d300000)]
  0x0000024599da3800 JavaThread "HttpClient-1-SelectorManager" daemon [_thread_in_native, id=13072, stack(0x000000cb3d500000,0x000000cb3d600000)]
  0x0000024599da5800 JavaThread "Driver Service Executor" daemon [_thread_blocked, id=31292, stack(0x000000cb3d700000,0x000000cb3d800000)]
  0x0000024599da7800 JavaThread "Driver Service Executor" daemon [_thread_blocked, id=11152, stack(0x000000cb3d800000,0x000000cb3d900000)]
  0x0000024599da6800 JavaThread "UrlChecker-2" daemon [_thread_blocked, id=18424, stack(0x000000cb3d900000,0x000000cb3da00000)]
  0x0000024599daa000 JavaThread "JdkHttpClient-0-0" daemon [_thread_blocked, id=30184, stack(0x000000cb3db00000,0x000000cb3dc00000)]
  0x0000024599da8000 JavaThread "CompletableFutureDelayScheduler" daemon [_thread_blocked, id=9256, stack(0x000000cb3dc00000,0x000000cb3dd00000)]
  0x0000024599daa800 JavaThread "JdkHttpClient-0-1" daemon [_thread_blocked, id=17328, stack(0x000000cb3dd00000,0x000000cb3de00000)]
  0x0000024599dab800 JavaThread "JdkHttpClient-0-2" daemon [_thread_blocked, id=29820, stack(0x000000cb3de00000,0x000000cb3df00000)]
  0x0000024599da9000 JavaThread "JdkHttpClient-0-3" daemon [_thread_blocked, id=20012, stack(0x000000cb3df00000,0x000000cb3e000000)]

Other Threads:
  0x00000245feefc800 VMThread "VM Thread" [stack: 0x000000cb3bc00000,0x000000cb3bd00000] [id=30068]
  0x00000245ffa23800 WatcherThread [stack: 0x000000cb3c500000,0x000000cb3c600000] [id=13284]
  0x00000245f7af8800 GCTaskThread "GC Thread#0" [stack: 0x000000cb3b700000,0x000000cb3b800000] [id=1300]
  0x0000024598f2e800 GCTaskThread "GC Thread#1" [stack: 0x000000cb3c700000,0x000000cb3c800000] [id=3972]
  0x0000024598df9800 GCTaskThread "GC Thread#2" [stack: 0x000000cb3ca00000,0x000000cb3cb00000] [id=2508]
  0x0000024598f91000 GCTaskThread "GC Thread#3" [stack: 0x000000cb3cb00000,0x000000cb3cc00000] [id=15168]
  0x00000245f7b28800 ConcurrentGCThread "G1 Main Marker" [stack: 0x000000cb3b800000,0x000000cb3b900000] [id=27340]
  0x00000245f7b2f000 ConcurrentGCThread "G1 Conc#0" [stack: 0x000000cb3b900000,0x000000cb3ba00000] [id=18880]
  0x00000245991c0800 ConcurrentGCThread "G1 Conc#1" [stack: 0x000000cb3d400000,0x000000cb3d500000] [id=13972]
  0x00000245f7b26800 ConcurrentGCThread "G1 Refine#0" [stack: 0x000000cb3ba00000,0x000000cb3bb00000] [id=23912]
  0x00000245fed46800 ConcurrentGCThread "G1 Young RemSet Sampling" [stack: 0x000000cb3bb00000,0x000000cb3bc00000] [id=18404]

Threads with active compile tasks:
C2 CompilerThread0    25356 2837       4       jdk.internal.org.objectweb.asm.Frame::execute (2264 bytes)

VM state:not at safepoint (normal execution)

VM Mutex/Monitor currently owned by a thread: None

Heap address: 0x0000000084000000, size: 1984 MB, Compressed Oops mode: 32-bit
Narrow klass base: 0x0000000000000000, Narrow klass shift: 3
Compressed class space size: 1073741824 Address: 0x0000000100000000

Heap:
 garbage-first heap   total 126976K, used 32731K [0x0000000084000000, 0x0000000100000000)
  region size 1024K, 29 young (29696K), 7 survivors (7168K)
 Metaspace       used 27436K, capacity 28630K, committed 28800K, reserved 1075200K
  class space    used 3136K, capacity 3692K, committed 3712K, reserved 1048576K
Heap Regions: E=young(eden), S=young(survivor), O=old, HS=humongous(starts), HC=humongous(continues), CS=collection set, F=free, A=archive, TAMS=top-at-mark-start (previous, next)
|   0|0x0000000084000000, 0x0000000084100000, 0x0000000084100000|100%|HS|  |TAMS 0x0000000084100000, 0x0000000084000000| Complete 
|   1|0x0000000084100000, 0x0000000084200000, 0x0000000084200000|100%| O|  |TAMS 0x0000000084200000, 0x0000000084100000| Untracked 
|   2|0x0000000084200000, 0x0000000084300000, 0x0000000084300000|100%| O|  |TAMS 0x0000000084300000, 0x0000000084200000| Untracked 
|   3|0x0000000084300000, 0x0000000084400000, 0x0000000084400000|100%| O|  |TAMS 0x0000000084400000, 0x0000000084300000| Untracked 
|   4|0x0000000084400000, 0x0000000084498e00, 0x0000000084500000| 59%| O|  |TAMS 0x0000000084498e00, 0x0000000084400000| Untracked 
|   5|0x0000000084500000, 0x0000000084500000, 0x0000000084600000|  0%| F|  |TAMS 0x0000000084500000, 0x0000000084500000| Untracked 
|   6|0x0000000084600000, 0x0000000084600000, 0x0000000084700000|  0%| F|  |TAMS 0x0000000084600000, 0x0000000084600000| Untracked 
|   7|0x0000000084700000, 0x0000000084700000, 0x0000000084800000|  0%| F|  |TAMS 0x0000000084700000, 0x0000000084700000| Untracked 
|   8|0x0000000084800000, 0x0000000084800000, 0x0000000084900000|  0%| F|  |TAMS 0x0000000084800000, 0x0000000084800000| Untracked 
|   9|0x0000000084900000, 0x0000000084900000, 0x0000000084a00000|  0%| F|  |TAMS 0x0000000084900000, 0x0000000084900000| Untracked 
|  10|0x0000000084a00000, 0x0000000084a00000, 0x0000000084b00000|  0%| F|  |TAMS 0x0000000084a00000, 0x0000000084a00000| Untracked 
|  11|0x0000000084b00000, 0x0000000084b00000, 0x0000000084c00000|  0%| F|  |TAMS 0x0000000084b00000, 0x0000000084b00000| Untracked 
|  12|0x0000000084c00000, 0x0000000084c00000, 0x0000000084d00000|  0%| F|  |TAMS 0x0000000084c00000, 0x0000000084c00000| Untracked 
|  13|0x0000000084d00000, 0x0000000084d00000, 0x0000000084e00000|  0%| F|  |TAMS 0x0000000084d00000, 0x0000000084d00000| Untracked 
|  14|0x0000000084e00000, 0x0000000084e00000, 0x0000000084f00000|  0%| F|  |TAMS 0x0000000084e00000, 0x0000000084e00000| Untracked 
|  15|0x0000000084f00000, 0x0000000084f00000, 0x0000000085000000|  0%| F|  |TAMS 0x0000000084f00000, 0x0000000084f00000| Untracked 
|  16|0x0000000085000000, 0x0000000085000000, 0x0000000085100000|  0%| F|  |TAMS 0x0000000085000000, 0x0000000085000000| Untracked 
|  17|0x0000000085100000, 0x0000000085100000, 0x0000000085200000|  0%| F|  |TAMS 0x0000000085100000, 0x0000000085100000| Untracked 
|  18|0x0000000085200000, 0x0000000085200000, 0x0000000085300000|  0%| F|  |TAMS 0x0000000085200000, 0x0000000085200000| Untracked 
|  19|0x0000000085300000, 0x0000000085300000, 0x0000000085400000|  0%| F|  |TAMS 0x0000000085300000, 0x0000000085300000| Untracked 
|  20|0x0000000085400000, 0x0000000085400000, 0x0000000085500000|  0%| F|  |TAMS 0x0000000085400000, 0x0000000085400000| Untracked 
|  21|0x0000000085500000, 0x0000000085500000, 0x0000000085600000|  0%| F|  |TAMS 0x0000000085500000, 0x0000000085500000| Untracked 
|  22|0x0000000085600000, 0x0000000085600000, 0x0000000085700000|  0%| F|  |TAMS 0x0000000085600000, 0x0000000085600000| Untracked 
|  23|0x0000000085700000, 0x0000000085700000, 0x0000000085800000|  0%| F|  |TAMS 0x0000000085700000, 0x0000000085700000| Untracked 
|  24|0x0000000085800000, 0x0000000085800000, 0x0000000085900000|  0%| F|  |TAMS 0x0000000085800000, 0x0000000085800000| Untracked 
|  25|0x0000000085900000, 0x0000000085900000, 0x0000000085a00000|  0%| F|  |TAMS 0x0000000085900000, 0x0000000085900000| Untracked 
|  26|0x0000000085a00000, 0x0000000085a00000, 0x0000000085b00000|  0%| F|  |TAMS 0x0000000085a00000, 0x0000000085a00000| Untracked 
|  27|0x0000000085b00000, 0x0000000085b00000, 0x0000000085c00000|  0%| F|  |TAMS 0x0000000085b00000, 0x0000000085b00000| Untracked 
|  28|0x0000000085c00000, 0x0000000085c00000, 0x0000000085d00000|  0%| F|  |TAMS 0x0000000085c00000, 0x0000000085c00000| Untracked 
|  29|0x0000000085d00000, 0x0000000085d00000, 0x0000000085e00000|  0%| F|  |TAMS 0x0000000085d00000, 0x0000000085d00000| Untracked 
|  30|0x0000000085e00000, 0x0000000085e00000, 0x0000000085f00000|  0%| F|  |TAMS 0x0000000085e00000, 0x0000000085e00000| Untracked 
|  31|0x0000000085f00000, 0x0000000085f00000, 0x0000000086000000|  0%| F|  |TAMS 0x0000000085f00000, 0x0000000085f00000| Untracked 
|  32|0x0000000086000000, 0x0000000086000000, 0x0000000086100000|  0%| F|  |TAMS 0x0000000086000000, 0x0000000086000000| Untracked 
|  33|0x0000000086100000, 0x0000000086100000, 0x0000000086200000|  0%| F|  |TAMS 0x0000000086100000, 0x0000000086100000| Untracked 
|  34|0x0000000086200000, 0x0000000086200000, 0x0000000086300000|  0%| F|  |TAMS 0x0000000086200000, 0x0000000086200000| Untracked 
|  35|0x0000000086300000, 0x0000000086300000, 0x0000000086400000|  0%| F|  |TAMS 0x0000000086300000, 0x0000000086300000| Untracked 
|  36|0x0000000086400000, 0x0000000086400000, 0x0000000086500000|  0%| F|  |TAMS 0x0000000086400000, 0x0000000086400000| Untracked 
|  37|0x0000000086500000, 0x0000000086500000, 0x0000000086600000|  0%| F|  |TAMS 0x0000000086500000, 0x0000000086500000| Untracked 
|  38|0x0000000086600000, 0x0000000086600000, 0x0000000086700000|  0%| F|  |TAMS 0x0000000086600000, 0x0000000086600000| Untracked 
|  39|0x0000000086700000, 0x0000000086700000, 0x0000000086800000|  0%| F|  |TAMS 0x0000000086700000, 0x0000000086700000| Untracked 
|  40|0x0000000086800000, 0x0000000086800000, 0x0000000086900000|  0%| F|  |TAMS 0x0000000086800000, 0x0000000086800000| Untracked 
|  41|0x0000000086900000, 0x0000000086900000, 0x0000000086a00000|  0%| F|  |TAMS 0x0000000086900000, 0x0000000086900000| Untracked 
|  42|0x0000000086a00000, 0x0000000086a00000, 0x0000000086b00000|  0%| F|  |TAMS 0x0000000086a00000, 0x0000000086a00000| Untracked 
|  43|0x0000000086b00000, 0x0000000086b5df90, 0x0000000086c00000| 36%| S|CS|TAMS 0x0000000086b00000, 0x0000000086b00000| Complete 
|  44|0x0000000086c00000, 0x0000000086d00000, 0x0000000086d00000|100%| S|CS|TAMS 0x0000000086c00000, 0x0000000086c00000| Complete 
|  45|0x0000000086d00000, 0x0000000086e00000, 0x0000000086e00000|100%| S|CS|TAMS 0x0000000086d00000, 0x0000000086d00000| Complete 
|  46|0x0000000086e00000, 0x0000000086f00000, 0x0000000086f00000|100%| S|CS|TAMS 0x0000000086e00000, 0x0000000086e00000| Complete 
|  47|0x0000000086f00000, 0x0000000087000000, 0x0000000087000000|100%| S|CS|TAMS 0x0000000086f00000, 0x0000000086f00000| Complete 
|  48|0x0000000087000000, 0x0000000087100000, 0x0000000087100000|100%| S|CS|TAMS 0x0000000087000000, 0x0000000087000000| Complete 
|  49|0x0000000087100000, 0x0000000087200000, 0x0000000087200000|100%| S|CS|TAMS 0x0000000087100000, 0x0000000087100000| Complete 
|  50|0x0000000087200000, 0x0000000087200000, 0x0000000087300000|  0%| F|  |TAMS 0x0000000087200000, 0x0000000087200000| Untracked 
|  51|0x0000000087300000, 0x0000000087300000, 0x0000000087400000|  0%| F|  |TAMS 0x0000000087300000, 0x0000000087300000| Untracked 
|  52|0x0000000087400000, 0x0000000087400000, 0x0000000087500000|  0%| F|  |TAMS 0x0000000087400000, 0x0000000087400000| Untracked 
|  53|0x0000000087500000, 0x0000000087500000, 0x0000000087600000|  0%| F|  |TAMS 0x0000000087500000, 0x0000000087500000| Untracked 
|  54|0x0000000087600000, 0x0000000087600000, 0x0000000087700000|  0%| F|  |TAMS 0x0000000087600000, 0x0000000087600000| Untracked 
|  55|0x0000000087700000, 0x0000000087700000, 0x0000000087800000|  0%| F|  |TAMS 0x0000000087700000, 0x0000000087700000| Untracked 
|  56|0x0000000087800000, 0x0000000087800000, 0x0000000087900000|  0%| F|  |TAMS 0x0000000087800000, 0x0000000087800000| Untracked 
|  57|0x0000000087900000, 0x0000000087900000, 0x0000000087a00000|  0%| F|  |TAMS 0x0000000087900000, 0x0000000087900000| Untracked 
|  58|0x0000000087a00000, 0x0000000087a00000, 0x0000000087b00000|  0%| F|  |TAMS 0x0000000087a00000, 0x0000000087a00000| Untracked 
|  59|0x0000000087b00000, 0x0000000087b00000, 0x0000000087c00000|  0%| F|  |TAMS 0x0000000087b00000, 0x0000000087b00000| Untracked 
|  60|0x0000000087c00000, 0x0000000087c00000, 0x0000000087d00000|  0%| F|  |TAMS 0x0000000087c00000, 0x0000000087c00000| Untracked 
|  61|0x0000000087d00000, 0x0000000087d00000, 0x0000000087e00000|  0%| F|  |TAMS 0x0000000087d00000, 0x0000000087d00000| Untracked 
|  62|0x0000000087e00000, 0x0000000087e00000, 0x0000000087f00000|  0%| F|  |TAMS 0x0000000087e00000, 0x0000000087e00000| Untracked 
|  63|0x0000000087f00000, 0x0000000087f00000, 0x0000000088000000|  0%| F|  |TAMS 0x0000000087f00000, 0x0000000087f00000| Untracked 
|  64|0x0000000088000000, 0x0000000088000000, 0x0000000088100000|  0%| F|  |TAMS 0x0000000088000000, 0x0000000088000000| Untracked 
|  65|0x0000000088100000, 0x0000000088100000, 0x0000000088200000|  0%| F|  |TAMS 0x0000000088100000, 0x0000000088100000| Untracked 
|  66|0x0000000088200000, 0x0000000088200000, 0x0000000088300000|  0%| F|  |TAMS 0x0000000088200000, 0x0000000088200000| Untracked 
|  67|0x0000000088300000, 0x0000000088300000, 0x0000000088400000|  0%| F|  |TAMS 0x0000000088300000, 0x0000000088300000| Untracked 
|  68|0x0000000088400000, 0x0000000088400000, 0x0000000088500000|  0%| F|  |TAMS 0x0000000088400000, 0x0000000088400000| Untracked 
|  69|0x0000000088500000, 0x0000000088500000, 0x0000000088600000|  0%| F|  |TAMS 0x0000000088500000, 0x0000000088500000| Untracked 
|  70|0x0000000088600000, 0x0000000088600000, 0x0000000088700000|  0%| F|  |TAMS 0x0000000088600000, 0x0000000088600000| Untracked 
|  71|0x0000000088700000, 0x0000000088700000, 0x0000000088800000|  0%| F|  |TAMS 0x0000000088700000, 0x0000000088700000| Untracked 
|  72|0x0000000088800000, 0x0000000088800000, 0x0000000088900000|  0%| F|  |TAMS 0x0000000088800000, 0x0000000088800000| Untracked 
|  73|0x0000000088900000, 0x0000000088900000, 0x0000000088a00000|  0%| F|  |TAMS 0x0000000088900000, 0x0000000088900000| Untracked 
|  74|0x0000000088a00000, 0x0000000088a00000, 0x0000000088b00000|  0%| F|  |TAMS 0x0000000088a00000, 0x0000000088a00000| Untracked 
|  75|0x0000000088b00000, 0x0000000088b00000, 0x0000000088c00000|  0%| F|  |TAMS 0x0000000088b00000, 0x0000000088b00000| Untracked 
|  76|0x0000000088c00000, 0x0000000088c00000, 0x0000000088d00000|  0%| F|  |TAMS 0x0000000088c00000, 0x0000000088c00000| Untracked 
|  77|0x0000000088d00000, 0x0000000088d00000, 0x0000000088e00000|  0%| F|  |TAMS 0x0000000088d00000, 0x0000000088d00000| Untracked 
|  78|0x0000000088e00000, 0x0000000088e00000, 0x0000000088f00000|  0%| F|  |TAMS 0x0000000088e00000, 0x0000000088e00000| Untracked 
|  79|0x0000000088f00000, 0x0000000088f00000, 0x0000000089000000|  0%| F|  |TAMS 0x0000000088f00000, 0x0000000088f00000| Untracked 
|  80|0x0000000089000000, 0x0000000089000000, 0x0000000089100000|  0%| F|  |TAMS 0x0000000089000000, 0x0000000089000000| Untracked 
|  81|0x0000000089100000, 0x0000000089100000, 0x0000000089200000|  0%| F|  |TAMS 0x0000000089100000, 0x0000000089100000| Untracked 
|  82|0x0000000089200000, 0x0000000089200000, 0x0000000089300000|  0%| F|  |TAMS 0x0000000089200000, 0x0000000089200000| Untracked 
|  83|0x0000000089300000, 0x0000000089300000, 0x0000000089400000|  0%| F|  |TAMS 0x0000000089300000, 0x0000000089300000| Untracked 
|  84|0x0000000089400000, 0x0000000089400000, 0x0000000089500000|  0%| F|  |TAMS 0x0000000089400000, 0x0000000089400000| Untracked 
|  85|0x0000000089500000, 0x0000000089500000, 0x0000000089600000|  0%| F|  |TAMS 0x0000000089500000, 0x0000000089500000| Untracked 
|  86|0x0000000089600000, 0x0000000089600000, 0x0000000089700000|  0%| F|  |TAMS 0x0000000089600000, 0x0000000089600000| Untracked 
|  87|0x0000000089700000, 0x0000000089700000, 0x0000000089800000|  0%| F|  |TAMS 0x0000000089700000, 0x0000000089700000| Untracked 
|  88|0x0000000089800000, 0x0000000089800000, 0x0000000089900000|  0%| F|  |TAMS 0x0000000089800000, 0x0000000089800000| Untracked 
|  89|0x0000000089900000, 0x0000000089900000, 0x0000000089a00000|  0%| F|  |TAMS 0x0000000089900000, 0x0000000089900000| Untracked 
|  90|0x0000000089a00000, 0x0000000089a00000, 0x0000000089b00000|  0%| F|  |TAMS 0x0000000089a00000, 0x0000000089a00000| Untracked 
|  91|0x0000000089b00000, 0x0000000089b00000, 0x0000000089c00000|  0%| F|  |TAMS 0x0000000089b00000, 0x0000000089b00000| Untracked 
|  92|0x0000000089c00000, 0x0000000089c00000, 0x0000000089d00000|  0%| F|  |TAMS 0x0000000089c00000, 0x0000000089c00000| Untracked 
|  93|0x0000000089d00000, 0x0000000089d00000, 0x0000000089e00000|  0%| F|  |TAMS 0x0000000089d00000, 0x0000000089d00000| Untracked 
|  94|0x0000000089e00000, 0x0000000089e00000, 0x0000000089f00000|  0%| F|  |TAMS 0x0000000089e00000, 0x0000000089e00000| Untracked 
|  95|0x0000000089f00000, 0x0000000089f00000, 0x000000008a000000|  0%| F|  |TAMS 0x0000000089f00000, 0x0000000089f00000| Untracked 
|  96|0x000000008a000000, 0x000000008a000000, 0x000000008a100000|  0%| F|  |TAMS 0x000000008a000000, 0x000000008a000000| Untracked 
|  97|0x000000008a100000, 0x000000008a100000, 0x000000008a200000|  0%| F|  |TAMS 0x000000008a100000, 0x000000008a100000| Untracked 
|  98|0x000000008a200000, 0x000000008a200000, 0x000000008a300000|  0%| F|  |TAMS 0x000000008a200000, 0x000000008a200000| Untracked 
|  99|0x000000008a300000, 0x000000008a300000, 0x000000008a400000|  0%| F|  |TAMS 0x000000008a300000, 0x000000008a300000| Untracked 
| 100|0x000000008a400000, 0x000000008a400000, 0x000000008a500000|  0%| F|  |TAMS 0x000000008a400000, 0x000000008a400000| Untracked 
| 101|0x000000008a500000, 0x000000008a500000, 0x000000008a600000|  0%| F|  |TAMS 0x000000008a500000, 0x000000008a500000| Untracked 
| 102|0x000000008a600000, 0x000000008a683270, 0x000000008a700000| 51%| E|  |TAMS 0x000000008a600000, 0x000000008a600000| Complete 
| 103|0x000000008a700000, 0x000000008a800000, 0x000000008a800000|100%| E|CS|TAMS 0x000000008a700000, 0x000000008a700000| Complete 
| 104|0x000000008a800000, 0x000000008a900000, 0x000000008a900000|100%| E|CS|TAMS 0x000000008a800000, 0x000000008a800000| Complete 
| 105|0x000000008a900000, 0x000000008aa00000, 0x000000008aa00000|100%| E|CS|TAMS 0x000000008a900000, 0x000000008a900000| Complete 
| 106|0x000000008aa00000, 0x000000008ab00000, 0x000000008ab00000|100%| E|CS|TAMS 0x000000008aa00000, 0x000000008aa00000| Complete 
| 107|0x000000008ab00000, 0x000000008ac00000, 0x000000008ac00000|100%| E|CS|TAMS 0x000000008ab00000, 0x000000008ab00000| Complete 
| 108|0x000000008ac00000, 0x000000008ad00000, 0x000000008ad00000|100%| E|CS|TAMS 0x000000008ac00000, 0x000000008ac00000| Complete 
| 109|0x000000008ad00000, 0x000000008ae00000, 0x000000008ae00000|100%| E|CS|TAMS 0x000000008ad00000, 0x000000008ad00000| Complete 
| 110|0x000000008ae00000, 0x000000008af00000, 0x000000008af00000|100%| E|CS|TAMS 0x000000008ae00000, 0x000000008ae00000| Complete 
| 111|0x000000008af00000, 0x000000008b000000, 0x000000008b000000|100%| E|CS|TAMS 0x000000008af00000, 0x000000008af00000| Complete 
| 112|0x000000008b000000, 0x000000008b100000, 0x000000008b100000|100%| E|CS|TAMS 0x000000008b000000, 0x000000008b000000| Complete 
| 113|0x000000008b100000, 0x000000008b200000, 0x000000008b200000|100%| E|CS|TAMS 0x000000008b100000, 0x000000008b100000| Complete 
| 114|0x000000008b200000, 0x000000008b300000, 0x000000008b300000|100%| E|CS|TAMS 0x000000008b200000, 0x000000008b200000| Complete 
| 115|0x000000008b300000, 0x000000008b400000, 0x000000008b400000|100%| E|CS|TAMS 0x000000008b300000, 0x000000008b300000| Complete 
| 116|0x000000008b400000, 0x000000008b500000, 0x000000008b500000|100%| E|CS|TAMS 0x000000008b400000, 0x000000008b400000| Complete 
| 117|0x000000008b500000, 0x000000008b600000, 0x000000008b600000|100%| E|CS|TAMS 0x000000008b500000, 0x000000008b500000| Complete 
| 118|0x000000008b600000, 0x000000008b700000, 0x000000008b700000|100%| E|CS|TAMS 0x000000008b600000, 0x000000008b600000| Complete 
| 119|0x000000008b700000, 0x000000008b800000, 0x000000008b800000|100%| E|CS|TAMS 0x000000008b700000, 0x000000008b700000| Complete 
| 120|0x000000008b800000, 0x000000008b900000, 0x000000008b900000|100%| E|CS|TAMS 0x000000008b800000, 0x000000008b800000| Complete 
| 121|0x000000008b900000, 0x000000008ba00000, 0x000000008ba00000|100%| E|CS|TAMS 0x000000008b900000, 0x000000008b900000| Complete 
| 122|0x000000008ba00000, 0x000000008bb00000, 0x000000008bb00000|100%| E|CS|TAMS 0x000000008ba00000, 0x000000008ba00000| Complete 
| 123|0x000000008bb00000, 0x000000008bc00000, 0x000000008bc00000|100%| E|CS|TAMS 0x000000008bb00000, 0x000000008bb00000| Complete 

Card table byte_map: [0x00000245f9ed0000,0x00000245fa2b0000] _byte_map_base: 0x00000245f9ab0000

Marking Bits (Prev, Next): (CMBitMap*) 0x00000245f7b1c040, (CMBitMap*) 0x00000245f7b1c008
 Prev Bits: [0x00000245fc590000, 0x00000245fe490000)
 Next Bits: [0x00000245fa690000, 0x00000245fc590000)

Polling page: 0x00000245f7ba0000

Metaspace:

Usage:
  Non-class:     24.35 MB capacity,    23.73 MB ( 97%) used,   502.02 KB (  2%) free+waste,   136.81 KB ( <1%) overhead. 
      Class:      3.61 MB capacity,     3.06 MB ( 85%) used,   484.71 KB ( 13%) free+waste,    70.44 KB (  2%) overhead. 
       Both:     27.96 MB capacity,    26.79 MB ( 96%) used,   986.73 KB (  3%) free+waste,   207.25 KB ( <1%) overhead. 

Virtual space:
  Non-class space:       26.00 MB reserved,      24.50 MB ( 94%) committed 
      Class space:        1.00 GB reserved,       3.62 MB ( <1%) committed 
             Both:        1.03 GB reserved,      28.12 MB (  3%) committed 

Chunk freelists:
   Non-Class:  2.75 KB
       Class:  2.50 KB
        Both:  5.25 KB

CodeHeap 'non-profiled nmethods': size=120000Kb used=1150Kb max_used=1150Kb free=118849Kb
 bounds [0x000002458f0e0000, 0x000002458f350000, 0x0000024596610000]
CodeHeap 'profiled nmethods': size=120000Kb used=5598Kb max_used=5598Kb free=114401Kb
 bounds [0x0000024587bb0000, 0x0000024588130000, 0x000002458f0e0000]
CodeHeap 'non-nmethods': size=5760Kb used=1220Kb max_used=1239Kb free=4539Kb
 bounds [0x0000024587610000, 0x0000024587880000, 0x0000024587bb0000]
 total_blobs=3444 nmethods=2874 adapters=481
 compilation: enabled
              stopped_count=0, restarted_count=0
 full_count=0

Compilation events (10 events):
Event: 24.289 Thread 0x00000245ff875000 2892       3       java.lang.System::getProperty (26 bytes)
Event: 24.290 Thread 0x00000245ff875000 nmethod 2892 0x000002458811b190 code [0x000002458811b3e0, 0x000002458811bc98]
Event: 24.290 Thread 0x00000245ff875000 2894       3       java.nio.charset.CoderResult::isOverflow (14 bytes)
Event: 24.290 Thread 0x00000245ff875000 nmethod 2894 0x000002458811bf90 code [0x000002458811c120, 0x000002458811c278]
Event: 24.292 Thread 0x00000245ff875000 2895       3       java.util.Arrays::hashCode (56 bytes)
Event: 24.293 Thread 0x00000245ff875000 nmethod 2895 0x000002458811c310 code [0x000002458811c4c0, 0x000002458811c7e8]
Event: 24.293 Thread 0x00000245ff875000 2896       3       java.nio.CharBuffer::array (35 bytes)
Event: 24.293 Thread 0x00000245ff875000 nmethod 2896 0x000002458811c910 code [0x000002458811cae0, 0x000002458811cd98]
Event: 24.293 Thread 0x00000245ff875000 2897       3       sun.nio.cs.UTF_8::updatePositions (23 bytes)
Event: 24.293 Thread 0x00000245ff875000 nmethod 2897 0x000002458811cf10 code [0x000002458811d0e0, 0x000002458811d4d8]

GC Heap History (4 events):
Event: 0.815 GC heap before
{Heap before GC invocations=0 (full 0):
 garbage-first heap   total 126976K, used 24576K [0x0000000084000000, 0x0000000100000000)
  region size 1024K, 24 young (24576K), 0 survivors (0K)
 Metaspace       used 13499K, capacity 13823K, committed 14080K, reserved 1062912K
  class space    used 1361K, capacity 1493K, committed 1536K, reserved 1048576K
}
Event: 0.820 GC heap after
{Heap after GC invocations=1 (full 0):
 garbage-first heap   total 126976K, used 7779K [0x0000000084000000, 0x0000000100000000)
  region size 1024K, 3 young (3072K), 3 survivors (3072K)
 Metaspace       used 13499K, capacity 13823K, committed 14080K, reserved 1062912K
  class space    used 1361K, capacity 1493K, committed 1536K, reserved 1048576K
}
Event: 3.466 GC heap before
{Heap before GC invocations=1 (full 0):
 garbage-first heap   total 126976K, used 79459K [0x0000000084000000, 0x0000000100000000)
  region size 1024K, 74 young (75776K), 3 survivors (3072K)
 Metaspace       used 20461K, capacity 21174K, committed 21248K, reserved 1069056K
  class space    used 2207K, capacity 2532K, committed 2560K, reserved 1048576K
}
Event: 3.475 GC heap after
{Heap after GC invocations=2 (full 0):
 garbage-first heap   total 126976K, used 11227K [0x0000000084000000, 0x0000000100000000)
  region size 1024K, 7 young (7168K), 7 survivors (7168K)
 Metaspace       used 20461K, capacity 21174K, committed 21248K, reserved 1069056K
  class space    used 2207K, capacity 2532K, committed 2560K, reserved 1048576K
}

Deoptimization events (10 events):
Event: 3.946 Thread 0x00000245f7ae4000 Uncommon trap: reason=unstable_if action=reinterpret pc=0x000002458f1a0d4c method=java.util.stream.StreamOpFlag.fromCharacteristics(Ljava/util/Spliterator;)I @ 10 c2
Event: 3.949 Thread 0x00000245f7ae4000 Uncommon trap: reason=class_check action=maybe_recompile pc=0x000002458f1cc7e0 method=java.util.regex.Matcher.search(I)Z @ 121 c2
Event: 3.949 Thread 0x00000245f7ae4000 Uncommon trap: reason=unstable_if action=reinterpret pc=0x000002458f1b5778 method=java.util.regex.Pattern$BmpCharProperty.match(Ljava/util/regex/Matcher;ILjava/lang/CharSequence;)Z @ 5 c2
Event: 3.949 Thread 0x00000245f7ae4000 Uncommon trap: reason=class_check action=maybe_recompile pc=0x000002458f1cc7e0 method=java.util.regex.Matcher.search(I)Z @ 121 c2
Event: 3.949 Thread 0x00000245f7ae4000 Uncommon trap: reason=class_check action=maybe_recompile pc=0x000002458f1cc7e0 method=java.util.regex.Matcher.search(I)Z @ 121 c2
Event: 3.949 Thread 0x00000245f7ae4000 Uncommon trap: reason=class_check action=maybe_recompile pc=0x000002458f1cc7e0 method=java.util.regex.Matcher.search(I)Z @ 121 c2
Event: 4.145 Thread 0x00000245f7ae4000 Uncommon trap: reason=unstable_if action=reinterpret pc=0x000002458f1e0218 method=java.io.ByteArrayInputStream.read([BII)I @ 35 c2
Event: 4.183 Thread 0x0000024599daa000 Uncommon trap: reason=unstable_if action=reinterpret pc=0x000002458f1c9530 method=java.util.Arrays.hashCode([Ljava/lang/Object;)I @ 34 c2
Event: 22.241 Thread 0x00000245f7ae4000 Uncommon trap: reason=unstable_if action=reinterpret pc=0x000002458f1bcfd8 method=java.util.Objects.equals(Ljava/lang/Object;Ljava/lang/Object;)Z @ 6 c2
Event: 24.268 Thread 0x00000245f7ae4000 Uncommon trap: reason=bimorphic_or_optimized_type_check action=maybe_recompile pc=0x000002458f1876b0 method=java.util.concurrent.ConcurrentHashMap.putVal(Ljava/lang/Object;Ljava/lang/Object;Z)Ljava/lang/Object; @ 242 c2

Classes redefined (0 events):
No events

Internal exceptions (10 events):
Event: 4.177 Thread 0x0000024599daa000 Exception <a 'java/lang/NoSuchMethodError'{0x000000008ac812a0}: java.lang.invoke.DirectMethodHandle$Holder.invokeSpecial(Ljava/lang/Object;Ljava/lang/Object;IILjava/lang/Object;Ljava/lang/Object;I)Ljava/lang/Object;> (0x000000008ac812a0) thrown at [./open
Event: 4.178 Thread 0x0000024599daa000 Exception <a 'java/lang/NoSuchMethodError'{0x000000008ac84720}: java.lang.invoke.DelegatingMethodHandle$Holder.reinvoke_L(Ljava/lang/Object;IILjava/lang/Object;Ljava/lang/Object;I)Ljava/lang/Object;> (0x000000008ac84720) thrown at [./open/src/hotspot/shar
Event: 4.178 Thread 0x0000024599daa000 Exception <a 'java/lang/NoSuchMethodError'{0x000000008ac956d0}: java.lang.invoke.DirectMethodHandle$Holder.invokeSpecial(Ljava/lang/Object;Ljava/lang/Object;Ljava/lang/Object;Ljava/lang/Object;I)Ljava/lang/Object;> (0x000000008ac956d0) thrown at [./open/s
Event: 4.178 Thread 0x0000024599daa000 Exception <a 'java/lang/NoSuchMethodError'{0x000000008ac98730}: java.lang.invoke.Invokers$Holder.linkToTargetMethod(Ljava/lang/Object;Ljava/lang/Object;ILjava/lang/Object;)Ljava/lang/Object;> (0x000000008ac98730) thrown at [./open/src/hotspot/share/interp
Event: 4.183 Thread 0x0000024599daa000 Implicit null exception at 0x000002458f1c946c to 0x000002458f1c9514
Event: 4.190 Thread 0x0000024599daa000 Exception <a 'java/lang/NoSuchMethodError'{0x000000008acf05b0}: java.lang.invoke.DirectMethodHandle$Holder.invokeSpecial(Ljava/lang/Object;Ljava/lang/Object;Ljava/lang/Object;Ljava/lang/Object;Ljava/lang/Object;)V> (0x000000008acf05b0) thrown at [./open/s
Event: 4.194 Thread 0x0000024599daa000 Exception <a 'java/lang/NoSuchMethodError'{0x000000008ab141d0}: java.lang.invoke.DirectMethodHandle$Holder.invokeStatic(Ljava/lang/Object;JJ)J> (0x000000008ab141d0) thrown at [./open/src/hotspot/share/interpreter/linkResolver.cpp, line 772]
Event: 14.143 Thread 0x0000024599da3800 Exception <a 'java/io/IOException'{0x000000008b1a0af0}> (0x000000008b1a0af0) thrown at [./open/src/hotspot/share/prims/jni.cpp, line 611]
Event: 15.172 Thread 0x00000245f7ae4000 Exception <a 'java/lang/NoSuchMethodError'{0x000000008a92a620}: java.lang.invoke.DirectMethodHandle$Holder.invokeStatic(Ljava/lang/Object;Ljava/lang/Object;Ljava/lang/Object;Ljava/lang/Object;Ljava/lang/Object;Ljava/lang/Object;I)Ljava/lang/Object;> (0x00
Event: 17.190 Thread 0x00000245f7ae4000 Exception <a 'java/lang/reflect/InvocationTargetException'{0x000000008a997a50}> (0x000000008a997a50) thrown at [./open/src/hotspot/share/runtime/reflection.cpp, line 1240]

Events (10 events):
Event: 24.303 loading class io/reactivex/rxjava3/exceptions/CompositeException
Event: 24.303 loading class io/reactivex/rxjava3/exceptions/CompositeException done
Event: 24.304 loading class io/reactivex/rxjava3/internal/util/ExceptionHelper$Termination
Event: 24.304 loading class io/reactivex/rxjava3/internal/util/ExceptionHelper$Termination done
Event: 24.304 loading class com/Octopussaass/WebdriverUtility/utilityclassobject
Event: 24.304 loading class com/Octopussaass/WebdriverUtility/utilityclassobject done
Event: 24.306 loading class com/aventstack/extentreports/model/Log
Event: 24.306 loading class com/aventstack/extentreports/model/Log done
Event: 24.307 loading class com/aventstack/extentreports/model/Log$LogBuilder
Event: 24.307 loading class com/aventstack/extentreports/model/Log$LogBuilder done


Dynamic libraries:
0x00007ff7f4ae0000 - 0x00007ff7f4af0000 	C:\Program Files\Java\jdk-11\bin\javaw.exe
0x00007ffe9cd20000 - 0x00007ffe9cf86000 	C:\WINDOWS\SYSTEM32\ntdll.dll
0x00007ffe9c450000 - 0x00007ffe9c519000 	C:\WINDOWS\System32\KERNEL32.DLL
0x00007ffe9a2e0000 - 0x00007ffe9a6df000 	C:\WINDOWS\System32\KERNELBASE.dll
0x00007ffe9a8f0000 - 0x00007ffe9aa3c000 	C:\WINDOWS\System32\ucrtbase.dll
0x00007ffe905e0000 - 0x00007ffe905fb000 	C:\Program Files\Java\jdk-11\bin\VCRUNTIME140.dll
0x00007ffe94880000 - 0x00007ffe94899000 	C:\Program Files\Java\jdk-11\bin\jli.dll
0x00007ffe9b930000 - 0x00007ffe9b9ec000 	C:\WINDOWS\System32\ADVAPI32.dll
0x00007ffe9b2a0000 - 0x00007ffe9b349000 	C:\WINDOWS\System32\msvcrt.dll
0x00007ffe9aa50000 - 0x00007ffe9aafa000 	C:\WINDOWS\System32\sechost.dll
0x00007ffe9b450000 - 0x00007ffe9b568000 	C:\WINDOWS\System32\RPCRT4.dll
0x00007ffe9b760000 - 0x00007ffe9b926000 	C:\WINDOWS\System32\USER32.dll
0x00007ffe9a2b0000 - 0x00007ffe9a2d7000 	C:\WINDOWS\System32\win32u.dll
0x00007ffe9c940000 - 0x00007ffe9c96b000 	C:\WINDOWS\System32\GDI32.dll
0x00007ffe9a180000 - 0x00007ffe9a2a9000 	C:\WINDOWS\System32\gdi32full.dll
0x00007ffe7d6e0000 - 0x00007ffe7d971000 	C:\WINDOWS\WinSxS\amd64_microsoft.windows.common-controls_6595b64144ccf1df_6.0.26100.8972_none_3e0da176e32f9d4b\COMCTL32.dll
0x00007ffe9a840000 - 0x00007ffe9a8e3000 	C:\WINDOWS\System32\msvcp_win.dll
0x00007ffe88670000 - 0x00007ffe8867b000 	C:\WINDOWS\SYSTEM32\VERSION.dll
0x00007ffe9c400000 - 0x00007ffe9c432000 	C:\WINDOWS\System32\IMM32.DLL
0x00007ffe947c0000 - 0x00007ffe947cc000 	C:\Program Files\Java\jdk-11\bin\vcruntime140_1.dll
0x00007ffe88dd0000 - 0x00007ffe88e5e000 	C:\Program Files\Java\jdk-11\bin\msvcp140.dll
0x00007ffe22300000 - 0x00007ffe22e6d000 	C:\Program Files\Java\jdk-11\bin\server\jvm.dll
0x00007ffe9ab00000 - 0x00007ffe9ab08000 	C:\WINDOWS\System32\PSAPI.DLL
0x00007ffe75a30000 - 0x00007ffe75a3a000 	C:\WINDOWS\SYSTEM32\WSOCK32.dll
0x00007ffe90c90000 - 0x00007ffe90cc6000 	C:\WINDOWS\SYSTEM32\WINMM.dll
0x00007ffe9c690000 - 0x00007ffe9c712000 	C:\WINDOWS\System32\WS2_32.dll
0x00007ffe98c20000 - 0x00007ffe98c3b000 	C:\WINDOWS\SYSTEM32\kernel.appcore.dll
0x00007ffe904d0000 - 0x00007ffe904e0000 	C:\Program Files\Java\jdk-11\bin\verify.dll
0x00007ffe973f0000 - 0x00007ffe97632000 	C:\WINDOWS\SYSTEM32\DBGHELP.DLL
0x00007ffe9bbe0000 - 0x00007ffe9bf65000 	C:\WINDOWS\System32\combase.dll
0x00007ffe9c720000 - 0x00007ffe9c7f9000 	C:\WINDOWS\System32\OLEAUT32.dll
0x00007ffe75850000 - 0x00007ffe7588b000 	C:\WINDOWS\SYSTEM32\dbgcore.DLL
0x00007ffe99f30000 - 0x00007ffe99fdc000 	C:\WINDOWS\System32\bcryptPrimitives.dll
0x00007ffe90270000 - 0x00007ffe90298000 	C:\Program Files\Java\jdk-11\bin\java.dll
0x00007ffe904c0000 - 0x00007ffe904ca000 	C:\Program Files\Java\jdk-11\bin\jimage.dll
0x00007ffe89530000 - 0x00007ffe89547000 	C:\Program Files\Java\jdk-11\bin\zip.dll
0x00007ffe9ab10000 - 0x00007ffe9b298000 	C:\WINDOWS\System32\SHELL32.dll
0x00007ffe979c0000 - 0x00007ffe9825b000 	C:\WINDOWS\SYSTEM32\windows.storage.dll
0x00007ffe9b630000 - 0x00007ffe9b729000 	C:\WINDOWS\System32\SHCORE.dll
0x00007ffe9b3e0000 - 0x00007ffe9b446000 	C:\WINDOWS\System32\shlwapi.dll
0x00007ffe99e50000 - 0x00007ffe99e79000 	C:\WINDOWS\SYSTEM32\profapi.dll
0x00007ffe89100000 - 0x00007ffe89119000 	C:\Program Files\Java\jdk-11\bin\net.dll
0x00007ffe929f0000 - 0x00007ffe92b18000 	C:\WINDOWS\SYSTEM32\WINHTTP.dll
0x00007ffe991d0000 - 0x00007ffe9923c000 	C:\WINDOWS\system32\mswsock.dll
0x00007ffe86f70000 - 0x00007ffe86f82000 	C:\Program Files\Java\jdk-11\bin\nio.dll
0x00007ffe986c0000 - 0x00007ffe98818000 	C:\WINDOWS\SYSTEM32\DNSAPI.dll
0x00007ffe98fb0000 - 0x00007ffe98fbd000 	C:\WINDOWS\SYSTEM32\DSPARSE.dll
0x00007ffe985b0000 - 0x00007ffe985e3000 	C:\WINDOWS\SYSTEM32\IPHLPAPI.DLL
0x00007ffe9c440000 - 0x00007ffe9c44a000 	C:\WINDOWS\System32\NSI.dll
0x00007ffe92df0000 - 0x00007ffe92dfb000 	C:\Windows\System32\rasadhlp.dll
0x00007ffe934e0000 - 0x00007ffe93566000 	C:\WINDOWS\System32\fwpuclnt.dll
0x00007ffe994e0000 - 0x00007ffe994fb000 	C:\WINDOWS\SYSTEM32\CRYPTSP.dll
0x00007ffe98b80000 - 0x00007ffe98bb9000 	C:\WINDOWS\system32\rsaenh.dll
0x00007ffe99280000 - 0x00007ffe992b2000 	C:\WINDOWS\SYSTEM32\USERENV.dll
0x00007ffe99e20000 - 0x00007ffe99e4a000 	C:\WINDOWS\SYSTEM32\bcrypt.dll
0x00007ffe994c0000 - 0x00007ffe994cc000 	C:\WINDOWS\SYSTEM32\CRYPTBASE.dll
0x00007ffe931e0000 - 0x00007ffe931fd000 	C:\WINDOWS\SYSTEM32\dhcpcsvc6.DLL
0x00007ffe931b0000 - 0x00007ffe931d5000 	C:\WINDOWS\SYSTEM32\dhcpcsvc.DLL
0x00007ffe904b0000 - 0x00007ffe904b9000 	C:\Program Files\Java\jdk-11\bin\management.dll
0x00007ffe90260000 - 0x00007ffe9026b000 	C:\Program Files\Java\jdk-11\bin\management_ext.dll
0x00007ffe890f0000 - 0x00007ffe890fe000 	C:\Program Files\Java\jdk-11\bin\sunmscapi.dll
0x00007ffe99ff0000 - 0x00007ffe9a16e000 	C:\WINDOWS\System32\CRYPT32.dll
0x00007ffe99700000 - 0x00007ffe99730000 	C:\WINDOWS\SYSTEM32\ncrypt.dll
0x00007ffe996b0000 - 0x00007ffe996ef000 	C:\WINDOWS\SYSTEM32\NTASN1.dll
0x00007ffe86dd0000 - 0x00007ffe86df7000 	C:\Program Files\Java\jdk-11\bin\sunec.dll
0x00007ffe73970000 - 0x00007ffe73988000 	C:\WINDOWS\system32\napinsp.dll
0x00007ffe73950000 - 0x00007ffe73963000 	C:\WINDOWS\System32\winrnr.dll
0x00007ffe73920000 - 0x00007ffe73942000 	C:\WINDOWS\system32\nlansp_c.dll
0x00007ffe89510000 - 0x00007ffe89526000 	C:\WINDOWS\system32\wshbth.dll

dbghelp: loaded successfully - version: 4.0.5 - missing functions: none
symbol engine: initialized successfully - sym options: 0x614 - pdb path: .;C:\Program Files\Java\jdk-11\bin;C:\WINDOWS\SYSTEM32;C:\WINDOWS\WinSxS\amd64_microsoft.windows.common-controls_6595b64144ccf1df_6.0.26100.8972_none_3e0da176e32f9d4b;C:\Program Files\Java\jdk-11\bin\server

VM Arguments:
jvm_args: -ea -Dfile.encoding=UTF-8 -Dstdout.encoding=UTF-8 -Dstderr.encoding=UTF-8 
java_command: org.testng.remote.RemoteTestNG -serport 56691 -protocol json -d C:\Users\Rajeev nandi\git\Main\Main\Octopussaas_main_Framework\test-output C:\Users\Rajeev nandi\AppData\Local\Temp\testng-eclipse--1856797992\testng-customsuite.xml
java_class_path (initial): C:\Users\Rajeev nandi\eclipse\java-2026-03\eclipse\configuration\org.eclipse.osgi\533\0\.cp\lib\testng-remote.jar;C:\Users\Rajeev nandi\git\Main\Main\Octopussaas_main_Framework\target\test-classes;C:\Users\Rajeev nandi\git\Main\Main\Octopussaas_main_Framework\target\classes;C:\Users\Rajeev nandi\.m2\repository\org\seleniumhq\selenium\selenium-java\4.34.0\selenium-java-4.34.0.jar;C:\Users\Rajeev nandi\.m2\repository\org\seleniumhq\selenium\selenium-api\4.34.0\selenium-api-4.34.0.jar;C:\Users\Rajeev nandi\.m2\repository\org\jspecify\jspecify\1.0.0\jspecify-1.0.0.jar;C:\Users\Rajeev nandi\.m2\repository\org\seleniumhq\selenium\selenium-chrome-driver\4.34.0\selenium-chrome-driver-4.34.0.jar;C:\Users\Rajeev nandi\.m2\repository\com\google\auto\service\auto-service-annotations\1.1.1\auto-service-annotations-1.1.1.jar;C:\Users\Rajeev nandi\.m2\repository\org\seleniumhq\selenium\selenium-chromium-driver\4.34.0\selenium-chromium-driver-4.34.0.jar;C:\Users\Rajeev nandi\.m2\repository\org\seleniumhq\selenium\selenium-json\4.34.0\selenium-json-4.34.0.jar;C:\Users\Rajeev nandi\.m2\repository\org\seleniumhq\selenium\selenium-manager\4.34.0\selenium-manager-4.34.0.jar;C:\Users\Rajeev nandi\.m2\repository\org\seleniumhq\selenium\selenium-devtools-v136\4.34.0\selenium-devtools-v136-4.34.0.jar;C:\Users\Rajeev nandi\.m2\repository\org\seleniumhq\selenium\selenium-devtools-v137\4.34.0\selenium-devtools-v137-4.34.0.jar;C:\Users\Rajeev nandi\.m2\repository\org\seleniumhq\selenium\selenium-devtools-v138\4.34.0\selenium-devtools-v138-4.34.0.jar;C:\Users\Rajeev nandi\.m2\repository\org\seleniumhq\selenium\selenium-edge-driver\4.34.0\selenium-edge-driver-4.34.0.jar;C:\Users\Rajeev nandi\.m2\repository\org\seleniumhq\selenium\selenium-firefox-driver\4.34.0\selenium-firefox-driver-4.34.0.jar;C:\Users\Rajeev nandi\.m2\repository\org\seleniumhq\selenium\selenium-http\4.34.0\selenium-http-4.34.0.jar;C:\Users\Rajeev nandi\.m2\repository\org\seleniumhq\selenium\selenium
Launcher Type: SUN_STANDARD

[Global flags]
     intx CICompilerCount                          = 4                                         {product} {ergonomic}
     uint ConcGCThreads                            = 2                                         {product} {ergonomic}
     uint G1ConcRefinementThreads                  = 8                                         {product} {ergonomic}
   size_t G1HeapRegionSize                         = 1048576                                   {product} {ergonomic}
    uintx GCDrainStackTargetSize                   = 64                                        {product} {ergonomic}
   size_t InitialHeapSize                          = 130023424                                 {product} {ergonomic}
   size_t MarkStackSize                            = 4194304                                   {product} {ergonomic}
   size_t MaxHeapSize                              = 2080374784                                {product} {ergonomic}
   size_t MaxNewSize                               = 1247805440                                {product} {ergonomic}
   size_t MinHeapDeltaBytes                        = 1048576                                   {product} {ergonomic}
    uintx NonNMethodCodeHeapSize                   = 5836300                                {pd product} {ergonomic}
    uintx NonProfiledCodeHeapSize                  = 122910970                              {pd product} {ergonomic}
    uintx ProfiledCodeHeapSize                     = 122910970                              {pd product} {ergonomic}
    uintx ReservedCodeCacheSize                    = 251658240                              {pd product} {ergonomic}
     bool SegmentedCodeCache                       = true                                      {product} {ergonomic}
     bool UseCompressedClassPointers               = true                                 {lp64_product} {ergonomic}
     bool UseCompressedOops                        = true                                 {lp64_product} {ergonomic}
     bool UseG1GC                                  = true                                      {product} {ergonomic}
     bool UseLargePagesIndividualAllocation        = false                                  {pd product} {ergonomic}

Logging:
Log output configuration:
 #0: stdout all=warning uptime,level,tags
 #1: stderr all=off uptime,level,tags

Environment Variables:
JAVA_HOME=C:\Program Files\Java\jdk-17
PATH=C:\Python314\Scripts\;C:\Python314\;C:\app\Rajeevnandi2\product\11.2.0\dbhome_1\bin;C:\app\Rajeevnandi\product\11.2.0\dbhome_2\bin;C:\app\Rajeevnandi\product\11.2.0\dbhome_1\bin;C:\Program Files\Common Files\Oracle\Java\javapath;C:\WINDOWS\system32;C:\WINDOWS;C:\WINDOWS\System32\Wbem;C:\WINDOWS\System32\WindowsPowerShell\v1.0\;C:\WINDOWS\System32\OpenSSH\;C:\Program Files\dotnet\;C:\Program Files\Java\jdk-21\bin;C:\Program Files\Java\jdk-17\bin;D:\automation software\apache-maven-3.9.11-bin\apache-maven-3.9.11\bin;C:\ProgramData\chocolatey\bin;C:\Program Files\nodejs\;C:\Program Files\MySQL\MySQL Shell 8.0\bin\;C:\Users\Rajeev nandi\AppData\Local\Microsoft\WindowsApps;C:\Program Files\JetBrains\PyCharm 2023.2\bin;;C:\Users\Rajeev nandi\AppData\Local\Programs\Microsoft VS Code\bin;D:\automation software\apache-maven-3.9.11-bin\apache-maven-3.9.11\bin;C:\Users\Rajeev nandi\AppData\Roaming\npm
USERNAME=Rajeev nandi
OS=Windows_NT
PROCESSOR_IDENTIFIER=Intel64 Family 6 Model 140 Stepping 1, GenuineIntel



---------------  S Y S T E M  ---------------

OS: Windows 11 , 64 bit Build 26100 (10.0.26100.9168)
Hyper-V role detected

CPU:total 8 (initial active 8) (4 cores per cpu, 2 threads per core) family 6 model 140 stepping 1 microcode 0xbe, cmov, cx8, fxsr, mmx, sse, sse2, sse3, ssse3, sse4.1, sse4.2, popcnt, avx, avx2, aes, clmul, erms, 3dnowpref, lzcnt, ht, tsc, tscinvbit, bmi1, bmi2, adx, evex, sha, fma

Memory: 4k page, system-wide physical 7934M (296M free)
TotalPageFile size 32510M (AvailPageFile size 0M)
current process WorkingSet (physical memory assigned to process): 171M, peak: 175M
current process commit charge ("private bytes"): 253M, peak: 255M

vm_info: Java HotSpot(TM) 64-Bit Server VM (11.0.21+9-LTS-193) for windows-amd64 JRE (11.0.21+9-LTS-193), built on Sep 13 2023 11:04:38 by "mach5one" with MS VC++ 17.1 (VS2022)

END.
