#
# There is insufficient memory for the Java Runtime Environment to continue.
# Native memory allocation (malloc) failed to allocate 1156816 bytes for Chunk::new
# Possible reasons:
#   The system is out of physical RAM or swap space
#   The process is running with CompressedOops enabled, and the Java Heap may be blocking the growth of the native heap
# Possible solutions:
#   Reduce memory load on the system
#   Increase physical memory or swap space
#   Check if swap backing store is full
#   Decrease Java heap size (-Xmx/-Xms)
#   Decrease number of Java threads
#   Decrease Java thread stack sizes (-Xss)
#   Set larger code cache with -XX:ReservedCodeCacheSize=
#   JVM is running with Unscaled Compressed Oops mode in which the Java heap is
#     placed in the first 4GB address space. The Java Heap base address is the
#     maximum limit for the native heap growth. Please use -XX:HeapBaseMinAddress
#     to set the Java Heap base and to place the Java Heap above 4GB virtual address.
# This output file may be truncated or incomplete.
#
#  Out of Memory Error (./open/src/hotspot/share/memory/arena.cpp:197), pid=37748, tid=504
#
# JRE version: Java(TM) SE Runtime Environment 18.9 (11.0.21+9) (build 11.0.21+9-LTS-193)
# Java VM: Java HotSpot(TM) 64-Bit Server VM 18.9 (11.0.21+9-LTS-193, mixed mode, tiered, compressed oops, g1 gc, windows-amd64)
# No core dump will be written. Minidumps are not enabled by default on client versions of Windows
#

---------------  S U M M A R Y ------------

Command Line: -ea -Dfile.encoding=UTF-8 -Dstdout.encoding=UTF-8 -Dstderr.encoding=UTF-8 org.testng.remote.RemoteTestNG -serport 55940 -protocol json -d C:\Users\Rajeev nandi\git\Main\Main\Octopussaas_main_Framework\test-output C:\Users\Rajeev nandi\AppData\Local\Temp\testng-eclipse-1543099839\testng-customsuite.xml

Host: 11th Gen Intel(R) Core(TM) i5-1135G7 @ 2.40GHz, 8 cores, 7G,  Windows 11 , 64 bit Build 26100 (10.0.26100.9168)
Time: Wed Aug 26 12:37:28 2026 India Standard Time elapsed time: 44.059635 seconds (0d 0h 0m 44s)

---------------  T H R E A D  ---------------

Current thread (0x000001bfffb91000):  JavaThread "C2 CompilerThread0" daemon [_thread_in_native, id=504, stack(0x0000004dc8000000,0x0000004dc8100000)]


Current CompileTask:
C2:  44059 3000       4       sun.reflect.annotation.AnnotationInvocationHandler::memberValueToString (356 bytes)

Stack: [0x0000004dc8000000,0x0000004dc8100000]
Native frames: (J=compiled Java code, j=interpreted, Vv=VM code, C=native code)
V  [jvm.dll+0x66058a]
V  [jvm.dll+0x7a362f]
V  [jvm.dll+0x7a4cf9]
V  [jvm.dll+0x7a5393]
V  [jvm.dll+0x258f55]
V  [jvm.dll+0xb2a0c]
V  [jvm.dll+0xb2fcc]
V  [jvm.dll+0x36772f]
V  [jvm.dll+0x1a2b74]
V  [jvm.dll+0x211d8d]
V  [jvm.dll+0x210c08]
V  [jvm.dll+0x18cdb1]
V  [jvm.dll+0x220e99]
V  [jvm.dll+0x21f1bc]
V  [jvm.dll+0x7673c1]
V  [jvm.dll+0x75fc44]
V  [jvm.dll+0x65f435]
C  [ucrtbase.dll+0x2cd30]
C  [KERNEL32.DLL+0x2ccb7]
C  [ntdll.dll+0xaad6c]


---------------  P R O C E S S  ---------------

Threads class SMR info:
_java_thread_list=0x000001bf93b7f0a0, length=35, elements={
0x000001bff237d000, 0x000001bfff21f000, 0x000001bfff22a000, 0x000001bfffb8e800,
0x000001bfffb8f000, 0x000001bfffb90000, 0x000001bfffb91000, 0x000001bfffbeb000,
0x000001bfffc18800, 0x000001bfffd3e000, 0x000001bf936d7000, 0x000001bf93ec8800,
0x000001bf93ec9800, 0x000001bf93f00800, 0x000001bf93f01800, 0x000001bf93b38800,
0x000001bf93b39000, 0x000001bf937f4800, 0x000001bf955e3800, 0x000001bf955e2000,
0x000001bf955e3000, 0x000001bf955e1800, 0x000001bf955e5800, 0x000001bf955e6000,
0x000001bf955e7000, 0x000001bf955e8000, 0x000001bf945a3800, 0x000001bf945a1800,
0x000001bf945a4800, 0x000001bf945a2000, 0x000001bf945a3000, 0x000001bf945a5800,
0x000001bf945a8800, 0x000001bf945a6000, 0x000001bf945a7000
}

Java Threads: ( => current thread )
  0x000001bff237d000 JavaThread "Forwarding findElement on session 3c42e19fa774208de4b564f960e0ef4d to remote" [_thread_blocked, id=1996, stack(0x0000004dc7400000,0x0000004dc7500000)]
  0x000001bfff21f000 JavaThread "Reference Handler" daemon [_thread_blocked, id=50796, stack(0x0000004dc7b00000,0x0000004dc7c00000)]
  0x000001bfff22a000 JavaThread "Finalizer" daemon [_thread_blocked, id=24180, stack(0x0000004dc7c00000,0x0000004dc7d00000)]
  0x000001bfffb8e800 JavaThread "Signal Dispatcher" daemon [_thread_blocked, id=50256, stack(0x0000004dc7d00000,0x0000004dc7e00000)]
  0x000001bfffb8f000 JavaThread "Attach Listener" daemon [_thread_blocked, id=16272, stack(0x0000004dc7e00000,0x0000004dc7f00000)]
  0x000001bfffb90000 JavaThread "Service Thread" daemon [_thread_blocked, id=44008, stack(0x0000004dc7f00000,0x0000004dc8000000)]
=>0x000001bfffb91000 JavaThread "C2 CompilerThread0" daemon [_thread_in_native, id=504, stack(0x0000004dc8000000,0x0000004dc8100000)]
  0x000001bfffbeb000 JavaThread "C1 CompilerThread0" daemon [_thread_blocked, id=30188, stack(0x0000004dc8100000,0x0000004dc8200000)]
  0x000001bfffc18800 JavaThread "Sweeper thread" daemon [_thread_blocked, id=40972, stack(0x0000004dc8200000,0x0000004dc8300000)]
  0x000001bfffd3e000 JavaThread "Common-Cleaner" daemon [_thread_blocked, id=28340, stack(0x0000004dc8400000,0x0000004dc8500000)]
  0x000001bf936d7000 JavaThread "ReaderThread" [_thread_in_native, id=44332, stack(0x0000004dc8800000,0x0000004dc8900000)]
  0x000001bf93ec8800 JavaThread "ForkJoinPool.commonPool-worker-3" daemon [_thread_blocked, id=4452, stack(0x0000004dc8b00000,0x0000004dc8c00000)]
  0x000001bf93ec9800 JavaThread "ForkJoinPool.commonPool-worker-5" daemon [_thread_blocked, id=42644, stack(0x0000004dc8c00000,0x0000004dc8d00000)]
  0x000001bf93f00800 JavaThread "ForkJoinPool.commonPool-worker-7" daemon [_thread_blocked, id=11932, stack(0x0000004dc8d00000,0x0000004dc8e00000)]
  0x000001bf93f01800 JavaThread "ForkJoinPool.commonPool-worker-9" daemon [_thread_blocked, id=46132, stack(0x0000004dc8e00000,0x0000004dc8f00000)]
  0x000001bf93b38800 JavaThread "ForkJoinPool.commonPool-worker-11" daemon [_thread_blocked, id=37848, stack(0x0000004dc8f00000,0x0000004dc9000000)]
  0x000001bf93b39000 JavaThread "ForkJoinPool.commonPool-worker-13" daemon [_thread_blocked, id=49668, stack(0x0000004dc9000000,0x0000004dc9100000)]
  0x000001bf937f4800 JavaThread "ForkJoinPool.commonPool-worker-15" daemon [_thread_blocked, id=21660, stack(0x0000004dc9100000,0x0000004dc9200000)]
  0x000001bf955e3800 JavaThread "HttpClient-1-SelectorManager" daemon [_thread_in_native, id=5236, stack(0x0000004dc9400000,0x0000004dc9500000)]
  0x000001bf955e2000 JavaThread "External Process Output Forwarder - C:\Users\Rajeev nandi\.cache\selenium\chromedriver\win64\151.0.7922.138\chromedriver.exe" daemon [_thread_in_native, id=4268, stack(0x0000004dc9500000,0x0000004dc9600000)]
  0x000001bf955e3000 JavaThread "Driver Service Executor" daemon [_thread_blocked, id=46348, stack(0x0000004dc9600000,0x0000004dc9700000)]
  0x000001bf955e1800 JavaThread "Driver Service Executor" daemon [_thread_blocked, id=23932, stack(0x0000004dc9200000,0x0000004dc9300000)]
  0x000001bf955e5800 JavaThread "UrlChecker-2" daemon [_thread_blocked, id=44712, stack(0x0000004dc9300000,0x0000004dc9400000)]
  0x000001bf955e6000 JavaThread "JdkHttpClient-0-0" daemon [_thread_blocked, id=32116, stack(0x0000004dc9900000,0x0000004dc9a00000)]
  0x000001bf955e7000 JavaThread "CompletableFutureDelayScheduler" daemon [_thread_blocked, id=2652, stack(0x0000004dc9a00000,0x0000004dc9b00000)]
  0x000001bf955e8000 JavaThread "JdkHttpClient-0-1" daemon [_thread_blocked, id=20428, stack(0x0000004dc9b00000,0x0000004dc9c00000)]
  0x000001bf945a3800 JavaThread "JdkHttpClient-0-2" daemon [_thread_blocked, id=18736, stack(0x0000004dc9c00000,0x0000004dc9d00000)]
  0x000001bf945a1800 JavaThread "JdkHttpClient-0-3" daemon [_thread_blocked, id=15412, stack(0x0000004dc9d00000,0x0000004dc9e00000)]
  0x000001bf945a4800 JavaThread "HttpClient-2-SelectorManager" daemon [_thread_in_native, id=46084, stack(0x0000004dc9800000,0x0000004dc9900000)]
  0x000001bf945a2000 JavaThread "JdkHttpClient-1-0" daemon [_thread_blocked, id=2112, stack(0x0000004dc9e00000,0x0000004dc9f00000)]
  0x000001bf945a3000 JavaThread "JdkHttpClient-1-1" daemon [_thread_blocked, id=21216, stack(0x0000004dc9f00000,0x0000004dca000000)]
  0x000001bf945a5800 JavaThread "JdkHttpClient-1-2" daemon [_thread_blocked, id=25504, stack(0x0000004dca000000,0x0000004dca100000)]
  0x000001bf945a8800 JavaThread "JdkHttpClient-1-3" daemon [_thread_blocked, id=44076, stack(0x0000004dca100000,0x0000004dca200000)]
  0x000001bf945a6000 JavaThread "Java2D Disposer" daemon [_thread_blocked, id=50208, stack(0x0000004dca300000,0x0000004dca400000)]
  0x000001bf945a7000 JavaThread "AWT-Windows" daemon [_thread_in_native, id=14636, stack(0x0000004dca500000,0x0000004dca600000)]

Other Threads:
  0x000001bfff21d800 VMThread "VM Thread" [stack: 0x0000004dc7a00000,0x0000004dc7b00000] [id=52308]
  0x000001bfffd3f800 WatcherThread [stack: 0x0000004dc8300000,0x0000004dc8400000] [id=29656]
  0x000001bff2392000 GCTaskThread "GC Thread#0" [stack: 0x0000004dc7500000,0x0000004dc7600000] [id=46608]
  0x000001bf9377f000 GCTaskThread "GC Thread#1" [stack: 0x0000004dc8600000,0x0000004dc8700000] [id=45716]
  0x000001bf939c9000 GCTaskThread "GC Thread#2" [stack: 0x0000004dc8900000,0x0000004dc8a00000] [id=12636]
  0x000001bf93b21800 GCTaskThread "GC Thread#3" [stack: 0x0000004dc8a00000,0x0000004dc8b00000] [id=18760]
  0x000001bff23c5800 ConcurrentGCThread "G1 Main Marker" [stack: 0x0000004dc7600000,0x0000004dc7700000] [id=13204]
  0x000001bff23ce000 ConcurrentGCThread "G1 Conc#0" [stack: 0x0000004dc7700000,0x0000004dc7800000] [id=15180]
  0x000001bf9555f000 ConcurrentGCThread "G1 Conc#1" [stack: 0x0000004dc8500000,0x0000004dc8600000] [id=34044]
  0x000001bff23c6000 ConcurrentGCThread "G1 Refine#0" [stack: 0x0000004dc7800000,0x0000004dc7900000] [id=39532]
  0x000001bfff058800 ConcurrentGCThread "G1 Young RemSet Sampling" [stack: 0x0000004dc7900000,0x0000004dc7a00000] [id=13108]

Threads with active compile tasks:
C2 CompilerThread0    44114 3000       4       sun.reflect.annotation.AnnotationInvocationHandler::memberValueToString (356 bytes)

VM state:not at safepoint (normal execution)

VM Mutex/Monitor currently owned by a thread: None

Heap address: 0x0000000084000000, size: 1984 MB, Compressed Oops mode: 32-bit
Narrow klass base: 0x0000000000000000, Narrow klass shift: 3
Compressed class space size: 1073741824 Address: 0x0000000100000000

Heap:
 garbage-first heap   total 126976K, used 44033K [0x0000000084000000, 0x0000000100000000)
  region size 1024K, 40 young (40960K), 6 survivors (6144K)
 Metaspace       used 30504K, capacity 31877K, committed 32000K, reserved 1077248K
  class space    used 3462K, capacity 4031K, committed 4096K, reserved 1048576K
Heap Regions: E=young(eden), S=young(survivor), O=old, HS=humongous(starts), HC=humongous(continues), CS=collection set, F=free, A=archive, TAMS=top-at-mark-start (previous, next)
|   0|0x0000000084000000, 0x0000000084100000, 0x0000000084100000|100%|HS|  |TAMS 0x0000000084100000, 0x0000000084000000| Complete 
|   1|0x0000000084100000, 0x0000000084200000, 0x0000000084200000|100%| O|  |TAMS 0x0000000084200000, 0x0000000084100000| Untracked 
|   2|0x0000000084200000, 0x0000000084300000, 0x0000000084300000|100%| O|  |TAMS 0x0000000084300000, 0x0000000084200000| Untracked 
|   3|0x0000000084300000, 0x0000000084400000, 0x0000000084400000|100%| O|  |TAMS 0x0000000084400000, 0x0000000084300000| Untracked 
|   4|0x0000000084400000, 0x0000000084443400, 0x0000000084500000| 26%| O|  |TAMS 0x0000000084443400, 0x0000000084400000| Untracked 
|   5|0x0000000084500000, 0x0000000084500000, 0x0000000084600000|  0%| F|  |TAMS 0x0000000084500000, 0x0000000084500000| Untracked 
|   6|0x0000000084600000, 0x0000000084600000, 0x0000000084700000|  0%| F|  |TAMS 0x0000000084600000, 0x0000000084600000| Untracked 
|   7|0x0000000084700000, 0x0000000084700000, 0x0000000084800000|  0%| F|  |TAMS 0x0000000084700000, 0x0000000084700000| Untracked 
|   8|0x0000000084800000, 0x0000000084800000, 0x0000000084900000|  0%| F|  |TAMS 0x0000000084800000, 0x0000000084800000| Untracked 
|   9|0x0000000084900000, 0x0000000084900000, 0x0000000084a00000|  0%| F|  |TAMS 0x0000000084900000, 0x0000000084900000| Untracked 
|  10|0x0000000084a00000, 0x0000000084a00000, 0x0000000084b00000|  0%| F|  |TAMS 0x0000000084a00000, 0x0000000084a00000| Untracked 
|  11|0x0000000084b00000, 0x0000000084b00000, 0x0000000084c00000|  0%| F|  |TAMS 0x0000000084b00000, 0x0000000084b00000| Untracked 
|  12|0x0000000084c00000, 0x0000000084c00000, 0x0000000084d00000|  0%| F|  |TAMS 0x0000000084c00000, 0x0000000084c00000| Untracked 
|  13|0x0000000084d00000, 0x0000000084d00000, 0x0000000084e00000|  0%| F|  |TAMS 0x0000000084d00000, 0x0000000084d00000| Untracked 
|  14|0x0000000084e00000, 0x0000000084e00000, 0x0000000084f00000|  0%| F|  |TAMS 0x0000000084e00000, 0x0000000084e00000| Untracked 
|  15|0x0000000084f00000, 0x0000000084f00000, 0x0000000085000000|  0%| F|  |TAMS 0x0000000084f00000, 0x0000000084f00000| Untracked 
|  16|0x0000000085000000, 0x0000000085000000, 0x0000000085100000|  0%| F|  |TAMS 0x0000000085000000, 0x0000000085000000| Untracked 
|  17|0x0000000085100000, 0x0000000085100000, 0x0000000085200000|  0%| F|  |TAMS 0x0000000085100000, 0x0000000085100000| Untracked 
|  18|0x0000000085200000, 0x0000000085200000, 0x0000000085300000|  0%| F|  |TAMS 0x0000000085200000, 0x0000000085200000| Untracked 
|  19|0x0000000085300000, 0x0000000085300000, 0x0000000085400000|  0%| F|  |TAMS 0x0000000085300000, 0x0000000085300000| Untracked 
|  20|0x0000000085400000, 0x0000000085400000, 0x0000000085500000|  0%| F|  |TAMS 0x0000000085400000, 0x0000000085400000| Untracked 
|  21|0x0000000085500000, 0x0000000085500000, 0x0000000085600000|  0%| F|  |TAMS 0x0000000085500000, 0x0000000085500000| Untracked 
|  22|0x0000000085600000, 0x0000000085600000, 0x0000000085700000|  0%| F|  |TAMS 0x0000000085600000, 0x0000000085600000| Untracked 
|  23|0x0000000085700000, 0x0000000085700000, 0x0000000085800000|  0%| F|  |TAMS 0x0000000085700000, 0x0000000085700000| Untracked 
|  24|0x0000000085800000, 0x0000000085800000, 0x0000000085900000|  0%| F|  |TAMS 0x0000000085800000, 0x0000000085800000| Untracked 
|  25|0x0000000085900000, 0x0000000085900000, 0x0000000085a00000|  0%| F|  |TAMS 0x0000000085900000, 0x0000000085900000| Untracked 
|  26|0x0000000085a00000, 0x0000000085a00000, 0x0000000085b00000|  0%| F|  |TAMS 0x0000000085a00000, 0x0000000085a00000| Untracked 
|  27|0x0000000085b00000, 0x0000000085b00000, 0x0000000085c00000|  0%| F|  |TAMS 0x0000000085b00000, 0x0000000085b00000| Untracked 
|  28|0x0000000085c00000, 0x0000000085c00000, 0x0000000085d00000|  0%| F|  |TAMS 0x0000000085c00000, 0x0000000085c00000| Untracked 
|  29|0x0000000085d00000, 0x0000000085d00000, 0x0000000085e00000|  0%| F|  |TAMS 0x0000000085d00000, 0x0000000085d00000| Untracked 
|  30|0x0000000085e00000, 0x0000000085e00000, 0x0000000085f00000|  0%| F|  |TAMS 0x0000000085e00000, 0x0000000085e00000| Untracked 
|  31|0x0000000085f00000, 0x0000000085f00000, 0x0000000086000000|  0%| F|  |TAMS 0x0000000085f00000, 0x0000000085f00000| Untracked 
|  32|0x0000000086000000, 0x0000000086000000, 0x0000000086100000|  0%| F|  |TAMS 0x0000000086000000, 0x0000000086000000| Untracked 
|  33|0x0000000086100000, 0x0000000086100000, 0x0000000086200000|  0%| F|  |TAMS 0x0000000086100000, 0x0000000086100000| Untracked 
|  34|0x0000000086200000, 0x0000000086200000, 0x0000000086300000|  0%| F|  |TAMS 0x0000000086200000, 0x0000000086200000| Untracked 
|  35|0x0000000086300000, 0x0000000086300000, 0x0000000086400000|  0%| F|  |TAMS 0x0000000086300000, 0x0000000086300000| Untracked 
|  36|0x0000000086400000, 0x0000000086400000, 0x0000000086500000|  0%| F|  |TAMS 0x0000000086400000, 0x0000000086400000| Untracked 
|  37|0x0000000086500000, 0x0000000086500000, 0x0000000086600000|  0%| F|  |TAMS 0x0000000086500000, 0x0000000086500000| Untracked 
|  38|0x0000000086600000, 0x0000000086600000, 0x0000000086700000|  0%| F|  |TAMS 0x0000000086600000, 0x0000000086600000| Untracked 
|  39|0x0000000086700000, 0x0000000086700000, 0x0000000086800000|  0%| F|  |TAMS 0x0000000086700000, 0x0000000086700000| Untracked 
|  40|0x0000000086800000, 0x0000000086800000, 0x0000000086900000|  0%| F|  |TAMS 0x0000000086800000, 0x0000000086800000| Untracked 
|  41|0x0000000086900000, 0x0000000086900000, 0x0000000086a00000|  0%| F|  |TAMS 0x0000000086900000, 0x0000000086900000| Untracked 
|  42|0x0000000086a00000, 0x0000000086a00000, 0x0000000086b00000|  0%| F|  |TAMS 0x0000000086a00000, 0x0000000086a00000| Untracked 
|  43|0x0000000086b00000, 0x0000000086b00000, 0x0000000086c00000|  0%| F|  |TAMS 0x0000000086b00000, 0x0000000086b00000| Untracked 
|  44|0x0000000086c00000, 0x0000000086c00000, 0x0000000086d00000|  0%| F|  |TAMS 0x0000000086c00000, 0x0000000086c00000| Untracked 
|  45|0x0000000086d00000, 0x0000000086d00000, 0x0000000086e00000|  0%| F|  |TAMS 0x0000000086d00000, 0x0000000086d00000| Untracked 
|  46|0x0000000086e00000, 0x0000000086e00000, 0x0000000086f00000|  0%| F|  |TAMS 0x0000000086e00000, 0x0000000086e00000| Untracked 
|  47|0x0000000086f00000, 0x0000000086f00000, 0x0000000087000000|  0%| F|  |TAMS 0x0000000086f00000, 0x0000000086f00000| Untracked 
|  48|0x0000000087000000, 0x0000000087000000, 0x0000000087100000|  0%| F|  |TAMS 0x0000000087000000, 0x0000000087000000| Untracked 
|  49|0x0000000087100000, 0x0000000087100000, 0x0000000087200000|  0%| F|  |TAMS 0x0000000087100000, 0x0000000087100000| Untracked 
|  50|0x0000000087200000, 0x0000000087200000, 0x0000000087300000|  0%| F|  |TAMS 0x0000000087200000, 0x0000000087200000| Untracked 
|  51|0x0000000087300000, 0x0000000087300000, 0x0000000087400000|  0%| F|  |TAMS 0x0000000087300000, 0x0000000087300000| Untracked 
|  52|0x0000000087400000, 0x0000000087400000, 0x0000000087500000|  0%| F|  |TAMS 0x0000000087400000, 0x0000000087400000| Untracked 
|  53|0x0000000087500000, 0x0000000087500000, 0x0000000087600000|  0%| F|  |TAMS 0x0000000087500000, 0x0000000087500000| Untracked 
|  54|0x0000000087600000, 0x0000000087600000, 0x0000000087700000|  0%| F|  |TAMS 0x0000000087600000, 0x0000000087600000| Untracked 
|  55|0x0000000087700000, 0x0000000087700000, 0x0000000087800000|  0%| F|  |TAMS 0x0000000087700000, 0x0000000087700000| Untracked 
|  56|0x0000000087800000, 0x0000000087800000, 0x0000000087900000|  0%| F|  |TAMS 0x0000000087800000, 0x0000000087800000| Untracked 
|  57|0x0000000087900000, 0x0000000087900000, 0x0000000087a00000|  0%| F|  |TAMS 0x0000000087900000, 0x0000000087900000| Untracked 
|  58|0x0000000087a00000, 0x0000000087a00000, 0x0000000087b00000|  0%| F|  |TAMS 0x0000000087a00000, 0x0000000087a00000| Untracked 
|  59|0x0000000087b00000, 0x0000000087b00000, 0x0000000087c00000|  0%| F|  |TAMS 0x0000000087b00000, 0x0000000087b00000| Untracked 
|  60|0x0000000087c00000, 0x0000000087c00000, 0x0000000087d00000|  0%| F|  |TAMS 0x0000000087c00000, 0x0000000087c00000| Untracked 
|  61|0x0000000087d00000, 0x0000000087d00000, 0x0000000087e00000|  0%| F|  |TAMS 0x0000000087d00000, 0x0000000087d00000| Untracked 
|  62|0x0000000087e00000, 0x0000000087e00000, 0x0000000087f00000|  0%| F|  |TAMS 0x0000000087e00000, 0x0000000087e00000| Untracked 
|  63|0x0000000087f00000, 0x0000000087f00000, 0x0000000088000000|  0%| F|  |TAMS 0x0000000087f00000, 0x0000000087f00000| Untracked 
|  64|0x0000000088000000, 0x0000000088000000, 0x0000000088100000|  0%| F|  |TAMS 0x0000000088000000, 0x0000000088000000| Untracked 
|  65|0x0000000088100000, 0x0000000088100000, 0x0000000088200000|  0%| F|  |TAMS 0x0000000088100000, 0x0000000088100000| Untracked 
|  66|0x0000000088200000, 0x0000000088200000, 0x0000000088300000|  0%| F|  |TAMS 0x0000000088200000, 0x0000000088200000| Untracked 
|  67|0x0000000088300000, 0x0000000088300000, 0x0000000088400000|  0%| F|  |TAMS 0x0000000088300000, 0x0000000088300000| Untracked 
|  68|0x0000000088400000, 0x0000000088400000, 0x0000000088500000|  0%| F|  |TAMS 0x0000000088400000, 0x0000000088400000| Untracked 
|  69|0x0000000088500000, 0x0000000088500000, 0x0000000088600000|  0%| F|  |TAMS 0x0000000088500000, 0x0000000088500000| Untracked 
|  70|0x0000000088600000, 0x0000000088600000, 0x0000000088700000|  0%| F|  |TAMS 0x0000000088600000, 0x0000000088600000| Untracked 
|  71|0x0000000088700000, 0x0000000088700000, 0x0000000088800000|  0%| F|  |TAMS 0x0000000088700000, 0x0000000088700000| Untracked 
|  72|0x0000000088800000, 0x00000000888bd0b0, 0x0000000088900000| 73%| S|CS|TAMS 0x0000000088800000, 0x0000000088800000| Complete 
|  73|0x0000000088900000, 0x0000000088a00000, 0x0000000088a00000|100%| S|CS|TAMS 0x0000000088900000, 0x0000000088900000| Complete 
|  74|0x0000000088a00000, 0x0000000088b00000, 0x0000000088b00000|100%| S|CS|TAMS 0x0000000088a00000, 0x0000000088a00000| Complete 
|  75|0x0000000088b00000, 0x0000000088c00000, 0x0000000088c00000|100%| S|CS|TAMS 0x0000000088b00000, 0x0000000088b00000| Complete 
|  76|0x0000000088c00000, 0x0000000088d00000, 0x0000000088d00000|100%| S|CS|TAMS 0x0000000088c00000, 0x0000000088c00000| Complete 
|  77|0x0000000088d00000, 0x0000000088e00000, 0x0000000088e00000|100%| S|CS|TAMS 0x0000000088d00000, 0x0000000088d00000| Complete 
|  78|0x0000000088e00000, 0x0000000088e00000, 0x0000000088f00000|  0%| F|  |TAMS 0x0000000088e00000, 0x0000000088e00000| Untracked 
|  79|0x0000000088f00000, 0x0000000088f00000, 0x0000000089000000|  0%| F|  |TAMS 0x0000000088f00000, 0x0000000088f00000| Untracked 
|  80|0x0000000089000000, 0x0000000089000000, 0x0000000089100000|  0%| F|  |TAMS 0x0000000089000000, 0x0000000089000000| Untracked 
|  81|0x0000000089100000, 0x0000000089100000, 0x0000000089200000|  0%| F|  |TAMS 0x0000000089100000, 0x0000000089100000| Untracked 
|  82|0x0000000089200000, 0x0000000089200000, 0x0000000089300000|  0%| F|  |TAMS 0x0000000089200000, 0x0000000089200000| Untracked 
|  83|0x0000000089300000, 0x0000000089300000, 0x0000000089400000|  0%| F|  |TAMS 0x0000000089300000, 0x0000000089300000| Untracked 
|  84|0x0000000089400000, 0x0000000089400000, 0x0000000089500000|  0%| F|  |TAMS 0x0000000089400000, 0x0000000089400000| Untracked 
|  85|0x0000000089500000, 0x0000000089500000, 0x0000000089600000|  0%| F|  |TAMS 0x0000000089500000, 0x0000000089500000| Untracked 
|  86|0x0000000089600000, 0x0000000089600000, 0x0000000089700000|  0%| F|  |TAMS 0x0000000089600000, 0x0000000089600000| Untracked 
|  87|0x0000000089700000, 0x0000000089700000, 0x0000000089800000|  0%| F|  |TAMS 0x0000000089700000, 0x0000000089700000| Untracked 
|  88|0x0000000089800000, 0x0000000089800000, 0x0000000089900000|  0%| F|  |TAMS 0x0000000089800000, 0x0000000089800000| Untracked 
|  89|0x0000000089900000, 0x0000000089900000, 0x0000000089a00000|  0%| F|  |TAMS 0x0000000089900000, 0x0000000089900000| Untracked 
|  90|0x0000000089a00000, 0x0000000089ab0a28, 0x0000000089b00000| 68%| E|  |TAMS 0x0000000089a00000, 0x0000000089a00000| Complete 
|  91|0x0000000089b00000, 0x0000000089c00000, 0x0000000089c00000|100%| E|CS|TAMS 0x0000000089b00000, 0x0000000089b00000| Complete 
|  92|0x0000000089c00000, 0x0000000089d00000, 0x0000000089d00000|100%| E|CS|TAMS 0x0000000089c00000, 0x0000000089c00000| Complete 
|  93|0x0000000089d00000, 0x0000000089e00000, 0x0000000089e00000|100%| E|CS|TAMS 0x0000000089d00000, 0x0000000089d00000| Complete 
|  94|0x0000000089e00000, 0x0000000089f00000, 0x0000000089f00000|100%| E|CS|TAMS 0x0000000089e00000, 0x0000000089e00000| Complete 
|  95|0x0000000089f00000, 0x000000008a000000, 0x000000008a000000|100%| E|CS|TAMS 0x0000000089f00000, 0x0000000089f00000| Complete 
|  96|0x000000008a000000, 0x000000008a100000, 0x000000008a100000|100%| E|CS|TAMS 0x000000008a000000, 0x000000008a000000| Complete 
|  97|0x000000008a100000, 0x000000008a200000, 0x000000008a200000|100%| E|CS|TAMS 0x000000008a100000, 0x000000008a100000| Complete 
|  98|0x000000008a200000, 0x000000008a300000, 0x000000008a300000|100%| E|CS|TAMS 0x000000008a200000, 0x000000008a200000| Complete 
|  99|0x000000008a300000, 0x000000008a400000, 0x000000008a400000|100%| E|CS|TAMS 0x000000008a300000, 0x000000008a300000| Complete 
| 100|0x000000008a400000, 0x000000008a500000, 0x000000008a500000|100%| E|CS|TAMS 0x000000008a400000, 0x000000008a400000| Complete 
| 101|0x000000008a500000, 0x000000008a600000, 0x000000008a600000|100%| E|CS|TAMS 0x000000008a500000, 0x000000008a500000| Complete 
| 102|0x000000008a600000, 0x000000008a700000, 0x000000008a700000|100%| E|CS|TAMS 0x000000008a600000, 0x000000008a600000| Complete 
| 103|0x000000008a700000, 0x000000008a800000, 0x000000008a800000|100%| E|CS|TAMS 0x000000008a700000, 0x000000008a700000| Complete 
| 104|0x000000008a800000, 0x000000008a900000, 0x000000008a900000|100%| E|CS|TAMS 0x000000008a800000, 0x000000008a800000| Complete 
| 105|0x000000008a900000, 0x000000008aa00000, 0x000000008aa00000|100%| E|CS|TAMS 0x000000008a900000, 0x000000008a900000| Complete 
| 106|0x000000008aa00000, 0x000000008ab00000, 0x000000008ab00000|100%| E|CS|TAMS 0x000000008aa00000, 0x000000008aa00000| Complete 
| 107|0x000000008ab00000, 0x000000008ac00000, 0x000000008ac00000|100%| E|CS|TAMS 0x000000008ab00000, 0x000000008ab00000| Complete 
| 108|0x000000008ac00000, 0x000000008ad00000, 0x000000008ad00000|100%| E|CS|TAMS 0x000000008ac00000, 0x000000008ac00000| Complete 
| 109|0x000000008ad00000, 0x000000008ae00000, 0x000000008ae00000|100%| E|CS|TAMS 0x000000008ad00000, 0x000000008ad00000| Complete 
| 110|0x000000008ae00000, 0x000000008af00000, 0x000000008af00000|100%| E|CS|TAMS 0x000000008ae00000, 0x000000008ae00000| Complete 
| 111|0x000000008af00000, 0x000000008b000000, 0x000000008b000000|100%| E|CS|TAMS 0x000000008af00000, 0x000000008af00000| Complete 
| 112|0x000000008b000000, 0x000000008b100000, 0x000000008b100000|100%| E|CS|TAMS 0x000000008b000000, 0x000000008b000000| Complete 
| 113|0x000000008b100000, 0x000000008b200000, 0x000000008b200000|100%| E|CS|TAMS 0x000000008b100000, 0x000000008b100000| Complete 
| 114|0x000000008b200000, 0x000000008b300000, 0x000000008b300000|100%| E|CS|TAMS 0x000000008b200000, 0x000000008b200000| Complete 
| 115|0x000000008b300000, 0x000000008b400000, 0x000000008b400000|100%| E|CS|TAMS 0x000000008b300000, 0x000000008b300000| Complete 
| 116|0x000000008b400000, 0x000000008b500000, 0x000000008b500000|100%| E|CS|TAMS 0x000000008b400000, 0x000000008b400000| Complete 
| 117|0x000000008b500000, 0x000000008b600000, 0x000000008b600000|100%| E|CS|TAMS 0x000000008b500000, 0x000000008b500000| Complete 
| 118|0x000000008b600000, 0x000000008b700000, 0x000000008b700000|100%| E|CS|TAMS 0x000000008b600000, 0x000000008b600000| Complete 
| 119|0x000000008b700000, 0x000000008b800000, 0x000000008b800000|100%| E|CS|TAMS 0x000000008b700000, 0x000000008b700000| Complete 
| 120|0x000000008b800000, 0x000000008b900000, 0x000000008b900000|100%| E|CS|TAMS 0x000000008b800000, 0x000000008b800000| Complete 
| 121|0x000000008b900000, 0x000000008ba00000, 0x000000008ba00000|100%| E|CS|TAMS 0x000000008b900000, 0x000000008b900000| Complete 
| 122|0x000000008ba00000, 0x000000008bb00000, 0x000000008bb00000|100%| E|CS|TAMS 0x000000008ba00000, 0x000000008ba00000| Complete 
| 123|0x000000008bb00000, 0x000000008bc00000, 0x000000008bc00000|100%| E|CS|TAMS 0x000000008bb00000, 0x000000008bb00000| Complete 

Card table byte_map: [0x000001bffc060000,0x000001bffc440000] _byte_map_base: 0x000001bffbc40000

Marking Bits (Prev, Next): (CMBitMap*) 0x000001bff23ba450, (CMBitMap*) 0x000001bff23ba418
 Prev Bits: [0x000001bf8f000000, 0x000001bf90f00000)
 Next Bits: [0x000001bffc820000, 0x000001bffe720000)

Polling page: 0x000001bff2320000

Metaspace:

Usage:
  Non-class:     27.19 MB capacity,    26.41 MB ( 97%) used,   655.95 KB (  2%) free+waste,   148.50 KB ( <1%) overhead. 
      Class:      3.94 MB capacity,     3.38 MB ( 86%) used,   492.26 KB ( 12%) free+waste,    76.12 KB (  2%) overhead. 
       Both:     31.13 MB capacity,    29.79 MB ( 96%) used,     1.12 MB (  4%) free+waste,   224.62 KB ( <1%) overhead. 

Virtual space:
  Non-class space:       28.00 MB reserved,      27.25 MB ( 97%) committed 
      Class space:        1.00 GB reserved,       4.00 MB ( <1%) committed 
             Both:        1.03 GB reserved,      31.25 MB (  3%) committed 

Chunk freelists:
   Non-Class:  7.25 KB
       Class:  128 bytes
        Both:  7.38 KB

CodeHeap 'non-profiled nmethods': size=120000Kb used=1286Kb max_used=1286Kb free=118713Kb
 bounds [0x000001bf87ad0000, 0x000001bf87d40000, 0x000001bf8f000000]
CodeHeap 'profiled nmethods': size=120000Kb used=6488Kb max_used=6488Kb free=113511Kb
 bounds [0x000001bf805a0000, 0x000001bf80c00000, 0x000001bf87ad0000]
CodeHeap 'non-nmethods': size=5760Kb used=1253Kb max_used=1264Kb free=4507Kb
 bounds [0x000001bf80000000, 0x000001bf80270000, 0x000001bf805a0000]
 total_blobs=3735 nmethods=3113 adapters=533
 compilation: enabled
              stopped_count=0, restarted_count=0
 full_count=0

Compilation events (10 events):
Event: 42.943 Thread 0x000001bfffbeb000 3118       3       sun.util.locale.provider.DecimalFormatSymbolsProviderImpl::getInstance (21 bytes)
Event: 42.943 Thread 0x000001bfffbeb000 nmethod 3118 0x000001bf80bf3690 code [0x000001bf80bf3860, 0x000001bf80bf3bb8]
Event: 42.943 Thread 0x000001bfffbeb000 3119       3       java.text.DecimalFormatSymbols::<init> (15 bytes)
Event: 42.943 Thread 0x000001bfffbeb000 nmethod 3119 0x000001bf80bf3d10 code [0x000001bf80bf3ec0, 0x000001bf80bf4048]
Event: 42.944 Thread 0x000001bfffbeb000 3120   !   3       sun.net.NetProperties::getInteger (37 bytes)
Event: 42.945 Thread 0x000001bfffbeb000 nmethod 3120 0x000001bf80bf4110 code [0x000001bf80bf4380, 0x000001bf80bf4eb8]
Event: 42.945 Thread 0x000001bfffbeb000 3122       3       java.util.function.Function::identity (6 bytes)
Event: 42.945 Thread 0x000001bfffbeb000 nmethod 3122 0x000001bf80bf5410 code [0x000001bf80bf55c0, 0x000001bf80bf5838]
Event: 42.945 Thread 0x000001bfffbeb000 3121       3       jdk.internal.net.http.common.Utils::getIntegerNetProperty (17 bytes)
Event: 42.946 Thread 0x000001bfffbeb000 nmethod 3121 0x000001bf80bf5910 code [0x000001bf80bf5b00, 0x000001bf80bf6168]

GC Heap History (4 events):
Event: 1.081 GC heap before
{Heap before GC invocations=0 (full 0):
 garbage-first heap   total 126976K, used 24576K [0x0000000084000000, 0x0000000100000000)
  region size 1024K, 24 young (24576K), 0 survivors (0K)
 Metaspace       used 13491K, capacity 13887K, committed 14080K, reserved 1062912K
  class space    used 1362K, capacity 1493K, committed 1536K, reserved 1048576K
}
Event: 1.086 GC heap after
{Heap after GC invocations=1 (full 0):
 garbage-first heap   total 126976K, used 7437K [0x0000000084000000, 0x0000000100000000)
  region size 1024K, 3 young (3072K), 3 survivors (3072K)
 Metaspace       used 13491K, capacity 13887K, committed 14080K, reserved 1062912K
  class space    used 1362K, capacity 1493K, committed 1536K, reserved 1048576K
}
Event: 3.833 GC heap before
{Heap before GC invocations=1 (full 0):
 garbage-first heap   total 126976K, used 49421K [0x0000000084000000, 0x0000000100000000)
  region size 1024K, 46 young (47104K), 3 survivors (3072K)
 Metaspace       used 20470K, capacity 21195K, committed 21248K, reserved 1069056K
  class space    used 2243K, capacity 2550K, committed 2560K, reserved 1048576K
}
Event: 3.839 GC heap after
{Heap after GC invocations=2 (full 0):
 garbage-first heap   total 126976K, used 10241K [0x0000000084000000, 0x0000000100000000)
  region size 1024K, 6 young (6144K), 6 survivors (6144K)
 Metaspace       used 20470K, capacity 21195K, committed 21248K, reserved 1069056K
  class space    used 2243K, capacity 2550K, committed 2560K, reserved 1048576K
}

Deoptimization events (10 events):
Event: 4.744 Thread 0x000001bf955e8000 Uncommon trap: reason=unstable_if action=reinterpret pc=0x000001bf87b7ed90 method=java.util.concurrent.ConcurrentHashMap.transfer([Ljava/util/concurrent/ConcurrentHashMap$Node;[Ljava/util/concurrent/ConcurrentHashMap$Node;)V @ 34 c2
Event: 4.744 Thread 0x000001bf945a3800 Uncommon trap: reason=unstable_if action=reinterpret pc=0x000001bf87b7eeb4 method=java.util.concurrent.ConcurrentHashMap.transfer([Ljava/util/concurrent/ConcurrentHashMap$Node;[Ljava/util/concurrent/ConcurrentHashMap$Node;)V @ 273 c2
Event: 4.744 Thread 0x000001bf945a3800 Uncommon trap: reason=unstable_if action=reinterpret pc=0x000001bf87b6e7f4 method=java.util.concurrent.ConcurrentHashMap.addCount(JI)V @ 171 c2
Event: 41.777 Thread 0x000001bff237d000 Uncommon trap: reason=profile_predicate action=maybe_recompile pc=0x000001bf87c0f1e4 method=java.lang.invoke.InvokerBytecodeGenerator.<init>(Ljava/lang/String;Ljava/lang/String;Ljava/lang/invoke/LambdaForm;Ljava/lang/invoke/MethodType;)V @ 33 c2
Event: 41.778 Thread 0x000001bff237d000 Uncommon trap: reason=profile_predicate action=maybe_recompile pc=0x000001bf87c0f1e4 method=java.lang.invoke.InvokerBytecodeGenerator.<init>(Ljava/lang/String;Ljava/lang/String;Ljava/lang/invoke/LambdaForm;Ljava/lang/invoke/MethodType;)V @ 33 c2
Event: 41.778 Thread 0x000001bff237d000 Uncommon trap: reason=profile_predicate action=maybe_recompile pc=0x000001bf87c0f1e4 method=java.lang.invoke.InvokerBytecodeGenerator.<init>(Ljava/lang/String;Ljava/lang/String;Ljava/lang/invoke/LambdaForm;Ljava/lang/invoke/MethodType;)V @ 33 c2
Event: 41.778 Thread 0x000001bff237d000 Uncommon trap: reason=profile_predicate action=maybe_recompile pc=0x000001bf87c0f1e4 method=java.lang.invoke.InvokerBytecodeGenerator.<init>(Ljava/lang/String;Ljava/lang/String;Ljava/lang/invoke/LambdaForm;Ljava/lang/invoke/MethodType;)V @ 33 c2
Event: 42.940 Thread 0x000001bff237d000 Uncommon trap: reason=unstable_if action=reinterpret pc=0x000001bf87af08a4 method=java.lang.String.equals(Ljava/lang/Object;)Z @ 27 c2
Event: 42.940 Thread 0x000001bff237d000 Uncommon trap: reason=unstable_if action=reinterpret pc=0x000001bf87ae69ec method=java.lang.String.getBytes([BIB)V @ 5 c2
Event: 42.940 Thread 0x000001bff237d000 Uncommon trap: reason=unstable_if action=reinterpret pc=0x000001bf87af4a28 method=java.lang.String.hashCode()I @ 22 c2

Classes redefined (0 events):
No events

Internal exceptions (10 events):
Event: 4.732 Thread 0x000001bf955e6000 Exception <a 'java/lang/NoSuchMethodError'{0x000000008ade7948}: java.lang.invoke.DirectMethodHandle$Holder.invokeSpecial(Ljava/lang/Object;Ljava/lang/Object;Ljava/lang/Object;Ljava/lang/Object;Ljava/lang/Object;)V> (0x000000008ade7948) thrown at [./open/s
Event: 4.737 Thread 0x000001bf955e6000 Exception <a 'java/lang/NoSuchMethodError'{0x000000008ac0b980}: java.lang.invoke.DirectMethodHandle$Holder.invokeStatic(Ljava/lang/Object;JJ)J> (0x000000008ac0b980) thrown at [./open/src/hotspot/share/interpreter/linkResolver.cpp, line 772]
Event: 5.671 Thread 0x000001bf955e8000 Exception <a 'java/lang/NoSuchMethodError'{0x000000008ab4e380}: java.lang.invoke.DirectMethodHandle$Holder.invokeSpecial(Ljava/lang/Object;Ljava/lang/Object;Ljava/lang/Object;Ljava/lang/Object;Ljava/lang/Object;Ljava/lang/Object;Ljava/lang/Object;)V> (0x0
Event: 5.693 Thread 0x000001bff237d000 Exception <a 'java/lang/NoSuchMethodError'{0x000000008ae79f50}: java.lang.invoke.DirectMethodHandle$Holder.invokeSpecialIFC(Ljava/lang/Object;Ljava/lang/Object;Ljava/lang/Object;)Ljava/lang/Object;> (0x000000008ae79f50) thrown at [./open/src/hotspot/share
Event: 5.863 Thread 0x000001bff237d000 Exception <a 'java/lang/ClassNotFoundException'{0x000000008a6377e0}: sun/util/logging/resources/spi/loggingProvider> (0x000000008a6377e0) thrown at [./open/src/hotspot/share/classfile/systemDictionary.cpp, line 226]
Event: 41.678 Thread 0x000001bff237d000 Exception <a 'java/lang/ClassNotFoundException'{0x0000000089f980f8}: sun/awt/resources/spi/awtProvider> (0x0000000089f980f8) thrown at [./open/src/hotspot/share/classfile/systemDictionary.cpp, line 226]
Event: 41.694 Thread 0x000001bff237d000 Exception <a 'java/io/FileNotFoundException'{0x0000000089f9ca28}> (0x0000000089f9ca28) thrown at [./open/src/hotspot/share/prims/jni.cpp, line 611]
Event: 41.695 Thread 0x000001bff237d000 Exception <a 'java/io/FileNotFoundException'{0x0000000089fa0a60}> (0x0000000089fa0a60) thrown at [./open/src/hotspot/share/prims/jni.cpp, line 611]
Event: 41.779 Thread 0x000001bff237d000 Exception <a 'java/lang/NoSuchMethodError'{0x0000000089eb93e0}: java.lang.invoke.DirectMethodHandle$Holder.invokeStatic(Ljava/lang/Object;Ljava/lang/Object;Ljava/lang/Object;Ljava/lang/Object;Ljava/lang/Object;Ljava/lang/Object;Ljava/lang/Object;Ljava/lan
Event: 41.781 Thread 0x000001bff237d000 Exception <a 'java/lang/NoSuchMethodError'{0x0000000089ed35c0}: java.lang.invoke.DirectMethodHandle$Holder.invokeStatic(Ljava/lang/Object;Ljava/lang/Object;Ljava/lang/Object;Ljava/lang/Object;Ljava/lang/Object;Ljava/lang/Object;Ljava/lang/Object;Ljava/lan

Events (10 events):
Event: 42.940 Thread 0x000001bff237d000 DEOPT PACKING pc=0x000001bf87af08a4 sp=0x0000004dc74fd970
Event: 42.940 Thread 0x000001bff237d000 DEOPT UNPACKING pc=0x000001bf800083af sp=0x0000004dc74fd910 mode 2
Event: 42.940 Thread 0x000001bff237d000 Uncommon trap: trap_request=0xffffff4d fr.pc=0x000001bf87ae69ec relative=0x00000000000000cc
Event: 42.940 Thread 0x000001bff237d000 DEOPT PACKING pc=0x000001bf87ae69ec sp=0x0000004dc74fd7c0
Event: 42.940 Thread 0x000001bff237d000 DEOPT UNPACKING pc=0x000001bf800083af sp=0x0000004dc74fd768 mode 2
Event: 42.940 Thread 0x000001bff237d000 Uncommon trap: trap_request=0xffffff4d fr.pc=0x000001bf87af4a28 relative=0x0000000000000188
Event: 42.940 Thread 0x000001bff237d000 DEOPT PACKING pc=0x000001bf87af4a28 sp=0x0000004dc74fd8e0
Event: 42.940 Thread 0x000001bff237d000 DEOPT UNPACKING pc=0x000001bf800083af sp=0x0000004dc74fd868 mode 2
Event: 42.941 loading class com/Octopussaas/ObjectRepository/Navigation_SideBar
Event: 42.941 loading class com/Octopussaas/ObjectRepository/Navigation_SideBar done


Dynamic libraries:
0x00007ff7308f0000 - 0x00007ff730900000 	C:\Program Files\Java\jdk-11\bin\javaw.exe
0x00007fffbd160000 - 0x00007fffbd3c6000 	C:\WINDOWS\SYSTEM32\ntdll.dll
0x00007fffbc480000 - 0x00007fffbc549000 	C:\WINDOWS\System32\KERNEL32.DLL
0x00007fffba640000 - 0x00007fffbaa3f000 	C:\WINDOWS\System32\KERNELBASE.dll
0x00007fffba4e0000 - 0x00007fffba62c000 	C:\WINDOWS\System32\ucrtbase.dll
0x00007fffaa2e0000 - 0x00007fffaa2f9000 	C:\Program Files\Java\jdk-11\bin\jli.dll
0x00007fffa1c80000 - 0x00007fffa1c9b000 	C:\Program Files\Java\jdk-11\bin\VCRUNTIME140.dll
0x00007fffbc660000 - 0x00007fffbc71c000 	C:\WINDOWS\System32\ADVAPI32.dll
0x00007fffbcdf0000 - 0x00007fffbce99000 	C:\WINDOWS\System32\msvcrt.dll
0x00007fffbc590000 - 0x00007fffbc63a000 	C:\WINDOWS\System32\sechost.dll
0x00007fffbcc40000 - 0x00007fffbcd58000 	C:\WINDOWS\System32\RPCRT4.dll
0x00007fffbb1d0000 - 0x00007fffbb396000 	C:\WINDOWS\System32\USER32.dll
0x00007fffba400000 - 0x00007fffba427000 	C:\WINDOWS\System32\win32u.dll
0x00007fffbb0e0000 - 0x00007fffbb10b000 	C:\WINDOWS\System32\GDI32.dll
0x00007fffbad60000 - 0x00007fffbae89000 	C:\WINDOWS\System32\gdi32full.dll
0x00007fffba430000 - 0x00007fffba4d3000 	C:\WINDOWS\System32\msvcp_win.dll
0x00007fff9b780000 - 0x00007fff9ba11000 	C:\WINDOWS\WinSxS\amd64_microsoft.windows.common-controls_6595b64144ccf1df_6.0.26100.8972_none_3e0da176e32f9d4b\COMCTL32.dll
0x00007fffa9c90000 - 0x00007fffa9c9b000 	C:\WINDOWS\SYSTEM32\VERSION.dll
0x00007fffbc550000 - 0x00007fffbc582000 	C:\WINDOWS\System32\IMM32.DLL
0x00007fffb0620000 - 0x00007fffb062c000 	C:\Program Files\Java\jdk-11\bin\vcruntime140_1.dll
0x00007fff7b570000 - 0x00007fff7b5fe000 	C:\Program Files\Java\jdk-11\bin\msvcp140.dll
0x00007fff49b30000 - 0x00007fff4a69d000 	C:\Program Files\Java\jdk-11\bin\server\jvm.dll
0x00007fffbcac0000 - 0x00007fffbcac8000 	C:\WINDOWS\System32\PSAPI.DLL
0x00007fff94660000 - 0x00007fff9466a000 	C:\WINDOWS\SYSTEM32\WSOCK32.dll
0x00007fffbcd60000 - 0x00007fffbcde2000 	C:\WINDOWS\System32\WS2_32.dll
0x00007fffb04a0000 - 0x00007fffb04d6000 	C:\WINDOWS\SYSTEM32\WINMM.dll
0x00007fffb9060000 - 0x00007fffb907b000 	C:\WINDOWS\SYSTEM32\kernel.appcore.dll
0x00007fffaa2d0000 - 0x00007fffaa2e0000 	C:\Program Files\Java\jdk-11\bin\verify.dll
0x00007fffb7820000 - 0x00007fffb7a62000 	C:\WINDOWS\SYSTEM32\DBGHELP.DLL
0x00007fffbc730000 - 0x00007fffbcab5000 	C:\WINDOWS\System32\combase.dll
0x00007fffbc3a0000 - 0x00007fffbc479000 	C:\WINDOWS\System32\OLEAUT32.dll
0x00007fff96090000 - 0x00007fff960cb000 	C:\WINDOWS\SYSTEM32\dbgcore.DLL
0x00007fffbaca0000 - 0x00007fffbad4c000 	C:\WINDOWS\System32\bcryptPrimitives.dll
0x00007fff9b000000 - 0x00007fff9b028000 	C:\Program Files\Java\jdk-11\bin\java.dll
0x00007fffa1c40000 - 0x00007fffa1c4a000 	C:\Program Files\Java\jdk-11\bin\jimage.dll
0x00007fffa06c0000 - 0x00007fffa06d7000 	C:\Program Files\Java\jdk-11\bin\zip.dll
0x00007fffbb3a0000 - 0x00007fffbbb28000 	C:\WINDOWS\System32\SHELL32.dll
0x00007fffb7e00000 - 0x00007fffb869b000 	C:\WINDOWS\SYSTEM32\windows.storage.dll
0x00007fffbc0a0000 - 0x00007fffbc199000 	C:\WINDOWS\System32\SHCORE.dll
0x00007fffbcad0000 - 0x00007fffbcb36000 	C:\WINDOWS\System32\shlwapi.dll
0x00007fffba290000 - 0x00007fffba2b9000 	C:\WINDOWS\SYSTEM32\profapi.dll
0x00007fff9c600000 - 0x00007fff9c619000 	C:\Program Files\Java\jdk-11\bin\net.dll
0x00007fffb2fe0000 - 0x00007fffb3108000 	C:\WINDOWS\SYSTEM32\WINHTTP.dll
0x00007fffb9610000 - 0x00007fffb967c000 	C:\WINDOWS\system32\mswsock.dll
0x00007fff9b460000 - 0x00007fff9b472000 	C:\Program Files\Java\jdk-11\bin\nio.dll
0x00007fffb8b00000 - 0x00007fffb8c58000 	C:\WINDOWS\SYSTEM32\DNSAPI.dll
0x00007fffb93f0000 - 0x00007fffb93fd000 	C:\WINDOWS\SYSTEM32\DSPARSE.dll
0x00007fffb8ac0000 - 0x00007fffb8af3000 	C:\WINDOWS\SYSTEM32\IPHLPAPI.DLL
0x00007fffbcf30000 - 0x00007fffbcf3a000 	C:\WINDOWS\System32\NSI.dll
0x00007fffb21d0000 - 0x00007fffb21db000 	C:\Windows\System32\rasadhlp.dll
0x00007fffb38f0000 - 0x00007fffb3976000 	C:\WINDOWS\System32\fwpuclnt.dll
0x00007fffb9900000 - 0x00007fffb991b000 	C:\WINDOWS\SYSTEM32\CRYPTSP.dll
0x00007fffb8fc0000 - 0x00007fffb8ff9000 	C:\WINDOWS\system32\rsaenh.dll
0x00007fffb96c0000 - 0x00007fffb96f2000 	C:\WINDOWS\SYSTEM32\USERENV.dll
0x00007fffba260000 - 0x00007fffba28a000 	C:\WINDOWS\SYSTEM32\bcrypt.dll
0x00007fffb9920000 - 0x00007fffb992c000 	C:\WINDOWS\SYSTEM32\CRYPTBASE.dll
0x00007fffb36a0000 - 0x00007fffb36bd000 	C:\WINDOWS\SYSTEM32\dhcpcsvc6.DLL
0x00007fffb3670000 - 0x00007fffb3695000 	C:\WINDOWS\SYSTEM32\dhcpcsvc.DLL
0x00007fffa0b10000 - 0x00007fffa0b19000 	C:\Program Files\Java\jdk-11\bin\management.dll
0x00007fff9abe0000 - 0x00007fff9abeb000 	C:\Program Files\Java\jdk-11\bin\management_ext.dll
0x00007fff9abd0000 - 0x00007fff9abde000 	C:\Program Files\Java\jdk-11\bin\sunmscapi.dll
0x00007fffbaa50000 - 0x00007fffbabce000 	C:\WINDOWS\System32\CRYPT32.dll
0x00007fffb9b40000 - 0x00007fffb9b70000 	C:\WINDOWS\SYSTEM32\ncrypt.dll
0x00007fffb9af0000 - 0x00007fffb9b2f000 	C:\WINDOWS\SYSTEM32\NTASN1.dll
0x00007fff97f50000 - 0x00007fff97f77000 	C:\Program Files\Java\jdk-11\bin\sunec.dll
0x00007fff41d70000 - 0x00007fff41ef3000 	C:\Program Files\Java\jdk-11\bin\awt.dll
0x00007fffb6d10000 - 0x00007fffb6daf000 	C:\WINDOWS\SYSTEM32\apphelp.dll
0x00007fffb71f0000 - 0x00007fffb721f000 	C:\WINDOWS\system32\DWMAPI.DLL
0x00007fffb6f90000 - 0x00007fffb7038000 	C:\WINDOWS\system32\uxtheme.dll
0x00007fff74be0000 - 0x00007fff74cec000 	C:\WINDOWS\system32\opengl32.dll
0x00007fffa0610000 - 0x00007fffa063d000 	C:\WINDOWS\SYSTEM32\GLU32.dll
0x00007fffb7230000 - 0x00007fffb7275000 	C:\WINDOWS\SYSTEM32\dxcore.dll
0x00007fffbaf20000 - 0x00007fffbb07d000 	C:\WINDOWS\System32\MSCTF.dll
0x00007fffbc1a0000 - 0x00007fffbc339000 	C:\WINDOWS\System32\ole32.dll

dbghelp: loaded successfully - version: 4.0.5 - missing functions: none
symbol engine: initialized successfully - sym options: 0x614 - pdb path: .;C:\Program Files\Java\jdk-11\bin;C:\WINDOWS\SYSTEM32;C:\WINDOWS\WinSxS\amd64_microsoft.windows.common-controls_6595b64144ccf1df_6.0.26100.8972_none_3e0da176e32f9d4b;C:\Program Files\Java\jdk-11\bin\server

VM Arguments:
jvm_args: -ea -Dfile.encoding=UTF-8 -Dstdout.encoding=UTF-8 -Dstderr.encoding=UTF-8 
java_command: org.testng.remote.RemoteTestNG -serport 55940 -protocol json -d C:\Users\Rajeev nandi\git\Main\Main\Octopussaas_main_Framework\test-output C:\Users\Rajeev nandi\AppData\Local\Temp\testng-eclipse-1543099839\testng-customsuite.xml
java_class_path (initial): C:\Users\Rajeev nandi\eclipse\java-2026-03\eclipse\configuration\org.eclipse.osgi\533\0\.cp\lib\testng-remote.jar;C:\Users\Rajeev nandi\git\Main\Main\Octopussaas_main_Framework\target\test-classes;C:\Users\Rajeev nandi\git\Main\Main\Octopussaas_main_Framework\target\classes;C:\Users\Rajeev nandi\.m2\repository\org\seleniumhq\selenium\selenium-java\4.34.0\selenium-java-4.34.0.jar;C:\Users\Rajeev nandi\.m2\repository\org\seleniumhq\selenium\selenium-api\4.34.0\selenium-api-4.34.0.jar;C:\Users\Rajeev nandi\.m2\repository\org\jspecify\jspecify\1.0.0\jspecify-1.0.0.jar;C:\Users\Rajeev nandi\.m2\repository\org\seleniumhq\selenium\selenium-chrome-driver\4.34.0\selenium-chrome-driver-4.34.0.jar;C:\Users\Rajeev nandi\.m2\repository\com\google\auto\service\auto-service-annotations\1.1.1\auto-service-annotations-1.1.1.jar;C:\Users\Rajeev nandi\.m2\repository\org\seleniumhq\selenium\selenium-chromium-driver\4.34.0\selenium-chromium-driver-4.34.0.jar;C:\Users\Rajeev nandi\.m2\repository\org\seleniumhq\selenium\selenium-json\4.34.0\selenium-json-4.34.0.jar;C:\Users\Rajeev nandi\.m2\repository\org\seleniumhq\selenium\selenium-manager\4.34.0\selenium-manager-4.34.0.jar;C:\Users\Rajeev nandi\.m2\repository\org\seleniumhq\selenium\selenium-devtools-v136\4.34.0\selenium-devtools-v136-4.34.0.jar;C:\Users\Rajeev nandi\.m2\repository\org\seleniumhq\selenium\selenium-devtools-v137\4.34.0\selenium-devtools-v137-4.34.0.jar;C:\Users\Rajeev nandi\.m2\repository\org\seleniumhq\selenium\selenium-devtools-v138\4.34.0\selenium-devtools-v138-4.34.0.jar;C:\Users\Rajeev nandi\.m2\repository\org\seleniumhq\selenium\selenium-edge-driver\4.34.0\selenium-edge-driver-4.34.0.jar;C:\Users\Rajeev nandi\.m2\repository\org\seleniumhq\selenium\selenium-firefox-driver\4.34.0\selenium-firefox-driver-4.34.0.jar;C:\Users\Rajeev nandi\.m2\repository\org\seleniumhq\selenium\selenium-http\4.34.0\selenium-http-4.34.0.jar;C:\Users\Rajeev nandi\.m2\repository\org\seleniumhq\selenium\selenium
Launcher Type: SUN_STANDARD

[Global flags]
     intx CICompilerCount                          = 4                                         {product} {ergonomic}
     uint ConcGCThreads                            = 2                                         {product} {ergonomic}
     uint G1ConcRefinementThreads                  = 8                                         {product} {ergonomic}
   size_t G1HeapRegionSize                         = 1048576                                   {product} {ergonomic}
    uintx GCDrainStackTargetSize                   = 64                                        {product} {ergonomic}
   size_t InitialHeapSize                          = 130023424                                 {product} {ergonomic}
   size_t MarkStackSize                            = 4194304                                   {product} {ergonomic}
   size_t MaxHeapSize                              = 2080374784                                {product} {ergonomic}
   size_t MaxNewSize                               = 1247805440                                {product} {ergonomic}
   size_t MinHeapDeltaBytes                        = 1048576                                   {product} {ergonomic}
    uintx NonNMethodCodeHeapSize                   = 5836300                                {pd product} {ergonomic}
    uintx NonProfiledCodeHeapSize                  = 122910970                              {pd product} {ergonomic}
    uintx ProfiledCodeHeapSize                     = 122910970                              {pd product} {ergonomic}
    uintx ReservedCodeCacheSize                    = 251658240                              {pd product} {ergonomic}
     bool SegmentedCodeCache                       = true                                      {product} {ergonomic}
     bool UseCompressedClassPointers               = true                                 {lp64_product} {ergonomic}
     bool UseCompressedOops                        = true                                 {lp64_product} {ergonomic}
     bool UseG1GC                                  = true                                      {product} {ergonomic}
     bool UseLargePagesIndividualAllocation        = false                                  {pd product} {ergonomic}

Logging:
Log output configuration:
 #0: stdout all=warning uptime,level,tags
 #1: stderr all=off uptime,level,tags

Environment Variables:
JAVA_HOME=C:\Program Files\Java\jdk-17
PATH=C:\Python314\Scripts\;C:\Python314\;C:\app\Rajeevnandi2\product\11.2.0\dbhome_1\bin;C:\app\Rajeevnandi\product\11.2.0\dbhome_2\bin;C:\app\Rajeevnandi\product\11.2.0\dbhome_1\bin;C:\Program Files\Common Files\Oracle\Java\javapath;C:\WINDOWS\system32;C:\WINDOWS;C:\WINDOWS\System32\Wbem;C:\WINDOWS\System32\WindowsPowerShell\v1.0\;C:\WINDOWS\System32\OpenSSH\;C:\Program Files\dotnet\;C:\Program Files\Java\jdk-21\bin;C:\Program Files\Java\jdk-17\bin;D:\automation software\apache-maven-3.9.11-bin\apache-maven-3.9.11\bin;C:\ProgramData\chocolatey\bin;C:\Program Files\nodejs\;C:\Program Files\MySQL\MySQL Shell 8.0\bin\;C:\Users\Rajeev nandi\AppData\Local\Microsoft\WindowsApps;C:\Program Files\JetBrains\PyCharm 2023.2\bin;;C:\Users\Rajeev nandi\AppData\Local\Programs\Microsoft VS Code\bin;D:\automation software\apache-maven-3.9.11-bin\apache-maven-3.9.11\bin;C:\Users\Rajeev nandi\AppData\Roaming\npm
USERNAME=Rajeev nandi
OS=Windows_NT
PROCESSOR_IDENTIFIER=Intel64 Family 6 Model 140 Stepping 1, GenuineIntel



---------------  S Y S T E M  ---------------

OS: Windows 11 , 64 bit Build 26100 (10.0.26100.9168)
Hyper-V role detected

CPU:total 8 (initial active 8) (4 cores per cpu, 2 threads per core) family 6 model 140 stepping 1 microcode 0xbe, cmov, cx8, fxsr, mmx, sse, sse2, sse3, ssse3, sse4.1, sse4.2, popcnt, avx, avx2, aes, clmul, erms, 3dnowpref, lzcnt, ht, tsc, tscinvbit, bmi1, bmi2, adx, evex, sha, fma

Memory: 4k page, system-wide physical 7934M (201M free)
TotalPageFile size 32510M (AvailPageFile size 2M)
current process WorkingSet (physical memory assigned to process): 160M, peak: 163M
current process commit charge ("private bytes"): 264M, peak: 268M

vm_info: Java HotSpot(TM) 64-Bit Server VM (11.0.21+9-LTS-193) for windows-amd64 JRE (11.0.21+9-LTS-193), built on Sep 13 2023 11:04:38 by "mach5one" with MS VC++ 17.1 (VS2022)

END.
