#
# There is insufficient memory for the Java Runtime Environment to continue.
# Native memory allocation (malloc) failed to allocate 472176 bytes for Chunk::new
# Possible reasons:
#   The system is out of physical RAM or swap space
#   The process is running with CompressedOops enabled, and the Java Heap may be blocking the growth of the native heap
# Possible solutions:
#   Reduce memory load on the system
#   Increase physical memory or swap space
#   Check if swap backing store is full
#   Decrease Java heap size (-Xmx/-Xms)
#   Decrease number of Java threads
#   Decrease Java thread stack sizes (-Xss)
#   Set larger code cache with -XX:ReservedCodeCacheSize=
#   JVM is running with Unscaled Compressed Oops mode in which the Java heap is
#     placed in the first 4GB address space. The Java Heap base address is the
#     maximum limit for the native heap growth. Please use -XX:HeapBaseMinAddress
#     to set the Java Heap base and to place the Java Heap above 4GB virtual address.
# This output file may be truncated or incomplete.
#
#  Out of Memory Error (./open/src/hotspot/share/memory/arena.cpp:197), pid=20264, tid=26064
#
# JRE version: Java(TM) SE Runtime Environment 18.9 (11.0.21+9) (build 11.0.21+9-LTS-193)
# Java VM: Java HotSpot(TM) 64-Bit Server VM 18.9 (11.0.21+9-LTS-193, mixed mode, tiered, compressed oops, g1 gc, windows-amd64)
# No core dump will be written. Minidumps are not enabled by default on client versions of Windows
#

---------------  S U M M A R Y ------------

Command Line: -ea -Dfile.encoding=UTF-8 -Dstdout.encoding=UTF-8 -Dstderr.encoding=UTF-8 org.testng.remote.RemoteTestNG -serport 50880 -protocol json -d C:\Users\Rajeev nandi\git\Main\Main\Octopussaas_main_Framework\test-output C:\Users\Rajeev nandi\AppData\Local\Temp\testng-eclipse-1879361183\testng-customsuite.xml

Host: 11th Gen Intel(R) Core(TM) i5-1135G7 @ 2.40GHz, 8 cores, 7G,  Windows 11 , 64 bit Build 26100 (10.0.26100.9168)
Time: Thu Aug 20 10:20:35 2026 India Standard Time elapsed time: 24.792320 seconds (0d 0h 0m 24s)

---------------  T H R E A D  ---------------

Current thread (0x000001b84d714000):  JavaThread "C2 CompilerThread0" daemon [_thread_in_native, id=26064, stack(0x00000021b8000000,0x00000021b8100000)]


Current CompileTask:
C2:  24792 3188       4       java.lang.String::replace (149 bytes)

Stack: [0x00000021b8000000,0x00000021b8100000]
Native frames: (J=compiled Java code, j=interpreted, Vv=VM code, C=native code)
V  [jvm.dll+0x66058a]
V  [jvm.dll+0x7a362f]
V  [jvm.dll+0x7a4cf9]
V  [jvm.dll+0x7a5393]
V  [jvm.dll+0x258f55]
V  [jvm.dll+0xb2a0c]
V  [jvm.dll+0xb2fcc]
V  [jvm.dll+0x367771]
V  [jvm.dll+0x1a2b74]
V  [jvm.dll+0x211d8d]
V  [jvm.dll+0x210c08]
V  [jvm.dll+0x18cdb1]
V  [jvm.dll+0x220e99]
V  [jvm.dll+0x21f1bc]
V  [jvm.dll+0x7673c1]
V  [jvm.dll+0x75fc44]
V  [jvm.dll+0x65f435]
C  [ucrtbase.dll+0x2cd30]
C  [KERNEL32.DLL+0x2ccb7]
C  [ntdll.dll+0xaad6c]


---------------  P R O C E S S  ---------------

Threads class SMR info:
_java_thread_list=0x000001b8501fe5b0, length=33, elements={
0x000001b82f09d000, 0x000001b84cead000, 0x000001b84ceb9000, 0x000001b84d710000,
0x000001b84d711000, 0x000001b84d712800, 0x000001b84d714000, 0x000001b84d72c000,
0x000001b84d72d000, 0x000001b84d8ad800, 0x000001b84e4a6800, 0x000001b84e0a1000,
0x000001b84e9c2000, 0x000001b84e975000, 0x000001b84e972800, 0x000001b84e973800,
0x000001b84e976800, 0x000001b84e974000, 0x000001b84e978800, 0x000001b84e977800,
0x000001b84e976000, 0x000001b84e979000, 0x000001b84e89a800, 0x000001b84e89d000,
0x000001b84e89e000, 0x000001b84e89b800, 0x000001b84e89e800, 0x000001b84e89c000,
0x000001b84e899800, 0x000001b84e8a0800, 0x000001b84e8a2000, 0x000001b84e89f800,
0x000001b84e8a2800
}

Java Threads: ( => current thread )
  0x000001b82f09d000 JavaThread "main" [_thread_in_native, id=14656, stack(0x00000021b7400000,0x00000021b7500000)]
  0x000001b84cead000 JavaThread "Reference Handler" daemon [_thread_blocked, id=25292, stack(0x00000021b7b00000,0x00000021b7c00000)]
  0x000001b84ceb9000 JavaThread "Finalizer" daemon [_thread_blocked, id=16972, stack(0x00000021b7c00000,0x00000021b7d00000)]
  0x000001b84d710000 JavaThread "Signal Dispatcher" daemon [_thread_blocked, id=23572, stack(0x00000021b7d00000,0x00000021b7e00000)]
  0x000001b84d711000 JavaThread "Attach Listener" daemon [_thread_blocked, id=24324, stack(0x00000021b7e00000,0x00000021b7f00000)]
  0x000001b84d712800 JavaThread "Service Thread" daemon [_thread_blocked, id=3296, stack(0x00000021b7f00000,0x00000021b8000000)]
=>0x000001b84d714000 JavaThread "C2 CompilerThread0" daemon [_thread_in_native, id=26064, stack(0x00000021b8000000,0x00000021b8100000)]
  0x000001b84d72c000 JavaThread "C1 CompilerThread0" daemon [_thread_blocked, id=22360, stack(0x00000021b8100000,0x00000021b8200000)]
  0x000001b84d72d000 JavaThread "Sweeper thread" daemon [_thread_blocked, id=22168, stack(0x00000021b8200000,0x00000021b8300000)]
  0x000001b84d8ad800 JavaThread "Common-Cleaner" daemon [_thread_blocked, id=22808, stack(0x00000021b8400000,0x00000021b8500000)]
  0x000001b84e4a6800 JavaThread "ReaderThread" [_thread_in_native, id=24656, stack(0x00000021b8600000,0x00000021b8700000)]
  0x000001b84e0a1000 JavaThread "ForkJoinPool.commonPool-worker-3" daemon [_thread_blocked, id=26852, stack(0x00000021b8b00000,0x00000021b8c00000)]
  0x000001b84e9c2000 JavaThread "ForkJoinPool.commonPool-worker-5" daemon [_thread_blocked, id=12932, stack(0x00000021b8c00000,0x00000021b8d00000)]
  0x000001b84e975000 JavaThread "ForkJoinPool.commonPool-worker-7" daemon [_thread_blocked, id=16572, stack(0x00000021b8d00000,0x00000021b8e00000)]
  0x000001b84e972800 JavaThread "ForkJoinPool.commonPool-worker-11" daemon [_thread_blocked, id=29852, stack(0x00000021b8e00000,0x00000021b8f00000)]
  0x000001b84e973800 JavaThread "ForkJoinPool.commonPool-worker-9" daemon [_thread_blocked, id=26724, stack(0x00000021b8f00000,0x00000021b9000000)]
  0x000001b84e976800 JavaThread "ForkJoinPool.commonPool-worker-13" daemon [_thread_blocked, id=18588, stack(0x00000021b9000000,0x00000021b9100000)]
  0x000001b84e974000 JavaThread "ForkJoinPool.commonPool-worker-15" daemon [_thread_blocked, id=23272, stack(0x00000021b9100000,0x00000021b9200000)]
  0x000001b84e978800 JavaThread "HttpClient-1-SelectorManager" daemon [_thread_in_native, id=31124, stack(0x00000021b8a00000,0x00000021b8b00000)]
  0x000001b84e977800 JavaThread "External Process Output Forwarder - C:\Users\Rajeev nandi\.cache\selenium\chromedriver\win64\151.0.7922.138\chromedriver.exe" daemon [_thread_in_native, id=9652, stack(0x00000021b9300000,0x00000021b9400000)]
  0x000001b84e976000 JavaThread "Driver Service Executor" daemon [_thread_blocked, id=27836, stack(0x00000021b9400000,0x00000021b9500000)]
  0x000001b84e979000 JavaThread "Driver Service Executor" daemon [_thread_blocked, id=21748, stack(0x00000021b9500000,0x00000021b9600000)]
  0x000001b84e89a800 JavaThread "UrlChecker-2" daemon [_thread_blocked, id=27200, stack(0x00000021b9600000,0x00000021b9700000)]
  0x000001b84e89d000 JavaThread "JdkHttpClient-0-0" daemon [_thread_blocked, id=26580, stack(0x00000021b9800000,0x00000021b9900000)]
  0x000001b84e89e000 JavaThread "CompletableFutureDelayScheduler" daemon [_thread_blocked, id=16856, stack(0x00000021b9900000,0x00000021b9a00000)]
  0x000001b84e89b800 JavaThread "JdkHttpClient-0-1" daemon [_thread_blocked, id=18236, stack(0x00000021b9a00000,0x00000021b9b00000)]
  0x000001b84e89e800 JavaThread "JdkHttpClient-0-2" daemon [_thread_blocked, id=22096, stack(0x00000021b9b00000,0x00000021b9c00000)]
  0x000001b84e89c000 JavaThread "JdkHttpClient-0-3" daemon [_thread_blocked, id=1432, stack(0x00000021b9c00000,0x00000021b9d00000)]
  0x000001b84e899800 JavaThread "HttpClient-2-SelectorManager" daemon [_thread_in_native, id=22888, stack(0x00000021b9700000,0x00000021b9800000)]
  0x000001b84e8a0800 JavaThread "JdkHttpClient-1-0" daemon [_thread_blocked, id=9860, stack(0x00000021b9d00000,0x00000021b9e00000)]
  0x000001b84e8a2000 JavaThread "JdkHttpClient-1-1" daemon [_thread_blocked, id=16192, stack(0x00000021b9e00000,0x00000021b9f00000)]
  0x000001b84e89f800 JavaThread "JdkHttpClient-1-2" daemon [_thread_blocked, id=24052, stack(0x00000021b9f00000,0x00000021ba000000)]
  0x000001b84e8a2800 JavaThread "JdkHttpClient-1-3" daemon [_thread_blocked, id=14532, stack(0x00000021ba000000,0x00000021ba100000)]

Other Threads:
  0x000001b84cea9000 VMThread "VM Thread" [stack: 0x00000021b7a00000,0x00000021b7b00000] [id=6240]
  0x000001b84d899800 WatcherThread [stack: 0x00000021b8300000,0x00000021b8400000] [id=17448]
  0x000001b82f0b2000 GCTaskThread "GC Thread#0" [stack: 0x00000021b7500000,0x00000021b7600000] [id=20956]
  0x000001b84e44a000 GCTaskThread "GC Thread#1" [stack: 0x00000021b8700000,0x00000021b8800000] [id=23300]
  0x000001b84e64d000 GCTaskThread "GC Thread#2" [stack: 0x00000021b8800000,0x00000021b8900000] [id=19020]
  0x000001b84e64d800 GCTaskThread "GC Thread#3" [stack: 0x00000021b8900000,0x00000021b8a00000] [id=23188]
  0x000001b82f0e6800 ConcurrentGCThread "G1 Main Marker" [stack: 0x00000021b7600000,0x00000021b7700000] [id=25284]
  0x000001b82f0f0800 ConcurrentGCThread "G1 Conc#0" [stack: 0x00000021b7700000,0x00000021b7800000] [id=26504]
  0x000001b84e6d0000 ConcurrentGCThread "G1 Conc#1" [stack: 0x00000021b9200000,0x00000021b9300000] [id=25488]
  0x000001b82f0e8000 ConcurrentGCThread "G1 Refine#0" [stack: 0x00000021b7800000,0x00000021b7900000] [id=1784]
  0x000001b84cce3000 ConcurrentGCThread "G1 Young RemSet Sampling" [stack: 0x00000021b7900000,0x00000021b7a00000] [id=23904]

Threads with active compile tasks:
C2 CompilerThread0    24814 3188       4       java.lang.String::replace (149 bytes)

VM state:not at safepoint (normal execution)

VM Mutex/Monitor currently owned by a thread: None

Heap address: 0x0000000084000000, size: 1984 MB, Compressed Oops mode: 32-bit
Narrow klass base: 0x0000000000000000, Narrow klass shift: 3
Compressed class space size: 1073741824 Address: 0x0000000100000000

Heap:
 garbage-first heap   total 126976K, used 52073K [0x0000000084000000, 0x0000000100000000)
  region size 1024K, 45 young (46080K), 4 survivors (4096K)
 Metaspace       used 28906K, capacity 30298K, committed 30592K, reserved 1075200K
  class space    used 3307K, capacity 3890K, committed 3968K, reserved 1048576K
Heap Regions: E=young(eden), S=young(survivor), O=old, HS=humongous(starts), HC=humongous(continues), CS=collection set, F=free, A=archive, TAMS=top-at-mark-start (previous, next)
|   0|0x0000000084000000, 0x0000000084100000, 0x0000000084100000|100%|HS|  |TAMS 0x0000000084100000, 0x0000000084000000| Complete 
|   1|0x0000000084100000, 0x0000000084200000, 0x0000000084200000|100%| O|  |TAMS 0x0000000084200000, 0x0000000084100000| Untracked 
|   2|0x0000000084200000, 0x0000000084300000, 0x0000000084300000|100%| O|  |TAMS 0x0000000084300000, 0x0000000084200000| Untracked 
|   3|0x0000000084300000, 0x0000000084400000, 0x0000000084400000|100%| O|  |TAMS 0x0000000084400000, 0x0000000084300000| Untracked 
|   4|0x0000000084400000, 0x0000000084500000, 0x0000000084500000|100%| O|  |TAMS 0x0000000084500000, 0x0000000084400000| Untracked 
|   5|0x0000000084500000, 0x0000000084600000, 0x0000000084600000|100%| O|  |TAMS 0x0000000084600000, 0x0000000084500000| Untracked 
|   6|0x0000000084600000, 0x0000000084700000, 0x0000000084700000|100%| O|  |TAMS 0x0000000084700000, 0x0000000084600000| Untracked 
|   7|0x0000000084700000, 0x0000000084741c00, 0x0000000084800000| 25%| O|  |TAMS 0x0000000084741c00, 0x0000000084700000| Untracked 
|   8|0x0000000084800000, 0x0000000084800000, 0x0000000084900000|  0%| F|  |TAMS 0x0000000084800000, 0x0000000084800000| Untracked 
|   9|0x0000000084900000, 0x0000000084900000, 0x0000000084a00000|  0%| F|  |TAMS 0x0000000084900000, 0x0000000084900000| Untracked 
|  10|0x0000000084a00000, 0x0000000084a00000, 0x0000000084b00000|  0%| F|  |TAMS 0x0000000084a00000, 0x0000000084a00000| Untracked 
|  11|0x0000000084b00000, 0x0000000084b00000, 0x0000000084c00000|  0%| F|  |TAMS 0x0000000084b00000, 0x0000000084b00000| Untracked 
|  12|0x0000000084c00000, 0x0000000084c00000, 0x0000000084d00000|  0%| F|  |TAMS 0x0000000084c00000, 0x0000000084c00000| Untracked 
|  13|0x0000000084d00000, 0x0000000084d00000, 0x0000000084e00000|  0%| F|  |TAMS 0x0000000084d00000, 0x0000000084d00000| Untracked 
|  14|0x0000000084e00000, 0x0000000084e00000, 0x0000000084f00000|  0%| F|  |TAMS 0x0000000084e00000, 0x0000000084e00000| Untracked 
|  15|0x0000000084f00000, 0x0000000084f00000, 0x0000000085000000|  0%| F|  |TAMS 0x0000000084f00000, 0x0000000084f00000| Untracked 
|  16|0x0000000085000000, 0x0000000085000000, 0x0000000085100000|  0%| F|  |TAMS 0x0000000085000000, 0x0000000085000000| Untracked 
|  17|0x0000000085100000, 0x0000000085100000, 0x0000000085200000|  0%| F|  |TAMS 0x0000000085100000, 0x0000000085100000| Untracked 
|  18|0x0000000085200000, 0x0000000085200000, 0x0000000085300000|  0%| F|  |TAMS 0x0000000085200000, 0x0000000085200000| Untracked 
|  19|0x0000000085300000, 0x0000000085300000, 0x0000000085400000|  0%| F|  |TAMS 0x0000000085300000, 0x0000000085300000| Untracked 
|  20|0x0000000085400000, 0x0000000085400000, 0x0000000085500000|  0%| F|  |TAMS 0x0000000085400000, 0x0000000085400000| Untracked 
|  21|0x0000000085500000, 0x0000000085500000, 0x0000000085600000|  0%| F|  |TAMS 0x0000000085500000, 0x0000000085500000| Untracked 
|  22|0x0000000085600000, 0x0000000085600000, 0x0000000085700000|  0%| F|  |TAMS 0x0000000085600000, 0x0000000085600000| Untracked 
|  23|0x0000000085700000, 0x0000000085700000, 0x0000000085800000|  0%| F|  |TAMS 0x0000000085700000, 0x0000000085700000| Untracked 
|  24|0x0000000085800000, 0x0000000085800000, 0x0000000085900000|  0%| F|  |TAMS 0x0000000085800000, 0x0000000085800000| Untracked 
|  25|0x0000000085900000, 0x0000000085900000, 0x0000000085a00000|  0%| F|  |TAMS 0x0000000085900000, 0x0000000085900000| Untracked 
|  26|0x0000000085a00000, 0x0000000085a00000, 0x0000000085b00000|  0%| F|  |TAMS 0x0000000085a00000, 0x0000000085a00000| Untracked 
|  27|0x0000000085b00000, 0x0000000085b00000, 0x0000000085c00000|  0%| F|  |TAMS 0x0000000085b00000, 0x0000000085b00000| Untracked 
|  28|0x0000000085c00000, 0x0000000085c00000, 0x0000000085d00000|  0%| F|  |TAMS 0x0000000085c00000, 0x0000000085c00000| Untracked 
|  29|0x0000000085d00000, 0x0000000085d00000, 0x0000000085e00000|  0%| F|  |TAMS 0x0000000085d00000, 0x0000000085d00000| Untracked 
|  30|0x0000000085e00000, 0x0000000085e00000, 0x0000000085f00000|  0%| F|  |TAMS 0x0000000085e00000, 0x0000000085e00000| Untracked 
|  31|0x0000000085f00000, 0x0000000085f00000, 0x0000000086000000|  0%| F|  |TAMS 0x0000000085f00000, 0x0000000085f00000| Untracked 
|  32|0x0000000086000000, 0x0000000086000000, 0x0000000086100000|  0%| F|  |TAMS 0x0000000086000000, 0x0000000086000000| Untracked 
|  33|0x0000000086100000, 0x0000000086100000, 0x0000000086200000|  0%| F|  |TAMS 0x0000000086100000, 0x0000000086100000| Untracked 
|  34|0x0000000086200000, 0x0000000086200000, 0x0000000086300000|  0%| F|  |TAMS 0x0000000086200000, 0x0000000086200000| Untracked 
|  35|0x0000000086300000, 0x0000000086300000, 0x0000000086400000|  0%| F|  |TAMS 0x0000000086300000, 0x0000000086300000| Untracked 
|  36|0x0000000086400000, 0x0000000086400000, 0x0000000086500000|  0%| F|  |TAMS 0x0000000086400000, 0x0000000086400000| Untracked 
|  37|0x0000000086500000, 0x0000000086500000, 0x0000000086600000|  0%| F|  |TAMS 0x0000000086500000, 0x0000000086500000| Untracked 
|  38|0x0000000086600000, 0x0000000086600000, 0x0000000086700000|  0%| F|  |TAMS 0x0000000086600000, 0x0000000086600000| Untracked 
|  39|0x0000000086700000, 0x0000000086700000, 0x0000000086800000|  0%| F|  |TAMS 0x0000000086700000, 0x0000000086700000| Untracked 
|  40|0x0000000086800000, 0x0000000086800000, 0x0000000086900000|  0%| F|  |TAMS 0x0000000086800000, 0x0000000086800000| Untracked 
|  41|0x0000000086900000, 0x0000000086900000, 0x0000000086a00000|  0%| F|  |TAMS 0x0000000086900000, 0x0000000086900000| Untracked 
|  42|0x0000000086a00000, 0x0000000086a00000, 0x0000000086b00000|  0%| F|  |TAMS 0x0000000086a00000, 0x0000000086a00000| Untracked 
|  43|0x0000000086b00000, 0x0000000086b00000, 0x0000000086c00000|  0%| F|  |TAMS 0x0000000086b00000, 0x0000000086b00000| Untracked 
|  44|0x0000000086c00000, 0x0000000086c00000, 0x0000000086d00000|  0%| F|  |TAMS 0x0000000086c00000, 0x0000000086c00000| Untracked 
|  45|0x0000000086d00000, 0x0000000086d00000, 0x0000000086e00000|  0%| F|  |TAMS 0x0000000086d00000, 0x0000000086d00000| Untracked 
|  46|0x0000000086e00000, 0x0000000086e00000, 0x0000000086f00000|  0%| F|  |TAMS 0x0000000086e00000, 0x0000000086e00000| Untracked 
|  47|0x0000000086f00000, 0x0000000086f00000, 0x0000000087000000|  0%| F|  |TAMS 0x0000000086f00000, 0x0000000086f00000| Untracked 
|  48|0x0000000087000000, 0x0000000087000000, 0x0000000087100000|  0%| F|  |TAMS 0x0000000087000000, 0x0000000087000000| Untracked 
|  49|0x0000000087100000, 0x0000000087100000, 0x0000000087200000|  0%| F|  |TAMS 0x0000000087100000, 0x0000000087100000| Untracked 
|  50|0x0000000087200000, 0x0000000087200000, 0x0000000087300000|  0%| F|  |TAMS 0x0000000087200000, 0x0000000087200000| Untracked 
|  51|0x0000000087300000, 0x0000000087300000, 0x0000000087400000|  0%| F|  |TAMS 0x0000000087300000, 0x0000000087300000| Untracked 
|  52|0x0000000087400000, 0x0000000087400000, 0x0000000087500000|  0%| F|  |TAMS 0x0000000087400000, 0x0000000087400000| Untracked 
|  53|0x0000000087500000, 0x0000000087500000, 0x0000000087600000|  0%| F|  |TAMS 0x0000000087500000, 0x0000000087500000| Untracked 
|  54|0x0000000087600000, 0x0000000087600000, 0x0000000087700000|  0%| F|  |TAMS 0x0000000087600000, 0x0000000087600000| Untracked 
|  55|0x0000000087700000, 0x0000000087700000, 0x0000000087800000|  0%| F|  |TAMS 0x0000000087700000, 0x0000000087700000| Untracked 
|  56|0x0000000087800000, 0x0000000087800000, 0x0000000087900000|  0%| F|  |TAMS 0x0000000087800000, 0x0000000087800000| Untracked 
|  57|0x0000000087900000, 0x0000000087900000, 0x0000000087a00000|  0%| F|  |TAMS 0x0000000087900000, 0x0000000087900000| Untracked 
|  58|0x0000000087a00000, 0x0000000087a00000, 0x0000000087b00000|  0%| F|  |TAMS 0x0000000087a00000, 0x0000000087a00000| Untracked 
|  59|0x0000000087b00000, 0x0000000087b00000, 0x0000000087c00000|  0%| F|  |TAMS 0x0000000087b00000, 0x0000000087b00000| Untracked 
|  60|0x0000000087c00000, 0x0000000087c00000, 0x0000000087d00000|  0%| F|  |TAMS 0x0000000087c00000, 0x0000000087c00000| Untracked 
|  61|0x0000000087d00000, 0x0000000087d00000, 0x0000000087e00000|  0%| F|  |TAMS 0x0000000087d00000, 0x0000000087d00000| Untracked 
|  62|0x0000000087e00000, 0x0000000087e00000, 0x0000000087f00000|  0%| F|  |TAMS 0x0000000087e00000, 0x0000000087e00000| Untracked 
|  63|0x0000000087f00000, 0x0000000087f00000, 0x0000000088000000|  0%| F|  |TAMS 0x0000000087f00000, 0x0000000087f00000| Untracked 
|  64|0x0000000088000000, 0x0000000088000000, 0x0000000088100000|  0%| F|  |TAMS 0x0000000088000000, 0x0000000088000000| Untracked 
|  65|0x0000000088100000, 0x0000000088100000, 0x0000000088200000|  0%| F|  |TAMS 0x0000000088100000, 0x0000000088100000| Untracked 
|  66|0x0000000088200000, 0x0000000088200000, 0x0000000088300000|  0%| F|  |TAMS 0x0000000088200000, 0x0000000088200000| Untracked 
|  67|0x0000000088300000, 0x0000000088300000, 0x0000000088400000|  0%| F|  |TAMS 0x0000000088300000, 0x0000000088300000| Untracked 
|  68|0x0000000088400000, 0x0000000088400000, 0x0000000088500000|  0%| F|  |TAMS 0x0000000088400000, 0x0000000088400000| Untracked 
|  69|0x0000000088500000, 0x0000000088500000, 0x0000000088600000|  0%| F|  |TAMS 0x0000000088500000, 0x0000000088500000| Untracked 
|  70|0x0000000088600000, 0x0000000088600000, 0x0000000088700000|  0%| F|  |TAMS 0x0000000088600000, 0x0000000088600000| Untracked 
|  71|0x0000000088700000, 0x0000000088798b70, 0x0000000088800000| 59%| S|CS|TAMS 0x0000000088700000, 0x0000000088700000| Complete 
|  72|0x0000000088800000, 0x0000000088900000, 0x0000000088900000|100%| S|CS|TAMS 0x0000000088800000, 0x0000000088800000| Complete 
|  73|0x0000000088900000, 0x0000000088a00000, 0x0000000088a00000|100%| S|CS|TAMS 0x0000000088900000, 0x0000000088900000| Complete 
|  74|0x0000000088a00000, 0x0000000088b00000, 0x0000000088b00000|100%| S|CS|TAMS 0x0000000088a00000, 0x0000000088a00000| Complete 
|  75|0x0000000088b00000, 0x0000000088b00000, 0x0000000088c00000|  0%| F|  |TAMS 0x0000000088b00000, 0x0000000088b00000| Untracked 
|  76|0x0000000088c00000, 0x0000000088c00000, 0x0000000088d00000|  0%| F|  |TAMS 0x0000000088c00000, 0x0000000088c00000| Untracked 
|  77|0x0000000088d00000, 0x0000000088d00000, 0x0000000088e00000|  0%| F|  |TAMS 0x0000000088d00000, 0x0000000088d00000| Untracked 
|  78|0x0000000088e00000, 0x0000000088e00000, 0x0000000088f00000|  0%| F|  |TAMS 0x0000000088e00000, 0x0000000088e00000| Untracked 
|  79|0x0000000088f00000, 0x0000000088f00000, 0x0000000089000000|  0%| F|  |TAMS 0x0000000088f00000, 0x0000000088f00000| Untracked 
|  80|0x0000000089000000, 0x0000000089000000, 0x0000000089100000|  0%| F|  |TAMS 0x0000000089000000, 0x0000000089000000| Untracked 
|  81|0x0000000089100000, 0x0000000089100000, 0x0000000089200000|  0%| F|  |TAMS 0x0000000089100000, 0x0000000089100000| Untracked 
|  82|0x0000000089200000, 0x0000000089200000, 0x0000000089300000|  0%| F|  |TAMS 0x0000000089200000, 0x0000000089200000| Untracked 
|  83|0x0000000089300000, 0x0000000089380800, 0x0000000089400000| 50%| E|  |TAMS 0x0000000089300000, 0x0000000089300000| Complete 
|  84|0x0000000089400000, 0x0000000089500000, 0x0000000089500000|100%| E|CS|TAMS 0x0000000089400000, 0x0000000089400000| Complete 
|  85|0x0000000089500000, 0x0000000089600000, 0x0000000089600000|100%| E|CS|TAMS 0x0000000089500000, 0x0000000089500000| Complete 
|  86|0x0000000089600000, 0x0000000089700000, 0x0000000089700000|100%| E|CS|TAMS 0x0000000089600000, 0x0000000089600000| Complete 
|  87|0x0000000089700000, 0x0000000089800000, 0x0000000089800000|100%| E|CS|TAMS 0x0000000089700000, 0x0000000089700000| Complete 
|  88|0x0000000089800000, 0x0000000089900000, 0x0000000089900000|100%| E|CS|TAMS 0x0000000089800000, 0x0000000089800000| Complete 
|  89|0x0000000089900000, 0x0000000089a00000, 0x0000000089a00000|100%| E|CS|TAMS 0x0000000089900000, 0x0000000089900000| Complete 
|  90|0x0000000089a00000, 0x0000000089b00000, 0x0000000089b00000|100%| E|CS|TAMS 0x0000000089a00000, 0x0000000089a00000| Complete 
|  91|0x0000000089b00000, 0x0000000089c00000, 0x0000000089c00000|100%| E|CS|TAMS 0x0000000089b00000, 0x0000000089b00000| Complete 
|  92|0x0000000089c00000, 0x0000000089d00000, 0x0000000089d00000|100%| E|CS|TAMS 0x0000000089c00000, 0x0000000089c00000| Complete 
|  93|0x0000000089d00000, 0x0000000089e00000, 0x0000000089e00000|100%| E|CS|TAMS 0x0000000089d00000, 0x0000000089d00000| Complete 
|  94|0x0000000089e00000, 0x0000000089f00000, 0x0000000089f00000|100%| E|CS|TAMS 0x0000000089e00000, 0x0000000089e00000| Complete 
|  95|0x0000000089f00000, 0x000000008a000000, 0x000000008a000000|100%| E|CS|TAMS 0x0000000089f00000, 0x0000000089f00000| Complete 
|  96|0x000000008a000000, 0x000000008a100000, 0x000000008a100000|100%| E|CS|TAMS 0x000000008a000000, 0x000000008a000000| Complete 
|  97|0x000000008a100000, 0x000000008a200000, 0x000000008a200000|100%| E|CS|TAMS 0x000000008a100000, 0x000000008a100000| Complete 
|  98|0x000000008a200000, 0x000000008a300000, 0x000000008a300000|100%| E|CS|TAMS 0x000000008a200000, 0x000000008a200000| Complete 
|  99|0x000000008a300000, 0x000000008a400000, 0x000000008a400000|100%| E|CS|TAMS 0x000000008a300000, 0x000000008a300000| Complete 
| 100|0x000000008a400000, 0x000000008a500000, 0x000000008a500000|100%| E|CS|TAMS 0x000000008a400000, 0x000000008a400000| Complete 
| 101|0x000000008a500000, 0x000000008a600000, 0x000000008a600000|100%| E|CS|TAMS 0x000000008a500000, 0x000000008a500000| Complete 
| 102|0x000000008a600000, 0x000000008a700000, 0x000000008a700000|100%| E|CS|TAMS 0x000000008a600000, 0x000000008a600000| Complete 
| 103|0x000000008a700000, 0x000000008a800000, 0x000000008a800000|100%| E|CS|TAMS 0x000000008a700000, 0x000000008a700000| Complete 
| 104|0x000000008a800000, 0x000000008a900000, 0x000000008a900000|100%| E|CS|TAMS 0x000000008a800000, 0x000000008a800000| Complete 
| 105|0x000000008a900000, 0x000000008aa00000, 0x000000008aa00000|100%| E|CS|TAMS 0x000000008a900000, 0x000000008a900000| Complete 
| 106|0x000000008aa00000, 0x000000008ab00000, 0x000000008ab00000|100%| E|CS|TAMS 0x000000008aa00000, 0x000000008aa00000| Complete 
| 107|0x000000008ab00000, 0x000000008ac00000, 0x000000008ac00000|100%| E|CS|TAMS 0x000000008ab00000, 0x000000008ab00000| Complete 
| 108|0x000000008ac00000, 0x000000008ad00000, 0x000000008ad00000|100%| E|CS|TAMS 0x000000008ac00000, 0x000000008ac00000| Complete 
| 109|0x000000008ad00000, 0x000000008ae00000, 0x000000008ae00000|100%| E|CS|TAMS 0x000000008ad00000, 0x000000008ad00000| Complete 
| 110|0x000000008ae00000, 0x000000008af00000, 0x000000008af00000|100%| E|CS|TAMS 0x000000008ae00000, 0x000000008ae00000| Complete 
| 111|0x000000008af00000, 0x000000008b000000, 0x000000008b000000|100%| E|CS|TAMS 0x000000008af00000, 0x000000008af00000| Complete 
| 112|0x000000008b000000, 0x000000008b100000, 0x000000008b100000|100%| E|CS|TAMS 0x000000008b000000, 0x000000008b000000| Complete 
| 113|0x000000008b100000, 0x000000008b200000, 0x000000008b200000|100%| E|CS|TAMS 0x000000008b100000, 0x000000008b100000| Complete 
| 114|0x000000008b200000, 0x000000008b300000, 0x000000008b300000|100%| E|CS|TAMS 0x000000008b200000, 0x000000008b200000| Complete 
| 115|0x000000008b300000, 0x000000008b400000, 0x000000008b400000|100%| E|CS|TAMS 0x000000008b300000, 0x000000008b300000| Complete 
| 116|0x000000008b400000, 0x000000008b500000, 0x000000008b500000|100%| E|CS|TAMS 0x000000008b400000, 0x000000008b400000| Complete 
| 117|0x000000008b500000, 0x000000008b600000, 0x000000008b600000|100%| E|CS|TAMS 0x000000008b500000, 0x000000008b500000| Complete 
| 118|0x000000008b600000, 0x000000008b700000, 0x000000008b700000|100%| E|CS|TAMS 0x000000008b600000, 0x000000008b600000| Complete 
| 119|0x000000008b700000, 0x000000008b800000, 0x000000008b800000|100%| E|CS|TAMS 0x000000008b700000, 0x000000008b700000| Complete 
| 120|0x000000008b800000, 0x000000008b900000, 0x000000008b900000|100%| E|CS|TAMS 0x000000008b800000, 0x000000008b800000| Complete 
| 121|0x000000008b900000, 0x000000008ba00000, 0x000000008ba00000|100%| E|CS|TAMS 0x000000008b900000, 0x000000008b900000| Complete 
| 122|0x000000008ba00000, 0x000000008bb00000, 0x000000008bb00000|100%| E|CS|TAMS 0x000000008ba00000, 0x000000008ba00000| Complete 
| 123|0x000000008bb00000, 0x000000008bc00000, 0x000000008bc00000|100%| E|CS|TAMS 0x000000008bb00000, 0x000000008bb00000| Complete 

Card table byte_map: [0x000001b845e80000,0x000001b846260000] _byte_map_base: 0x000001b845a60000

Marking Bits (Prev, Next): (CMBitMap*) 0x000001b82f0dc550, (CMBitMap*) 0x000001b82f0dc518
 Prev Bits: [0x000001b848540000, 0x000001b84a440000)
 Next Bits: [0x000001b846640000, 0x000001b848540000)

Polling page: 0x000001b82e860000

Metaspace:

Usage:
  Non-class:     25.79 MB capacity,    25.00 MB ( 97%) used,   659.46 KB (  2%) free+waste,   149.94 KB ( <1%) overhead. 
      Class:      3.80 MB capacity,     3.23 MB ( 85%) used,   505.58 KB ( 13%) free+waste,    77.00 KB (  2%) overhead. 
       Both:     29.59 MB capacity,    28.23 MB ( 95%) used,     1.14 MB (  4%) free+waste,   226.94 KB ( <1%) overhead. 

Virtual space:
  Non-class space:       26.00 MB reserved,      26.00 MB (100%) committed 
      Class space:        1.00 GB reserved,       3.88 MB ( <1%) committed 
             Both:        1.03 GB reserved,      29.88 MB (  3%) committed 

Chunk freelists:
   Non-Class:  3.00 KB
       Class:  1.75 KB
        Both:  4.75 KB

CodeHeap 'non-profiled nmethods': size=120000Kb used=1324Kb max_used=1324Kb free=118676Kb
 bounds [0x000001b83e240000, 0x000001b83e4b0000, 0x000001b845770000]
CodeHeap 'profiled nmethods': size=120000Kb used=6782Kb max_used=6782Kb free=113217Kb
 bounds [0x000001b836d10000, 0x000001b8373b0000, 0x000001b83e240000]
CodeHeap 'non-nmethods': size=5760Kb used=1222Kb max_used=1248Kb free=4537Kb
 bounds [0x000001b836770000, 0x000001b8369e0000, 0x000001b836d10000]
 total_blobs=3916 nmethods=3341 adapters=486
 compilation: enabled
              stopped_count=0, restarted_count=0
 full_count=0

Compilation events (10 events):
Event: 24.789 Thread 0x000001b84d72c000 nmethod 3283 0x000001b837386610 code [0x000001b8373870a0, 0x000001b83738d1c8]
Event: 24.789 Thread 0x000001b84d72c000 3287       3       java.util.LinkedList::<init> (10 bytes)
Event: 24.790 Thread 0x000001b84d72c000 nmethod 3287 0x000001b83738f910 code [0x000001b83738fac0, 0x000001b83738fd38]
Event: 24.790 Thread 0x000001b84d72c000 3292       3       org.testng.remote.RemoteTestNG::isDebug (20 bytes)
Event: 24.790 Thread 0x000001b84d72c000 nmethod 3292 0x000001b83738fe90 code [0x000001b8373900a0, 0x000001b837390698]
Event: 24.790 Thread 0x000001b84d72c000 3288       3       java.util.AbstractSequentialList::<init> (5 bytes)
Event: 24.790 Thread 0x000001b84d72c000 nmethod 3288 0x000001b837390890 code [0x000001b837390a40, 0x000001b837390c58]
Event: 24.790 Thread 0x000001b84d72c000 3284  s    3       java.lang.Throwable::fillInStackTrace (29 bytes)
Event: 24.790 Thread 0x000001b84d72c000 nmethod 3284 0x000001b837390d90 code [0x000001b837390f40, 0x000001b8373912e8]
Event: 24.790 Thread 0x000001b84d72c000 3286       3       java.lang.Long::valueOf (40 bytes)

GC Heap History (6 events):
Event: 0.839 GC heap before
{Heap before GC invocations=0 (full 0):
 garbage-first heap   total 126976K, used 24576K [0x0000000084000000, 0x0000000100000000)
  region size 1024K, 24 young (24576K), 0 survivors (0K)
 Metaspace       used 13484K, capacity 13887K, committed 14080K, reserved 1062912K
  class space    used 1358K, capacity 1493K, committed 1536K, reserved 1048576K
}
Event: 0.846 GC heap after
{Heap after GC invocations=1 (full 0):
 garbage-first heap   total 126976K, used 7616K [0x0000000084000000, 0x0000000100000000)
  region size 1024K, 3 young (3072K), 3 survivors (3072K)
 Metaspace       used 13484K, capacity 13887K, committed 14080K, reserved 1062912K
  class space    used 1358K, capacity 1493K, committed 1536K, reserved 1048576K
}
Event: 1.004 GC heap before
{Heap before GC invocations=1 (full 0):
 garbage-first heap   total 126976K, used 31168K [0x0000000084000000, 0x0000000100000000)
  region size 1024K, 26 young (26624K), 3 survivors (3072K)
 Metaspace       used 14640K, capacity 15072K, committed 15232K, reserved 1062912K
  class space    used 1493K, capacity 1654K, committed 1664K, reserved 1048576K
}
Event: 1.007 GC heap after
{Heap after GC invocations=2 (full 0):
 garbage-first heap   total 126976K, used 8282K [0x0000000084000000, 0x0000000100000000)
  region size 1024K, 1 young (1024K), 1 survivors (1024K)
 Metaspace       used 14640K, capacity 15072K, committed 15232K, reserved 1062912K
  class space    used 1493K, capacity 1654K, committed 1664K, reserved 1048576K
}
Event: 3.565 GC heap before
{Heap before GC invocations=2 (full 0):
 garbage-first heap   total 126976K, used 56410K [0x0000000084000000, 0x0000000100000000)
  region size 1024K, 49 young (50176K), 1 survivors (1024K)
 Metaspace       used 20459K, capacity 21174K, committed 21248K, reserved 1069056K
  class space    used 2204K, capacity 2532K, committed 2560K, reserved 1048576K
}
Event: 3.571 GC heap after
{Heap after GC invocations=3 (full 0):
 garbage-first heap   total 126976K, used 11113K [0x0000000084000000, 0x0000000100000000)
  region size 1024K, 4 young (4096K), 4 survivors (4096K)
 Metaspace       used 20459K, capacity 21174K, committed 21248K, reserved 1069056K
  class space    used 2204K, capacity 2532K, committed 2560K, reserved 1048576K
}

Deoptimization events (10 events):
Event: 4.014 Thread 0x000001b82f09d000 Uncommon trap: reason=unstable_if action=reinterpret pc=0x000001b83e325684 method=java.util.regex.Pattern$BmpCharProperty.match(Ljava/util/regex/Matcher;ILjava/lang/CharSequence;)Z @ 5 c2
Event: 4.014 Thread 0x000001b82f09d000 Uncommon trap: reason=class_check action=maybe_recompile pc=0x000001b83e3351e0 method=java.util.regex.Matcher.search(I)Z @ 121 c2
Event: 4.014 Thread 0x000001b82f09d000 Uncommon trap: reason=class_check action=maybe_recompile pc=0x000001b83e3351e0 method=java.util.regex.Matcher.search(I)Z @ 121 c2
Event: 4.014 Thread 0x000001b82f09d000 Uncommon trap: reason=class_check action=maybe_recompile pc=0x000001b83e3351e0 method=java.util.regex.Matcher.search(I)Z @ 121 c2
Event: 4.110 Thread 0x000001b82f09d000 Uncommon trap: reason=unstable_if action=reinterpret pc=0x000001b83e347898 method=java.io.ByteArrayInputStream.read([BII)I @ 35 c2
Event: 4.112 Thread 0x000001b82f09d000 Uncommon trap: reason=unstable_if action=reinterpret pc=0x000001b83e314af8 method=java.util.concurrent.ConcurrentHashMap.computeIfAbsent(Ljava/lang/Object;Ljava/util/function/Function;)Ljava/lang/Object; @ 312 c2
Event: 4.146 Thread 0x000001b84e89d000 Uncommon trap: reason=unstable_if action=reinterpret pc=0x000001b83e333fb0 method=java.util.Arrays.hashCode([Ljava/lang/Object;)I @ 34 c2
Event: 4.164 Thread 0x000001b84e978800 Uncommon trap: reason=unstable_if action=reinterpret pc=0x000001b83e31b7a8 method=java.util.concurrent.ConcurrentHashMap.get(Ljava/lang/Object;)Ljava/lang/Object; @ 86 c2
Event: 4.164 Thread 0x000001b84e978800 Uncommon trap: reason=unstable_if action=reinterpret pc=0x000001b83e310020 method=java.util.concurrent.ConcurrentHashMap.get(Ljava/lang/Object;)Ljava/lang/Object; @ 86 c2
Event: 15.407 Thread 0x000001b82f09d000 Uncommon trap: reason=unstable_if action=reinterpret pc=0x000001b83e2e9d78 method=java.util.concurrent.ConcurrentHashMap.putVal(Ljava/lang/Object;Ljava/lang/Object;Z)Ljava/lang/Object; @ 231 c2

Classes redefined (0 events):
No events

Internal exceptions (10 events):
Event: 4.139 Thread 0x000001b84e89d000 Exception <a 'java/lang/NoSuchMethodError'{0x000000008ac93b18}: java.lang.invoke.DirectMethodHandle$Holder.invokeSpecial(Ljava/lang/Object;Ljava/lang/Object;Ljava/lang/Object;Ljava/lang/Object;I)Ljava/lang/Object;> (0x000000008ac93b18) thrown at [./open/s
Event: 4.140 Thread 0x000001b84e89d000 Exception <a 'java/lang/NoSuchMethodError'{0x000000008ac96b78}: java.lang.invoke.Invokers$Holder.linkToTargetMethod(Ljava/lang/Object;Ljava/lang/Object;ILjava/lang/Object;)Ljava/lang/Object;> (0x000000008ac96b78) thrown at [./open/src/hotspot/share/interp
Event: 4.146 Thread 0x000001b84e89d000 Implicit null exception at 0x000001b83e333eec to 0x000001b83e333f94
Event: 4.153 Thread 0x000001b84e89d000 Exception <a 'java/lang/NoSuchMethodError'{0x000000008aceeef0}: java.lang.invoke.DirectMethodHandle$Holder.invokeSpecial(Ljava/lang/Object;Ljava/lang/Object;Ljava/lang/Object;Ljava/lang/Object;Ljava/lang/Object;)V> (0x000000008aceeef0) thrown at [./open/s
Event: 4.156 Thread 0x000001b84e89d000 Exception <a 'java/lang/NoSuchMethodError'{0x000000008ab12af0}: java.lang.invoke.DirectMethodHandle$Holder.invokeStatic(Ljava/lang/Object;JJ)J> (0x000000008ab12af0) thrown at [./open/src/hotspot/share/interpreter/linkResolver.cpp, line 772]
Event: 15.368 Thread 0x000001b84e89b800 Exception <a 'java/lang/NoSuchMethodError'{0x000000008aa70828}: java.lang.invoke.DirectMethodHandle$Holder.invokeSpecial(Ljava/lang/Object;Ljava/lang/Object;Ljava/lang/Object;Ljava/lang/Object;Ljava/lang/Object;Ljava/lang/Object;Ljava/lang/Object;)V> (0x0
Event: 15.379 Thread 0x000001b82f09d000 Exception <a 'java/lang/NoSuchMethodError'{0x000000008ad60f28}: java.lang.invoke.DirectMethodHandle$Holder.invokeSpecialIFC(Ljava/lang/Object;Ljava/lang/Object;Ljava/lang/Object;)Ljava/lang/Object;> (0x000000008ad60f28) thrown at [./open/src/hotspot/share
Event: 16.488 Thread 0x000001b82f09d000 Exception <a 'java/lang/ClassNotFoundException'{0x000000008a6a3f40}: sun/util/logging/resources/spi/loggingProvider> (0x000000008a6a3f40) thrown at [./open/src/hotspot/share/classfile/systemDictionary.cpp, line 226]
Event: 16.510 Thread 0x000001b82f09d000 Exception <a 'java/lang/NoSuchMethodError'{0x000000008a590368}: java.lang.invoke.DirectMethodHandle$Holder.invokeStatic(Ljava/lang/Object;Ljava/lang/Object;Ljava/lang/Object;Ljava/lang/Object;Ljava/lang/Object;Ljava/lang/Object;I)Ljava/lang/Object;> (0x00
Event: 16.513 Thread 0x000001b82f09d000 Exception <a 'java/lang/reflect/InvocationTargetException'{0x000000008a5fd508}> (0x000000008a5fd508) thrown at [./open/src/hotspot/share/runtime/reflection.cpp, line 1240]

Events (10 events):
Event: 21.756 Thread 0x000001b82f09d000 DEOPT PACKING pc=0x000001b8372de66f sp=0x00000021b74fe330
Event: 21.756 Thread 0x000001b82f09d000 DEOPT UNPACKING pc=0x000001b836797b8e sp=0x00000021b74fd848 mode 0
Event: 21.759 Thread 0x000001b82f09d000 DEOPT PACKING pc=0x000001b8372de66f sp=0x00000021b74fe330
Event: 21.759 Thread 0x000001b82f09d000 DEOPT UNPACKING pc=0x000001b836797b8e sp=0x00000021b74fd848 mode 0
Event: 21.762 Thread 0x000001b82f09d000 DEOPT PACKING pc=0x000001b8372de66f sp=0x00000021b74fe330
Event: 21.762 Thread 0x000001b82f09d000 DEOPT UNPACKING pc=0x000001b836797b8e sp=0x00000021b74fd848 mode 0
Event: 21.765 Thread 0x000001b82f09d000 DEOPT PACKING pc=0x000001b8372de66f sp=0x00000021b74fe330
Event: 21.765 Thread 0x000001b82f09d000 DEOPT UNPACKING pc=0x000001b836797b8e sp=0x00000021b74fd848 mode 0
Event: 24.790 Thread 0x000001b82f09d000 DEOPT PACKING pc=0x000001b8372de66f sp=0x00000021b74fe330
Event: 24.790 Thread 0x000001b82f09d000 DEOPT UNPACKING pc=0x000001b836797b8e sp=0x00000021b74fd848 mode 0


Dynamic libraries:
0x00007ff761c50000 - 0x00007ff761c60000 	C:\Program Files\Java\jdk-11\bin\javaw.exe
0x00007ffe9cd20000 - 0x00007ffe9cf86000 	C:\WINDOWS\SYSTEM32\ntdll.dll
0x00007ffe9c450000 - 0x00007ffe9c519000 	C:\WINDOWS\System32\KERNEL32.DLL
0x00007ffe9a2e0000 - 0x00007ffe9a6df000 	C:\WINDOWS\System32\KERNELBASE.dll
0x00007ffe9a8f0000 - 0x00007ffe9aa3c000 	C:\WINDOWS\System32\ucrtbase.dll
0x00007ffe89530000 - 0x00007ffe89549000 	C:\Program Files\Java\jdk-11\bin\jli.dll
0x00007ffe9b930000 - 0x00007ffe9b9ec000 	C:\WINDOWS\System32\ADVAPI32.dll
0x00007ffe88dd0000 - 0x00007ffe88deb000 	C:\Program Files\Java\jdk-11\bin\VCRUNTIME140.dll
0x00007ffe9b2a0000 - 0x00007ffe9b349000 	C:\WINDOWS\System32\msvcrt.dll
0x00007ffe9aa50000 - 0x00007ffe9aafa000 	C:\WINDOWS\System32\sechost.dll
0x00007ffe9b450000 - 0x00007ffe9b568000 	C:\WINDOWS\System32\RPCRT4.dll
0x00007ffe9b760000 - 0x00007ffe9b926000 	C:\WINDOWS\System32\USER32.dll
0x00007ffe9a2b0000 - 0x00007ffe9a2d7000 	C:\WINDOWS\System32\win32u.dll
0x00007ffe7d6e0000 - 0x00007ffe7d971000 	C:\WINDOWS\WinSxS\amd64_microsoft.windows.common-controls_6595b64144ccf1df_6.0.26100.8972_none_3e0da176e32f9d4b\COMCTL32.dll
0x00007ffe9c940000 - 0x00007ffe9c96b000 	C:\WINDOWS\System32\GDI32.dll
0x00007ffe9a180000 - 0x00007ffe9a2a9000 	C:\WINDOWS\System32\gdi32full.dll
0x00007ffe9a840000 - 0x00007ffe9a8e3000 	C:\WINDOWS\System32\msvcp_win.dll
0x00007ffe88670000 - 0x00007ffe8867b000 	C:\WINDOWS\SYSTEM32\VERSION.dll
0x00007ffe9c400000 - 0x00007ffe9c432000 	C:\WINDOWS\System32\IMM32.DLL
0x00007ffe86dc0000 - 0x00007ffe86dcc000 	C:\Program Files\Java\jdk-11\bin\vcruntime140_1.dll
0x00007ffe84460000 - 0x00007ffe844ee000 	C:\Program Files\Java\jdk-11\bin\msvcp140.dll
0x00007ffe1fd70000 - 0x00007ffe208dd000 	C:\Program Files\Java\jdk-11\bin\server\jvm.dll
0x00007ffe9ab00000 - 0x00007ffe9ab08000 	C:\WINDOWS\System32\PSAPI.DLL
0x00007ffe75a30000 - 0x00007ffe75a3a000 	C:\WINDOWS\SYSTEM32\WSOCK32.dll
0x00007ffe90c90000 - 0x00007ffe90cc6000 	C:\WINDOWS\SYSTEM32\WINMM.dll
0x00007ffe9c690000 - 0x00007ffe9c712000 	C:\WINDOWS\System32\WS2_32.dll
0x00007ffe98c20000 - 0x00007ffe98c3b000 	C:\WINDOWS\SYSTEM32\kernel.appcore.dll
0x00007ffe86a10000 - 0x00007ffe86a20000 	C:\Program Files\Java\jdk-11\bin\verify.dll
0x00007ffe973f0000 - 0x00007ffe97632000 	C:\WINDOWS\SYSTEM32\DBGHELP.DLL
0x00007ffe9bbe0000 - 0x00007ffe9bf65000 	C:\WINDOWS\System32\combase.dll
0x00007ffe9c720000 - 0x00007ffe9c7f9000 	C:\WINDOWS\System32\OLEAUT32.dll
0x00007ffe75850000 - 0x00007ffe7588b000 	C:\WINDOWS\SYSTEM32\dbgcore.DLL
0x00007ffe99f30000 - 0x00007ffe99fdc000 	C:\WINDOWS\System32\bcryptPrimitives.dll
0x00007ffe84430000 - 0x00007ffe84458000 	C:\Program Files\Java\jdk-11\bin\java.dll
0x00007ffe86a00000 - 0x00007ffe86a0a000 	C:\Program Files\Java\jdk-11\bin\jimage.dll
0x00007ffe86260000 - 0x00007ffe86277000 	C:\Program Files\Java\jdk-11\bin\zip.dll
0x00007ffe9ab10000 - 0x00007ffe9b298000 	C:\WINDOWS\System32\SHELL32.dll
0x00007ffe979c0000 - 0x00007ffe9825b000 	C:\WINDOWS\SYSTEM32\windows.storage.dll
0x00007ffe9b630000 - 0x00007ffe9b729000 	C:\WINDOWS\System32\SHCORE.dll
0x00007ffe9b3e0000 - 0x00007ffe9b446000 	C:\WINDOWS\System32\shlwapi.dll
0x00007ffe99e50000 - 0x00007ffe99e79000 	C:\WINDOWS\SYSTEM32\profapi.dll
0x00007ffe86030000 - 0x00007ffe86049000 	C:\Program Files\Java\jdk-11\bin\net.dll
0x00007ffe929f0000 - 0x00007ffe92b18000 	C:\WINDOWS\SYSTEM32\WINHTTP.dll
0x00007ffe991d0000 - 0x00007ffe9923c000 	C:\WINDOWS\system32\mswsock.dll
0x00007ffe84ea0000 - 0x00007ffe84eb2000 	C:\Program Files\Java\jdk-11\bin\nio.dll
0x00007ffe986c0000 - 0x00007ffe98818000 	C:\WINDOWS\SYSTEM32\DNSAPI.dll
0x00007ffe98fb0000 - 0x00007ffe98fbd000 	C:\WINDOWS\SYSTEM32\DSPARSE.dll
0x00007ffe985b0000 - 0x00007ffe985e3000 	C:\WINDOWS\SYSTEM32\IPHLPAPI.DLL
0x00007ffe9c440000 - 0x00007ffe9c44a000 	C:\WINDOWS\System32\NSI.dll
0x00007ffe92df0000 - 0x00007ffe92dfb000 	C:\Windows\System32\rasadhlp.dll
0x00007ffe934e0000 - 0x00007ffe93566000 	C:\WINDOWS\System32\fwpuclnt.dll
0x00007ffe994e0000 - 0x00007ffe994fb000 	C:\WINDOWS\SYSTEM32\CRYPTSP.dll
0x00007ffe98b80000 - 0x00007ffe98bb9000 	C:\WINDOWS\system32\rsaenh.dll
0x00007ffe99280000 - 0x00007ffe992b2000 	C:\WINDOWS\SYSTEM32\USERENV.dll
0x00007ffe99e20000 - 0x00007ffe99e4a000 	C:\WINDOWS\SYSTEM32\bcrypt.dll
0x00007ffe994c0000 - 0x00007ffe994cc000 	C:\WINDOWS\SYSTEM32\CRYPTBASE.dll
0x00007ffe931e0000 - 0x00007ffe931fd000 	C:\WINDOWS\SYSTEM32\dhcpcsvc6.DLL
0x00007ffe931b0000 - 0x00007ffe931d5000 	C:\WINDOWS\SYSTEM32\dhcpcsvc.DLL
0x00007ffe86870000 - 0x00007ffe86879000 	C:\Program Files\Java\jdk-11\bin\management.dll
0x00007ffe864e0000 - 0x00007ffe864eb000 	C:\Program Files\Java\jdk-11\bin\management_ext.dll
0x00007ffe863c0000 - 0x00007ffe863ce000 	C:\Program Files\Java\jdk-11\bin\sunmscapi.dll
0x00007ffe99ff0000 - 0x00007ffe9a16e000 	C:\WINDOWS\System32\CRYPT32.dll
0x00007ffe99700000 - 0x00007ffe99730000 	C:\WINDOWS\SYSTEM32\ncrypt.dll
0x00007ffe996b0000 - 0x00007ffe996ef000 	C:\WINDOWS\SYSTEM32\NTASN1.dll
0x00007ffe84400000 - 0x00007ffe84427000 	C:\Program Files\Java\jdk-11\bin\sunec.dll

dbghelp: loaded successfully - version: 4.0.5 - missing functions: none
symbol engine: initialized successfully - sym options: 0x614 - pdb path: .;C:\Program Files\Java\jdk-11\bin;C:\WINDOWS\SYSTEM32;C:\WINDOWS\WinSxS\amd64_microsoft.windows.common-controls_6595b64144ccf1df_6.0.26100.8972_none_3e0da176e32f9d4b;C:\Program Files\Java\jdk-11\bin\server

VM Arguments:
jvm_args: -ea -Dfile.encoding=UTF-8 -Dstdout.encoding=UTF-8 -Dstderr.encoding=UTF-8 
java_command: org.testng.remote.RemoteTestNG -serport 50880 -protocol json -d C:\Users\Rajeev nandi\git\Main\Main\Octopussaas_main_Framework\test-output C:\Users\Rajeev nandi\AppData\Local\Temp\testng-eclipse-1879361183\testng-customsuite.xml
java_class_path (initial): C:\Users\Rajeev nandi\eclipse\java-2026-03\eclipse\configuration\org.eclipse.osgi\533\0\.cp\lib\testng-remote.jar;C:\Users\Rajeev nandi\git\Main\Main\Octopussaas_main_Framework\target\test-classes;C:\Users\Rajeev nandi\git\Main\Main\Octopussaas_main_Framework\target\classes;C:\Users\Rajeev nandi\.m2\repository\org\seleniumhq\selenium\selenium-java\4.34.0\selenium-java-4.34.0.jar;C:\Users\Rajeev nandi\.m2\repository\org\seleniumhq\selenium\selenium-api\4.34.0\selenium-api-4.34.0.jar;C:\Users\Rajeev nandi\.m2\repository\org\jspecify\jspecify\1.0.0\jspecify-1.0.0.jar;C:\Users\Rajeev nandi\.m2\repository\org\seleniumhq\selenium\selenium-chrome-driver\4.34.0\selenium-chrome-driver-4.34.0.jar;C:\Users\Rajeev nandi\.m2\repository\com\google\auto\service\auto-service-annotations\1.1.1\auto-service-annotations-1.1.1.jar;C:\Users\Rajeev nandi\.m2\repository\org\seleniumhq\selenium\selenium-chromium-driver\4.34.0\selenium-chromium-driver-4.34.0.jar;C:\Users\Rajeev nandi\.m2\repository\org\seleniumhq\selenium\selenium-json\4.34.0\selenium-json-4.34.0.jar;C:\Users\Rajeev nandi\.m2\repository\org\seleniumhq\selenium\selenium-manager\4.34.0\selenium-manager-4.34.0.jar;C:\Users\Rajeev nandi\.m2\repository\org\seleniumhq\selenium\selenium-devtools-v136\4.34.0\selenium-devtools-v136-4.34.0.jar;C:\Users\Rajeev nandi\.m2\repository\org\seleniumhq\selenium\selenium-devtools-v137\4.34.0\selenium-devtools-v137-4.34.0.jar;C:\Users\Rajeev nandi\.m2\repository\org\seleniumhq\selenium\selenium-devtools-v138\4.34.0\selenium-devtools-v138-4.34.0.jar;C:\Users\Rajeev nandi\.m2\repository\org\seleniumhq\selenium\selenium-edge-driver\4.34.0\selenium-edge-driver-4.34.0.jar;C:\Users\Rajeev nandi\.m2\repository\org\seleniumhq\selenium\selenium-firefox-driver\4.34.0\selenium-firefox-driver-4.34.0.jar;C:\Users\Rajeev nandi\.m2\repository\org\seleniumhq\selenium\selenium-http\4.34.0\selenium-http-4.34.0.jar;C:\Users\Rajeev nandi\.m2\repository\org\seleniumhq\selenium\selenium
Launcher Type: SUN_STANDARD

[Global flags]
     intx CICompilerCount                          = 4                                         {product} {ergonomic}
     uint ConcGCThreads                            = 2                                         {product} {ergonomic}
     uint G1ConcRefinementThreads                  = 8                                         {product} {ergonomic}
   size_t G1HeapRegionSize                         = 1048576                                   {product} {ergonomic}
    uintx GCDrainStackTargetSize                   = 64                                        {product} {ergonomic}
   size_t InitialHeapSize                          = 130023424                                 {product} {ergonomic}
   size_t MarkStackSize                            = 4194304                                   {product} {ergonomic}
   size_t MaxHeapSize                              = 2080374784                                {product} {ergonomic}
   size_t MaxNewSize                               = 1247805440                                {product} {ergonomic}
   size_t MinHeapDeltaBytes                        = 1048576                                   {product} {ergonomic}
    uintx NonNMethodCodeHeapSize                   = 5836300                                {pd product} {ergonomic}
    uintx NonProfiledCodeHeapSize                  = 122910970                              {pd product} {ergonomic}
    uintx ProfiledCodeHeapSize                     = 122910970                              {pd product} {ergonomic}
    uintx ReservedCodeCacheSize                    = 251658240                              {pd product} {ergonomic}
     bool SegmentedCodeCache                       = true                                      {product} {ergonomic}
     bool UseCompressedClassPointers               = true                                 {lp64_product} {ergonomic}
     bool UseCompressedOops                        = true                                 {lp64_product} {ergonomic}
     bool UseG1GC                                  = true                                      {product} {ergonomic}
     bool UseLargePagesIndividualAllocation        = false                                  {pd product} {ergonomic}

Logging:
Log output configuration:
 #0: stdout all=warning uptime,level,tags
 #1: stderr all=off uptime,level,tags

Environment Variables:
JAVA_HOME=C:\Program Files\Java\jdk-17
PATH=C:\Python314\Scripts\;C:\Python314\;C:\app\Rajeevnandi2\product\11.2.0\dbhome_1\bin;C:\app\Rajeevnandi\product\11.2.0\dbhome_2\bin;C:\app\Rajeevnandi\product\11.2.0\dbhome_1\bin;C:\Program Files\Common Files\Oracle\Java\javapath;C:\WINDOWS\system32;C:\WINDOWS;C:\WINDOWS\System32\Wbem;C:\WINDOWS\System32\WindowsPowerShell\v1.0\;C:\WINDOWS\System32\OpenSSH\;C:\Program Files\dotnet\;C:\Program Files\Java\jdk-21\bin;C:\Program Files\Java\jdk-17\bin;D:\automation software\apache-maven-3.9.11-bin\apache-maven-3.9.11\bin;C:\ProgramData\chocolatey\bin;C:\Program Files\nodejs\;C:\Program Files\MySQL\MySQL Shell 8.0\bin\;C:\Users\Rajeev nandi\AppData\Local\Microsoft\WindowsApps;C:\Program Files\JetBrains\PyCharm 2023.2\bin;;C:\Users\Rajeev nandi\AppData\Local\Programs\Microsoft VS Code\bin;D:\automation software\apache-maven-3.9.11-bin\apache-maven-3.9.11\bin;C:\Users\Rajeev nandi\AppData\Roaming\npm
USERNAME=Rajeev nandi
OS=Windows_NT
PROCESSOR_IDENTIFIER=Intel64 Family 6 Model 140 Stepping 1, GenuineIntel



---------------  S Y S T E M  ---------------

OS: Windows 11 , 64 bit Build 26100 (10.0.26100.9168)
Hyper-V role detected

CPU:total 8 (initial active 8) (4 cores per cpu, 2 threads per core) family 6 model 140 stepping 1 microcode 0xbe, cmov, cx8, fxsr, mmx, sse, sse2, sse3, ssse3, sse4.1, sse4.2, popcnt, avx, avx2, aes, clmul, erms, 3dnowpref, lzcnt, ht, tsc, tscinvbit, bmi1, bmi2, adx, evex, sha, fma

Memory: 4k page, system-wide physical 7934M (256M free)
TotalPageFile size 32510M (AvailPageFile size 57M)
current process WorkingSet (physical memory assigned to process): 152M, peak: 159M
current process commit charge ("private bytes"): 254M, peak: 261M

vm_info: Java HotSpot(TM) 64-Bit Server VM (11.0.21+9-LTS-193) for windows-amd64 JRE (11.0.21+9-LTS-193), built on Sep 13 2023 11:04:38 by "mach5one" with MS VC++ 17.1 (VS2022)

END.
